172.17.101.84 - - [14/Jul/2014:16:04:38 +0200] "GET /ui/documents/extauth/documents/258640707/ HTTP/1.1" 302 5 "http://co.p4.org/details.aspx?sequenceID=328bba4825d348838a538b31a3ddbc31&id=53122937&class=CRQIncident&lockTimeout=-1&lockWarnTime=-1&framelevel=0" "Mozilla/5.0 (Windows NT 6.1) AppleWebKit/537.36 (KHTML, like Gecko) Chrome/35.0.1916.153 Safari/537.36"
172.17.101.84 - - [14/Jul/2014:16:04:38 +0200] "GET /styles/main.css?version=3.2014.24 HTTP/1.1" 200 35533 "http://p4altair.p4.org/ui/documents/extauth/documents/258640707/view/?fileNo=&version=&page=&zoom=&moveX=&moveY=" "Mozilla/5.0 (Windows NT 6.1) AppleWebKit/537.36 (KHTML, like Gecko) Chrome/35.0.1916.153 Safari/537.36"
172.17.101.84 - - [14/Jul/2014:16:04:38 +0200] "GET /styles/forms.css?version=3.2014.24 HTTP/1.1" 200 15586 "http://p4altair.p4.org/ui/documents/extauth/documents/258640707/view/?fileNo=&version=&page=&zoom=&moveX=&moveY=" "Mozilla/5.0 (Windows NT 6.1) AppleWebKit/537.36 (KHTML, like Gecko) Chrome/35.0.1916.153 Safari/537.36"
172.17.101.84 - - [14/Jul/2014:16:04:38 +0200] "GET /styles/default.css HTTP/1.1" 200 2827 "http://p4altair.p4.org/ui/documents/extauth/documents/258640707/view/?fileNo=&version=&page=&zoom=&moveX=&moveY=" "Mozilla/5.0 (Windows NT 6.1) AppleWebKit/537.36 (KHTML, like Gecko) Chrome/35.0.1916.153 Safari/537.36"
172.17.101.84 - - [14/Jul/2014:16:04:38 +0200] "GET /styles/mac_os_x.css HTTP/1.1" 200 3935 "http://p4altair.p4.org/ui/documents/extauth/documents/258640707/view/?fileNo=&version=&page=&zoom=&moveX=&moveY=" "Mozilla/5.0 (Windows NT 6.1) AppleWebKit/537.36 (KHTML, like Gecko) Chrome/35.0.1916.153 Safari/537.36"
172.17.101.84 - - [14/Jul/2014:16:04:38 +0200] "GET /styles/alert_lite.css HTTP/1.1" 200 1217 "http://p4altair.p4.org/ui/documents/extauth/documents/258640707/view/?fileNo=&version=&page=&zoom=&moveX=&moveY=" "Mozilla/5.0 (Windows NT 6.1) AppleWebKit/537.36 (KHTML, like Gecko) Chrome/35.0.1916.153 Safari/537.36"
172.17.101.247 - - [14/Jul/2014:16:04:38 +0200] "POST /ui/documents/categories/321/ HTTP/1.1" 302 5 "http://p4altair.p4.org/ui/documents/categories/321/" "Mozilla/4.0 (compatible; MSIE 7.0; Windows NT 6.1; Trident/7.0; SLCC2; .NET CLR 2.0.50727; .NET CLR 3.5.30729; .NET CLR 3.0.30729; Media Center PC 6.0)"
172.17.101.247 - - [14/Jul/2014:16:04:39 +0200] "GET /js/utils.js?version=3.2014.24 HTTP/1.1" 200 1675 "http://p4altair.p4.org/ui/documents/categories/321/result/?i40055=48534643917" "Mozilla/4.0 (compatible; MSIE 7.0; Windows NT 6.1; Trident/7.0; SLCC2; .NET CLR 2.0.50727; .NET CLR 3.5.30729; .NET CLR 3.0.30729; Media Center PC 6.0)"
172.17.101.247 - - [14/Jul/2014:16:04:39 +0200] "GET /js/printing.js?version=3.2014.24 HTTP/1.1" 200 3534 "http://p4altair.p4.org/ui/documents/categories/321/result/?i40055=48534643917" "Mozilla/4.0 (compatible; MSIE 7.0; Windows NT 6.1; Trident/7.0; SLCC2; .NET CLR 2.0.50727; .NET CLR 3.5.30729; .NET CLR 3.0.30729; Media Center PC 6.0)"
172.17.105.51 - - [14/Jul/2014:16:04:39 +0200] "GET /ui/login/?redirect=%2Fui%2Fdocuments%2Fextauth%2Fdocuments%2F280572480%2Fview%2F%3Fembed%3D1 HTTP/1.1" 302 5 "http://sso.p4.org/opensso/UI/Login?goto=http%3A//p4altair.p4.org/ui/login/%3Fredirect%3D%252Fui%252Fdocuments%252Fextauth%252Fdocuments%252F280572480%252Fview%252F%253Fembed%253D1" "Mozilla/4.0 (compatible; MSIE 7.0; Windows NT 5.1; Trident/4.0; .NET CLR 2.0.50727; .NET CLR 3.0.4506.2152; .NET CLR 3.5.30729; CMDTDF; .NET4.0C; .NET4.0E)"
172.17.101.84 - - [14/Jul/2014:16:04:39 +0200] "GET /styles/alphacube.css HTTP/1.1" 200 2817 "http://p4altair.p4.org/ui/documents/extauth/documents/258640707/view/?fileNo=&version=&page=&zoom=&moveX=&moveY=" "Mozilla/5.0 (Windows NT 6.1) AppleWebKit/537.36 (KHTML, like Gecko) Chrome/35.0.1916.153 Safari/537.36"
172.17.105.51 - - [14/Jul/2014:16:04:39 +0200] "GET /styles/main.css?version=3.2014.24 HTTP/1.1" 200 35533 "http://p4altair.p4.org/ui/documents/extauth/documents/280572480/view/?embed=1" "Mozilla/4.0 (compatible; MSIE 7.0; Windows NT 5.1; Trident/4.0; .NET CLR 2.0.50727; .NET CLR 3.0.4506.2152; .NET CLR 3.5.30729; CMDTDF; .NET4.0C; .NET4.0E)"
172.17.105.51 - - [14/Jul/2014:16:04:39 +0200] "GET /js/scrollbar.js?version=3.2014.24 HTTP/1.1" 200 7923 "http://p4altair.p4.org/ui/documents/extauth/documents/280572480/view/?embed=1" "Mozilla/4.0 (compatible; MSIE 7.0; Windows NT 5.1; Trident/4.0; .NET CLR 2.0.50727; .NET CLR 3.0.4506.2152; .NET CLR 3.5.30729; CMDTDF; .NET4.0C; .NET4.0E)"
172.17.105.51 - - [14/Jul/2014:16:04:39 +0200] "GET /js/slider.js?version=3.2014.24 HTTP/1.1" 200 10297 "http://p4altair.p4.org/ui/documents/extauth/documents/280572480/view/?embed=1" "Mozilla/4.0 (compatible; MSIE 7.0; Windows NT 5.1; Trident/4.0; .NET CLR 2.0.50727; .NET CLR 3.0.4506.2152; .NET CLR 3.5.30729; CMDTDF; .NET4.0C; .NET4.0E)"
172.17.105.51 - - [14/Jul/2014:16:04:39 +0200] "GET /js/livepipe.js?version=3.2014.24 HTTP/1.1" 200 6463 "http://p4altair.p4.org/ui/documents/extauth/documents/280572480/view/?embed=1" "Mozilla/4.0 (compatible; MSIE 7.0; Windows NT 5.1; Trident/4.0; .NET CLR 2.0.50727; .NET CLR 3.0.4506.2152; .NET CLR 3.5.30729; CMDTDF; .NET4.0C; .NET4.0E)"
172.17.105.51 - - [14/Jul/2014:16:04:39 +0200] "GET /styles/forms.css?version=3.2014.24 HTTP/1.1" 200 15586 "http://p4altair.p4.org/ui/documents/extauth/documents/280572480/view/?embed=1" "Mozilla/4.0 (compatible; MSIE 7.0; Windows NT 5.1; Trident/4.0; .NET CLR 2.0.50727; .NET CLR 3.0.4506.2152; .NET CLR 3.5.30729; CMDTDF; .NET4.0C; .NET4.0E)"
172.17.105.51 - - [14/Jul/2014:16:04:39 +0200] "GET /js/onContent.js?version=3.2014.24 HTTP/1.1" 200 688 "http://p4altair.p4.org/ui/documents/extauth/documents/280572480/view/?embed=1" "Mozilla/4.0 (compatible; MSIE 7.0; Windows NT 5.1; Trident/4.0; .NET CLR 2.0.50727; .NET CLR 3.0.4506.2152; .NET CLR 3.5.30729; CMDTDF; .NET4.0C; .NET4.0E)"
172.17.105.51 - - [14/Jul/2014:16:04:39 +0200] "GET /js/console.js?version=3.2014.24 HTTP/1.1" 200 402 "http://p4altair.p4.org/ui/documents/extauth/documents/280572480/view/?embed=1" "Mozilla/4.0 (compatible; MSIE 7.0; Windows NT 5.1; Trident/4.0; .NET CLR 2.0.50727; .NET CLR 3.0.4506.2152; .NET CLR 3.5.30729; CMDTDF; .NET4.0C; .NET4.0E)"
172.17.105.51 - - [14/Jul/2014:16:04:39 +0200] "GET /js/cd3.js?version=3.2014.24 HTTP/1.1" 200 1624 "http://p4altair.p4.org/ui/documents/extauth/documents/280572480/view/?embed=1" "Mozilla/4.0 (compatible; MSIE 7.0; Windows NT 5.1; Trident/4.0; .NET CLR 2.0.50727; .NET CLR 3.0.4506.2152; .NET CLR 3.5.30729; CMDTDF; .NET4.0C; .NET4.0E)"
172.17.105.51 - - [14/Jul/2014:16:04:39 +0200] "GET /js/tableview.js?version=3.2014.24 HTTP/1.1" 200 30390 "http://p4altair.p4.org/ui/documents/extauth/documents/280572480/view/?embed=1" "Mozilla/4.0 (compatible; MSIE 7.0; Windows NT 5.1; Trident/4.0; .NET CLR 2.0.50727; .NET CLR 3.0.4506.2152; .NET CLR 3.5.30729; CMDTDF; .NET4.0C; .NET4.0E)"
172.17.105.51 - - [14/Jul/2014:16:04:39 +0200] "GET /js/prototype.js?version=3.2014.24 HTTP/1.1" 200 140279 "http://p4altair.p4.org/ui/documents/extauth/documents/280572480/view/?embed=1" "Mozilla/4.0 (compatible; MSIE 7.0; Windows NT 5.1; Trident/4.0; .NET CLR 2.0.50727; .NET CLR 3.0.4506.2152; .NET CLR 3.5.30729; CMDTDF; .NET4.0C; .NET4.0E)"
172.17.105.51 - - [14/Jul/2014:16:04:39 +0200] "GET /js/date.js?version=3.2014.24 HTTP/1.1" 200 16156 "http://p4altair.p4.org/ui/documents/extauth/documents/280572480/view/?embed=1" "Mozilla/4.0 (compatible; MSIE 7.0; Windows NT 5.1; Trident/4.0; .NET CLR 2.0.50727; .NET CLR 3.0.4506.2152; .NET CLR 3.5.30729; CMDTDF; .NET4.0C; .NET4.0E)"
172.17.105.51 - - [14/Jul/2014:16:04:39 +0200] "GET /js/menu.js?version=3.2014.24 HTTP/1.1" 200 20056 "http://p4altair.p4.org/ui/documents/extauth/documents/280572480/view/?embed=1" "Mozilla/4.0 (compatible; MSIE 7.0; Windows NT 5.1; Trident/4.0; .NET CLR 2.0.50727; .NET CLR 3.0.4506.2152; .NET CLR 3.5.30729; CMDTDF; .NET4.0C; .NET4.0E)"
172.17.105.51 - - [14/Jul/2014:16:04:39 +0200] "GET /js/windowutils.js?version=3.2014.24 HTTP/1.1" 200 17743 "http://p4altair.p4.org/ui/documents/extauth/documents/280572480/view/?embed=1" "Mozilla/4.0 (compatible; MSIE 7.0; Windows NT 5.1; Trident/4.0; .NET CLR 2.0.50727; .NET CLR 3.0.4506.2152; .NET CLR 3.5.30729; CMDTDF; .NET4.0C; .NET4.0E)"
172.17.105.51 - - [14/Jul/2014:16:04:39 +0200] "GET /js/zeroclipboard/zeroclipboard.js?version=3.2014.24 HTTP/1.1" 200 9784 "http://p4altair.p4.org/ui/documents/extauth/documents/280572480/view/?embed=1" "Mozilla/4.0 (compatible; MSIE 7.0; Windows NT 5.1; Trident/4.0; .NET CLR 2.0.50727; .NET CLR 3.0.4506.2152; .NET CLR 3.5.30729; CMDTDF; .NET4.0C; .NET4.0E)"
172.17.105.51 - - [14/Jul/2014:16:04:39 +0200] "GET /js/error_utils.js?version=3.2014.24 HTTP/1.1" 200 3742 "http://p4altair.p4.org/ui/documents/extauth/documents/280572480/view/?embed=1" "Mozilla/4.0 (compatible; MSIE 7.0; Windows NT 5.1; Trident/4.0; .NET CLR 2.0.50727; .NET CLR 3.0.4506.2152; .NET CLR 3.5.30729; CMDTDF; .NET4.0C; .NET4.0E)"
172.17.105.51 - - [14/Jul/2014:16:04:39 +0200] "GET /styles/default.css HTTP/1.1" 304 0 "http://p4altair.p4.org/ui/documents/extauth/documents/280572480/view/?embed=1" "Mozilla/4.0 (compatible; MSIE 7.0; Windows NT 5.1; Trident/4.0; .NET CLR 2.0.50727; .NET CLR 3.0.4506.2152; .NET CLR 3.5.30729; CMDTDF; .NET4.0C; .NET4.0E)"
172.17.105.51 - - [14/Jul/2014:16:04:39 +0200] "GET /js/common.js?version=3.2014.24 HTTP/1.1" 200 35752 "http://p4altair.p4.org/ui/documents/extauth/documents/280572480/view/?embed=1" "Mozilla/4.0 (compatible; MSIE 7.0; Windows NT 5.1; Trident/4.0; .NET CLR 2.0.50727; .NET CLR 3.0.4506.2152; .NET CLR 3.5.30729; CMDTDF; .NET4.0C; .NET4.0E)"
172.17.105.51 - - [14/Jul/2014:16:04:39 +0200] "GET /styles/alert_lite.css HTTP/1.1" 304 0 "http://p4altair.p4.org/ui/documents/extauth/documents/280572480/view/?embed=1" "Mozilla/4.0 (compatible; MSIE 7.0; Windows NT 5.1; Trident/4.0; .NET CLR 2.0.50727; .NET CLR 3.0.4506.2152; .NET CLR 3.5.30729; CMDTDF; .NET4.0C; .NET4.0E)"
172.17.105.51 - - [14/Jul/2014:16:04:39 +0200] "GET /styles/alphacube.css HTTP/1.1" 304 0 "http://p4altair.p4.org/ui/documents/extauth/documents/280572480/view/?embed=1" "Mozilla/4.0 (compatible; MSIE 7.0; Windows NT 5.1; Trident/4.0; .NET CLR 2.0.50727; .NET CLR 3.0.4506.2152; .NET CLR 3.5.30729; CMDTDF; .NET4.0C; .NET4.0E)"
172.17.105.51 - - [14/Jul/2014:16:04:39 +0200] "GET /js/forms.js?version=3.2014.24 HTTP/1.1" 200 73825 "http://p4altair.p4.org/ui/documents/extauth/documents/280572480/view/?embed=1" "Mozilla/4.0 (compatible; MSIE 7.0; Windows NT 5.1; Trident/4.0; .NET CLR 2.0.50727; .NET CLR 3.0.4506.2152; .NET CLR 3.5.30729; CMDTDF; .NET4.0C; .NET4.0E)"
172.17.105.51 - - [14/Jul/2014:16:04:39 +0200] "GET /js/effects.js?version=3.2014.24 HTTP/1.1" 200 38572 "http://p4altair.p4.org/ui/documents/extauth/documents/280572480/view/?embed=1" "Mozilla/4.0 (compatible; MSIE 7.0; Windows NT 5.1; Trident/4.0; .NET CLR 2.0.50727; .NET CLR 3.0.4506.2152; .NET CLR 3.5.30729; CMDTDF; .NET4.0C; .NET4.0E)"
172.17.105.51 - - [14/Jul/2014:16:04:39 +0200] "GET /jslang/pl.js?version=3.2014.24 HTTP/1.1" 200 28645 "http://p4altair.p4.org/ui/documents/extauth/documents/280572480/view/?embed=1" "Mozilla/4.0 (compatible; MSIE 7.0; Windows NT 5.1; Trident/4.0; .NET CLR 2.0.50727; .NET CLR 3.0.4506.2152; .NET CLR 3.5.30729; CMDTDF; .NET4.0C; .NET4.0E)"
172.17.105.51 - - [14/Jul/2014:16:04:39 +0200] "GET /js/ajax.js?version=3.2014.24 HTTP/1.1" 200 6737 "http://p4altair.p4.org/ui/documents/extauth/documents/280572480/view/?embed=1" "Mozilla/4.0 (compatible; MSIE 7.0; Windows NT 5.1; Trident/4.0; .NET CLR 2.0.50727; .NET CLR 3.0.4506.2152; .NET CLR 3.5.30729; CMDTDF; .NET4.0C; .NET4.0E)"
172.17.105.51 - - [14/Jul/2014:16:04:39 +0200] "GET /styles/mac_os_x.css HTTP/1.1" 304 0 "http://p4altair.p4.org/ui/documents/extauth/documents/280572480/view/?embed=1" "Mozilla/4.0 (compatible; MSIE 7.0; Windows NT 5.1; Trident/4.0; .NET CLR 2.0.50727; .NET CLR 3.0.4506.2152; .NET CLR 3.5.30729; CMDTDF; .NET4.0C; .NET4.0E)"
172.17.105.51 - - [14/Jul/2014:16:04:39 +0200] "GET /js/builder.js?version=3.2014.24 HTTP/1.1" 200 4744 "http://p4altair.p4.org/ui/documents/extauth/documents/280572480/view/?embed=1" "Mozilla/4.0 (compatible; MSIE 7.0; Windows NT 5.1; Trident/4.0; .NET CLR 2.0.50727; .NET CLR 3.0.4506.2152; .NET CLR 3.5.30729; CMDTDF; .NET4.0C; .NET4.0E)"
172.17.105.51 - - [14/Jul/2014:16:04:39 +0200] "GET /js/window.js?version=3.2014.24 HTTP/1.1" 200 68717 "http://p4altair.p4.org/ui/documents/extauth/documents/280572480/view/?embed=1" "Mozilla/4.0 (compatible; MSIE 7.0; Windows NT 5.1; Trident/4.0; .NET CLR 2.0.50727; .NET CLR 3.0.4506.2152; .NET CLR 3.5.30729; CMDTDF; .NET4.0C; .NET4.0E)"
172.17.101.247 - - [14/Jul/2014:16:04:39 +0200] "GET /ui/documents/categories/321/result/?i40055=48534643917 HTTP/1.1" 200 42910 "http://p4altair.p4.org/ui/documents/categories/321/" "Mozilla/4.0 (compatible; MSIE 7.0; Windows NT 6.1; Trident/7.0; SLCC2; .NET CLR 2.0.50727; .NET CLR 3.5.30729; .NET CLR 3.0.30729; Media Center PC 6.0)"
172.17.101.247 - - [14/Jul/2014:16:04:39 +0200] "GET /images/invert.gif HTTP/1.1" 200 1071 "http://p4altair.p4.org/ui/documents/categories/321/result/?i40055=48534643917" "Mozilla/4.0 (compatible; MSIE 7.0; Windows NT 6.1; Trident/7.0; SLCC2; .NET CLR 2.0.50727; .NET CLR 3.5.30729; .NET CLR 3.0.30729; Media Center PC 6.0)"
172.17.101.247 - - [14/Jul/2014:16:04:39 +0200] "GET /images/sortenable.gif HTTP/1.1" 200 977 "http://p4altair.p4.org/ui/documents/categories/321/result/?i40055=48534643917" "Mozilla/4.0 (compatible; MSIE 7.0; Windows NT 6.1; Trident/7.0; SLCC2; .NET CLR 2.0.50727; .NET CLR 3.5.30729; .NET CLR 3.0.30729; Media Center PC 6.0)"
172.17.101.247 - - [14/Jul/2014:16:04:39 +0200] "GET /images/bt_ico_options.png HTTP/1.1" 200 1062 "http://p4altair.p4.org/ui/documents/categories/321/result/?i40055=48534643917" "Mozilla/4.0 (compatible; MSIE 7.0; Windows NT 6.1; Trident/7.0; SLCC2; .NET CLR 2.0.50727; .NET CLR 3.5.30729; .NET CLR 3.0.30729; Media Center PC 6.0)"
172.17.101.247 - - [14/Jul/2014:16:04:39 +0200] "GET /images/bt_ico_del.gif HTTP/1.1" 200 1416 "http://p4altair.p4.org/ui/documents/categories/321/result/?i40055=48534643917" "Mozilla/4.0 (compatible; MSIE 7.0; Windows NT 6.1; Trident/7.0; SLCC2; .NET CLR 2.0.50727; .NET CLR 3.5.30729; .NET CLR 3.0.30729; Media Center PC 6.0)"
172.17.101.247 - - [14/Jul/2014:16:04:39 +0200] "GET /images/ico_strzalka_dla_mass_action.gif HTTP/1.1" 200 81 "http://p4altair.p4.org/ui/documents/categories/321/result/?i40055=48534643917" "Mozilla/4.0 (compatible; MSIE 7.0; Windows NT 6.1; Trident/7.0; SLCC2; .NET CLR 2.0.50727; .NET CLR 3.5.30729; .NET CLR 3.0.30729; Media Center PC 6.0)"
172.17.101.247 - - [14/Jul/2014:16:04:39 +0200] "GET /images/bt_ico_dwn.gif HTTP/1.1" 200 1393 "http://p4altair.p4.org/ui/documents/categories/321/result/?i40055=48534643917" "Mozilla/4.0 (compatible; MSIE 7.0; Windows NT 6.1; Trident/7.0; SLCC2; .NET CLR 2.0.50727; .NET CLR 3.5.30729; .NET CLR 3.0.30729; Media Center PC 6.0)"
172.17.101.247 - - [14/Jul/2014:16:04:39 +0200] "GET /category_changer_resources/ui.js HTTP/1.1" 200 2924 "http://p4altair.p4.org/ui/documents/categories/321/result/?i40055=48534643917" "Mozilla/4.0 (compatible; MSIE 7.0; Windows NT 6.1; Trident/7.0; SLCC2; .NET CLR 2.0.50727; .NET CLR 3.5.30729; .NET CLR 3.0.30729; Media Center PC 6.0)"
172.17.101.247 - - [14/Jul/2014:16:04:39 +0200] "GET /images/bt_transparent.gif HTTP/1.1" 200 2091 "http://p4altair.p4.org/ui/documents/categories/321/result/?i40055=48534643917" "Mozilla/4.0 (compatible; MSIE 7.0; Windows NT 6.1; Trident/7.0; SLCC2; .NET CLR 2.0.50727; .NET CLR 3.5.30729; .NET CLR 3.0.30729; Media Center PC 6.0)"
172.17.101.84 - - [14/Jul/2014:16:04:39 +0200] "GET /js/livepipe.js?version=3.2014.24 HTTP/1.1" 200 6463 "http://p4altair.p4.org/ui/documents/extauth/documents/258640707/view/?fileNo=&version=&page=&zoom=&moveX=&moveY=" "Mozilla/5.0 (Windows NT 6.1) AppleWebKit/537.36 (KHTML, like Gecko) Chrome/35.0.1916.153 Safari/537.36"
172.17.101.84 - - [14/Jul/2014:16:04:39 +0200] "GET /ui/documents/extauth/documents/258640707/view/?fileNo=&version=&page=&zoom=&moveX=&moveY= HTTP/1.1" 200 16708 "http://co.p4.org/details.aspx?sequenceID=328bba4825d348838a538b31a3ddbc31&id=53122937&class=CRQIncident&lockTimeout=-1&lockWarnTime=-1&framelevel=0" "Mozilla/5.0 (Windows NT 6.1) AppleWebKit/537.36 (KHTML, like Gecko) Chrome/35.0.1916.153 Safari/537.36"
172.17.101.84 - - [14/Jul/2014:16:04:39 +0200] "GET /js/slider.js?version=3.2014.24 HTTP/1.1" 200 10297 "http://p4altair.p4.org/ui/documents/extauth/documents/258640707/view/?fileNo=&version=&page=&zoom=&moveX=&moveY=" "Mozilla/5.0 (Windows NT 6.1) AppleWebKit/537.36 (KHTML, like Gecko) Chrome/35.0.1916.153 Safari/537.36"
172.17.105.51 - - [14/Jul/2014:16:04:40 +0200] "GET /ui/documents/extauth/documents/280572480/view/?embed=1 HTTP/1.1" 200 15565 "http://sso.p4.org/opensso/UI/Login?goto=http%3A//p4altair.p4.org/ui/login/%3Fredirect%3D%252Fui%252Fdocuments%252Fextauth%252Fdocuments%252F280572480%252Fview%252F%253Fembed%253D1" "Mozilla/4.0 (compatible; MSIE 7.0; Windows NT 5.1; Trident/4.0; .NET CLR 2.0.50727; .NET CLR 3.0.4506.2152; .NET CLR 3.5.30729; CMDTDF; .NET4.0C; .NET4.0E)"
172.17.105.51 - - [14/Jul/2014:16:04:40 +0200] "GET /images/tab_active.png HTTP/1.1" 304 0 "http://p4altair.p4.org/ui/documents/extauth/documents/280572480/view/?embed=1" "Mozilla/4.0 (compatible; MSIE 7.0; Windows NT 5.1; Trident/4.0; .NET CLR 2.0.50727; .NET CLR 3.0.4506.2152; .NET CLR 3.5.30729; CMDTDF; .NET4.0C; .NET4.0E)"
172.17.105.51 - - [14/Jul/2014:16:04:40 +0200] "GET /images/tab_not_active.png HTTP/1.1" 304 0 "http://p4altair.p4.org/ui/documents/extauth/documents/280572480/view/?embed=1" "Mozilla/4.0 (compatible; MSIE 7.0; Windows NT 5.1; Trident/4.0; .NET CLR 2.0.50727; .NET CLR 3.0.4506.2152; .NET CLR 3.5.30729; CMDTDF; .NET4.0C; .NET4.0E)"
172.17.105.51 - - [14/Jul/2014:16:04:40 +0200] "GET /images/icons/user.png HTTP/1.1" 200 506 "http://p4altair.p4.org/ui/documents/extauth/documents/280572480/view/?embed=1" "Mozilla/4.0 (compatible; MSIE 7.0; Windows NT 5.1; Trident/4.0; .NET CLR 2.0.50727; .NET CLR 3.0.4506.2152; .NET CLR 3.5.30729; CMDTDF; .NET4.0C; .NET4.0E)"
172.17.105.51 - - [14/Jul/2014:16:04:40 +0200] "GET /ui/documents/growser/?documentId=280572480&amp;fileId=130570380&amp;leftSideThumbnails=False HTTP/1.1" 200 3694 "http://p4altair.p4.org/ui/documents/extauth/documents/280572480/view/?embed=1" "Mozilla/4.0 (compatible; MSIE 7.0; Windows NT 5.1; Trident/4.0; .NET CLR 2.0.50727; .NET CLR 3.0.4506.2152; .NET CLR 3.5.30729; CMDTDF; .NET4.0C; .NET4.0E)"
172.17.105.51 - - [14/Jul/2014:16:04:40 +0200] "GET /jslang/pl.js HTTP/1.1" 304 0 "http://p4altair.p4.org/ui/documents/growser/?documentId=280572480&amp;fileId=130570380&amp;leftSideThumbnails=False" "Mozilla/4.0 (compatible; MSIE 7.0; Windows NT 5.1; Trident/4.0; .NET CLR 2.0.50727; .NET CLR 3.0.4506.2152; .NET CLR 3.5.30729; CMDTDF; .NET4.0C; .NET4.0E)"
172.17.105.51 - - [14/Jul/2014:16:04:40 +0200] "GET /js/wfforms/cd_api.js?version=3.2014.24 HTTP/1.1" 200 5107 "http://p4altair.p4.org/ui/documents/growser/?documentId=280572480&amp;fileId=130570380&amp;leftSideThumbnails=False" "Mozilla/4.0 (compatible; MSIE 7.0; Windows NT 5.1; Trident/4.0; .NET CLR 2.0.50727; .NET CLR 3.0.4506.2152; .NET CLR 3.5.30729; CMDTDF; .NET4.0C; .NET4.0E)"
172.17.105.51 - - [14/Jul/2014:16:04:40 +0200] "GET /js/wfforms/moo-more.js?version=3.2014.24 HTTP/1.1" 200 57461 "http://p4altair.p4.org/ui/documents/growser/?documentId=280572480&amp;fileId=130570380&amp;leftSideThumbnails=False" "Mozilla/4.0 (compatible; MSIE 7.0; Windows NT 5.1; Trident/4.0; .NET CLR 2.0.50727; .NET CLR 3.0.4506.2152; .NET CLR 3.5.30729; CMDTDF; .NET4.0C; .NET4.0E)"
172.17.105.51 - - [14/Jul/2014:16:04:40 +0200] "GET /js/deferred.js?version=3.2014.24 HTTP/1.1" 200 8964 "http://p4altair.p4.org/ui/documents/growser/?documentId=280572480&amp;fileId=130570380&amp;leftSideThumbnails=False" "Mozilla/4.0 (compatible; MSIE 7.0; Windows NT 5.1; Trident/4.0; .NET CLR 2.0.50727; .NET CLR 3.0.4506.2152; .NET CLR 3.5.30729; CMDTDF; .NET4.0C; .NET4.0E)"
172.17.105.51 - - [14/Jul/2014:16:04:40 +0200] "GET /js/utils.js?version=3.2014.24 HTTP/1.1" 200 1675 "http://p4altair.p4.org/ui/documents/growser/?documentId=280572480&amp;fileId=130570380&amp;leftSideThumbnails=False" "Mozilla/4.0 (compatible; MSIE 7.0; Windows NT 5.1; Trident/4.0; .NET CLR 2.0.50727; .NET CLR 3.0.4506.2152; .NET CLR 3.5.30729; CMDTDF; .NET4.0C; .NET4.0E)"
172.17.105.51 - - [14/Jul/2014:16:04:40 +0200] "GET /js/printing.js?version=3.2014.24 HTTP/1.1" 200 3534 "http://p4altair.p4.org/ui/documents/growser/?documentId=280572480&amp;fileId=130570380&amp;leftSideThumbnails=False" "Mozilla/4.0 (compatible; MSIE 7.0; Windows NT 5.1; Trident/4.0; .NET CLR 2.0.50727; .NET CLR 3.0.4506.2152; .NET CLR 3.5.30729; CMDTDF; .NET4.0C; .NET4.0E)"
172.17.105.51 - - [14/Jul/2014:16:04:40 +0200] "GET /styles/growser.css?version=3.2014.24 HTTP/1.1" 200 8898 "http://p4altair.p4.org/ui/documents/growser/?documentId=280572480&amp;fileId=130570380&amp;leftSideThumbnails=False" "Mozilla/4.0 (compatible; MSIE 7.0; Windows NT 5.1; Trident/4.0; .NET CLR 2.0.50727; .NET CLR 3.0.4506.2152; .NET CLR 3.5.30729; CMDTDF; .NET4.0C; .NET4.0E)"
172.17.105.51 - - [14/Jul/2014:16:04:40 +0200] "GET /js/growser.js?version=3.2014.24 HTTP/1.1" 200 85190 "http://p4altair.p4.org/ui/documents/growser/?documentId=280572480&amp;fileId=130570380&amp;leftSideThumbnails=False" "Mozilla/4.0 (compatible; MSIE 7.0; Windows NT 5.1; Trident/4.0; .NET CLR 2.0.50727; .NET CLR 3.0.4506.2152; .NET CLR 3.5.30729; CMDTDF; .NET4.0C; .NET4.0E)"
172.17.105.51 - - [14/Jul/2014:16:04:40 +0200] "GET /js/wfforms/moo-core.js?version=3.2014.24 HTTP/1.1" 200 105304 "http://p4altair.p4.org/ui/documents/growser/?documentId=280572480&amp;fileId=130570380&amp;leftSideThumbnails=False" "Mozilla/4.0 (compatible; MSIE 7.0; Windows NT 5.1; Trident/4.0; .NET CLR 2.0.50727; .NET CLR 3.0.4506.2152; .NET CLR 3.5.30729; CMDTDF; .NET4.0C; .NET4.0E)"
172.17.105.51 - - [14/Jul/2014:16:04:40 +0200] "GET /images/growser/back_1.png HTTP/1.1" 304 0 "http://p4altair.p4.org/ui/documents/growser/?documentId=280572480&amp;fileId=130570380&amp;leftSideThumbnails=False" "Mozilla/4.0 (compatible; MSIE 7.0; Windows NT 5.1; Trident/4.0; .NET CLR 2.0.50727; .NET CLR 3.0.4506.2152; .NET CLR 3.5.30729; CMDTDF; .NET4.0C; .NET4.0E)"
172.17.105.51 - - [14/Jul/2014:16:04:40 +0200] "GET /images/growser/bg_header.png HTTP/1.1" 304 0 "http://p4altair.p4.org/ui/documents/growser/?documentId=280572480&amp;fileId=130570380&amp;leftSideThumbnails=False" "Mozilla/4.0 (compatible; MSIE 7.0; Windows NT 5.1; Trident/4.0; .NET CLR 2.0.50727; .NET CLR 3.0.4506.2152; .NET CLR 3.5.30729; CMDTDF; .NET4.0C; .NET4.0E)"
172.17.105.51 - - [14/Jul/2014:16:04:40 +0200] "GET /images/growser/forward_1.png HTTP/1.1" 304 0 "http://p4altair.p4.org/ui/documents/growser/?documentId=280572480&amp;fileId=130570380&amp;leftSideThumbnails=False" "Mozilla/4.0 (compatible; MSIE 7.0; Windows NT 5.1; Trident/4.0; .NET CLR 2.0.50727; .NET CLR 3.0.4506.2152; .NET CLR 3.5.30729; CMDTDF; .NET4.0C; .NET4.0E)"
172.17.105.51 - - [14/Jul/2014:16:04:40 +0200] "GET /images/growser/org.png HTTP/1.1" 304 0 "http://p4altair.p4.org/ui/documents/growser/?documentId=280572480&amp;fileId=130570380&amp;leftSideThumbnails=False" "Mozilla/4.0 (compatible; MSIE 7.0; Windows NT 5.1; Trident/4.0; .NET CLR 2.0.50727; .NET CLR 3.0.4506.2152; .NET CLR 3.5.30729; CMDTDF; .NET4.0C; .NET4.0E)"
172.17.105.51 - - [14/Jul/2014:16:04:40 +0200] "GET /images/growser/width.png HTTP/1.1" 304 0 "http://p4altair.p4.org/ui/documents/growser/?documentId=280572480&amp;fileId=130570380&amp;leftSideThumbnails=False" "Mozilla/4.0 (compatible; MSIE 7.0; Windows NT 5.1; Trident/4.0; .NET CLR 2.0.50727; .NET CLR 3.0.4506.2152; .NET CLR 3.5.30729; CMDTDF; .NET4.0C; .NET4.0E)"
172.17.105.51 - - [14/Jul/2014:16:04:40 +0200] "GET /images/growser/height.png HTTP/1.1" 304 0 "http://p4altair.p4.org/ui/documents/growser/?documentId=280572480&amp;fileId=130570380&amp;leftSideThumbnails=False" "Mozilla/4.0 (compatible; MSIE 7.0; Windows NT 5.1; Trident/4.0; .NET CLR 2.0.50727; .NET CLR 3.0.4506.2152; .NET CLR 3.5.30729; CMDTDF; .NET4.0C; .NET4.0E)"
172.17.105.51 - - [14/Jul/2014:16:04:40 +0200] "GET /images/growser/page.png HTTP/1.1" 304 0 "http://p4altair.p4.org/ui/documents/growser/?documentId=280572480&amp;fileId=130570380&amp;leftSideThumbnails=False" "Mozilla/4.0 (compatible; MSIE 7.0; Windows NT 5.1; Trident/4.0; .NET CLR 2.0.50727; .NET CLR 3.0.4506.2152; .NET CLR 3.5.30729; CMDTDF; .NET4.0C; .NET4.0E)"
172.17.101.84 - - [14/Jul/2014:16:04:40 +0200] "GET /js/scrollbar.js?version=3.2014.24 HTTP/1.1" 200 7923 "http://p4altair.p4.org/ui/documents/extauth/documents/258640707/view/?fileNo=&version=&page=&zoom=&moveX=&moveY=" "Mozilla/5.0 (Windows NT 6.1) AppleWebKit/537.36 (KHTML, like Gecko) Chrome/35.0.1916.153 Safari/537.36"
172.17.105.51 - - [14/Jul/2014:16:04:40 +0200] "GET /images/growser/hand.png HTTP/1.1" 304 0 "http://p4altair.p4.org/ui/documents/growser/?documentId=280572480&amp;fileId=130570380&amp;leftSideThumbnails=False" "Mozilla/4.0 (compatible; MSIE 7.0; Windows NT 5.1; Trident/4.0; .NET CLR 2.0.50727; .NET CLR 3.0.4506.2152; .NET CLR 3.5.30729; CMDTDF; .NET4.0C; .NET4.0E)"
172.17.105.51 - - [14/Jul/2014:16:04:40 +0200] "GET /images/growser/zoom_in.png HTTP/1.1" 304 0 "http://p4altair.p4.org/ui/documents/growser/?documentId=280572480&amp;fileId=130570380&amp;leftSideThumbnails=False" "Mozilla/4.0 (compatible; MSIE 7.0; Windows NT 5.1; Trident/4.0; .NET CLR 2.0.50727; .NET CLR 3.0.4506.2152; .NET CLR 3.5.30729; CMDTDF; .NET4.0C; .NET4.0E)"
172.17.101.84 - - [14/Jul/2014:16:04:40 +0200] "GET /js/onContent.js?version=3.2014.24 HTTP/1.1" 200 688 "http://p4altair.p4.org/ui/documents/extauth/documents/258640707/view/?fileNo=&version=&page=&zoom=&moveX=&moveY=" "Mozilla/5.0 (Windows NT 6.1) AppleWebKit/537.36 (KHTML, like Gecko) Chrome/35.0.1916.153 Safari/537.36"
172.17.105.51 - - [14/Jul/2014:16:04:40 +0200] "GET /images/growser/zoom_out.png HTTP/1.1" 304 0 "http://p4altair.p4.org/ui/documents/growser/?documentId=280572480&amp;fileId=130570380&amp;leftSideThumbnails=False" "Mozilla/4.0 (compatible; MSIE 7.0; Windows NT 5.1; Trident/4.0; .NET CLR 2.0.50727; .NET CLR 3.0.4506.2152; .NET CLR 3.5.30729; CMDTDF; .NET4.0C; .NET4.0E)"
172.17.101.84 - - [14/Jul/2014:16:04:40 +0200] "GET /js/console.js?version=3.2014.24 HTTP/1.1" 200 402 "http://p4altair.p4.org/ui/documents/extauth/documents/258640707/view/?fileNo=&version=&page=&zoom=&moveX=&moveY=" "Mozilla/5.0 (Windows NT 6.1) AppleWebKit/537.36 (KHTML, like Gecko) Chrome/35.0.1916.153 Safari/537.36"
172.17.105.51 - - [14/Jul/2014:16:04:40 +0200] "GET /images/growser/zoom_in_selected.png HTTP/1.1" 304 0 "http://p4altair.p4.org/ui/documents/growser/?documentId=280572480&amp;fileId=130570380&amp;leftSideThumbnails=False" "Mozilla/4.0 (compatible; MSIE 7.0; Windows NT 5.1; Trident/4.0; .NET CLR 2.0.50727; .NET CLR 3.0.4506.2152; .NET CLR 3.5.30729; CMDTDF; .NET4.0C; .NET4.0E)"
172.17.105.51 - - [14/Jul/2014:16:04:40 +0200] "GET /images/growser/rotate_left.png HTTP/1.1" 304 0 "http://p4altair.p4.org/ui/documents/growser/?documentId=280572480&amp;fileId=130570380&amp;leftSideThumbnails=False" "Mozilla/4.0 (compatible; MSIE 7.0; Windows NT 5.1; Trident/4.0; .NET CLR 2.0.50727; .NET CLR 3.0.4506.2152; .NET CLR 3.5.30729; CMDTDF; .NET4.0C; .NET4.0E)"
172.17.105.51 - - [14/Jul/2014:16:04:40 +0200] "GET /images/growser/rotate_right.png HTTP/1.1" 304 0 "http://p4altair.p4.org/ui/documents/growser/?documentId=280572480&amp;fileId=130570380&amp;leftSideThumbnails=False" "Mozilla/4.0 (compatible; MSIE 7.0; Windows NT 5.1; Trident/4.0; .NET CLR 2.0.50727; .NET CLR 3.0.4506.2152; .NET CLR 3.5.30729; CMDTDF; .NET4.0C; .NET4.0E)"
172.17.105.51 - - [14/Jul/2014:16:04:40 +0200] "GET /images/growser/download.png HTTP/1.1" 304 0 "http://p4altair.p4.org/ui/documents/growser/?documentId=280572480&amp;fileId=130570380&amp;leftSideThumbnails=False" "Mozilla/4.0 (compatible; MSIE 7.0; Windows NT 5.1; Trident/4.0; .NET CLR 2.0.50727; .NET CLR 3.0.4506.2152; .NET CLR 3.5.30729; CMDTDF; .NET4.0C; .NET4.0E)"
172.17.105.51 - - [14/Jul/2014:16:04:40 +0200] "GET /images/growser/pdf.png HTTP/1.1" 304 0 "http://p4altair.p4.org/ui/documents/growser/?documentId=280572480&amp;fileId=130570380&amp;leftSideThumbnails=False" "Mozilla/4.0 (compatible; MSIE 7.0; Windows NT 5.1; Trident/4.0; .NET CLR 2.0.50727; .NET CLR 3.0.4506.2152; .NET CLR 3.5.30729; CMDTDF; .NET4.0C; .NET4.0E)"
172.17.105.51 - - [14/Jul/2014:16:04:40 +0200] "GET /images/growser/mail.png HTTP/1.1" 304 0 "http://p4altair.p4.org/ui/documents/growser/?documentId=280572480&amp;fileId=130570380&amp;leftSideThumbnails=False" "Mozilla/4.0 (compatible; MSIE 7.0; Windows NT 5.1; Trident/4.0; .NET CLR 2.0.50727; .NET CLR 3.0.4506.2152; .NET CLR 3.5.30729; CMDTDF; .NET4.0C; .NET4.0E)"
172.17.105.51 - - [14/Jul/2014:16:04:40 +0200] "GET /images/growser/link.png HTTP/1.1" 304 0 "http://p4altair.p4.org/ui/documents/growser/?documentId=280572480&amp;fileId=130570380&amp;leftSideThumbnails=False" "Mozilla/4.0 (compatible; MSIE 7.0; Windows NT 5.1; Trident/4.0; .NET CLR 2.0.50727; .NET CLR 3.0.4506.2152; .NET CLR 3.5.30729; CMDTDF; .NET4.0C; .NET4.0E)"
172.17.105.51 - - [14/Jul/2014:16:04:40 +0200] "GET /images/growser/stamp.png HTTP/1.1" 304 0 "http://p4altair.p4.org/ui/documents/growser/?documentId=280572480&amp;fileId=130570380&amp;leftSideThumbnails=False" "Mozilla/4.0 (compatible; MSIE 7.0; Windows NT 5.1; Trident/4.0; .NET CLR 2.0.50727; .NET CLR 3.0.4506.2152; .NET CLR 3.5.30729; CMDTDF; .NET4.0C; .NET4.0E)"
172.17.105.51 - - [14/Jul/2014:16:04:40 +0200] "GET /images/growser/sync.png HTTP/1.1" 304 0 "http://p4altair.p4.org/ui/documents/growser/?documentId=280572480&amp;fileId=130570380&amp;leftSideThumbnails=False" "Mozilla/4.0 (compatible; MSIE 7.0; Windows NT 5.1; Trident/4.0; .NET CLR 2.0.50727; .NET CLR 3.0.4506.2152; .NET CLR 3.5.30729; CMDTDF; .NET4.0C; .NET4.0E)"
172.17.105.51 - - [14/Jul/2014:16:04:40 +0200] "GET /images/bg_body.png HTTP/1.1" 304 0 "http://p4altair.p4.org/ui/documents/growser/?documentId=280572480&amp;fileId=130570380&amp;leftSideThumbnails=False" "Mozilla/4.0 (compatible; MSIE 7.0; Windows NT 5.1; Trident/4.0; .NET CLR 2.0.50727; .NET CLR 3.0.4506.2152; .NET CLR 3.5.30729; CMDTDF; .NET4.0C; .NET4.0E)"
172.17.105.51 - - [14/Jul/2014:16:04:40 +0200] "GET /api/avatar?_random=0.9509438741411043 HTTP/1.1" 200 159 "http://p4altair.p4.org/ui/documents/growser/?documentId=280572480&amp;fileId=130570380&amp;leftSideThumbnails=False" "Mozilla/4.0 (compatible; MSIE 7.0; Windows NT 5.1; Trident/4.0; .NET CLR 2.0.50727; .NET CLR 3.0.4506.2152; .NET CLR 3.5.30729; CMDTDF; .NET4.0C; .NET4.0E)"
172.17.105.51 - - [14/Jul/2014:16:04:40 +0200] "GET /images/spinner.gif HTTP/1.1" 304 0 "http://p4altair.p4.org/ui/documents/growser/?documentId=280572480&amp;fileId=130570380&amp;leftSideThumbnails=False" "Mozilla/4.0 (compatible; MSIE 7.0; Windows NT 5.1; Trident/4.0; .NET CLR 2.0.50727; .NET CLR 3.0.4506.2152; .NET CLR 3.5.30729; CMDTDF; .NET4.0C; .NET4.0E)"
172.17.105.51 - - [14/Jul/2014:16:04:40 +0200] "POST /api/global/annotations?call=getInstances&_random=0.08123751429703924 HTTP/1.1" 200 2 "http://p4altair.p4.org/ui/documents/growser/?documentId=280572480&amp;fileId=130570380&amp;leftSideThumbnails=False" "Mozilla/4.0 (compatible; MSIE 7.0; Windows NT 5.1; Trident/4.0; .NET CLR 2.0.50727; .NET CLR 3.0.4506.2152; .NET CLR 3.5.30729; CMDTDF; .NET4.0C; .NET4.0E)"
172.17.105.51 - - [14/Jul/2014:16:04:40 +0200] "GET /files/i,130570380,1/19240101.tif?info=jsonp&callback=Request.JSONP.request_map.request_0&random=35651 HTTP/1.1" 200 53 "http://p4altair.p4.org/ui/documents/growser/?documentId=280572480&amp;fileId=130570380&amp;leftSideThumbnails=False" "Mozilla/4.0 (compatible; MSIE 7.0; Windows NT 5.1; Trident/4.0; .NET CLR 2.0.50727; .NET CLR 3.0.4506.2152; .NET CLR 3.5.30729; CMDTDF; .NET4.0C; .NET4.0E)"
172.17.101.84 - - [14/Jul/2014:16:04:40 +0200] "GET /js/cd3.js?version=3.2014.24 HTTP/1.1" 200 1624 "http://p4altair.p4.org/ui/documents/extauth/documents/258640707/view/?fileNo=&version=&page=&zoom=&moveX=&moveY=" "Mozilla/5.0 (Windows NT 6.1) AppleWebKit/537.36 (KHTML, like Gecko) Chrome/35.0.1916.153 Safari/537.36"
172.17.101.84 - - [14/Jul/2014:16:04:40 +0200] "GET /js/common.js?version=3.2014.24 HTTP/1.1" 200 35752 "http://p4altair.p4.org/ui/documents/extauth/documents/258640707/view/?fileNo=&version=&page=&zoom=&moveX=&moveY=" "Mozilla/5.0 (Windows NT 6.1) AppleWebKit/537.36 (KHTML, like Gecko) Chrome/35.0.1916.153 Safari/537.36"
172.17.101.84 - - [14/Jul/2014:16:04:40 +0200] "GET /jslang/pl.js?version=3.2014.24 HTTP/1.1" 200 28645 "http://p4altair.p4.org/ui/documents/extauth/documents/258640707/view/?fileNo=&version=&page=&zoom=&moveX=&moveY=" "Mozilla/5.0 (Windows NT 6.1) AppleWebKit/537.36 (KHTML, like Gecko) Chrome/35.0.1916.153 Safari/537.36"
172.17.101.84 - - [14/Jul/2014:16:04:40 +0200] "GET /js/ajax.js?version=3.2014.24 HTTP/1.1" 200 6737 "http://p4altair.p4.org/ui/documents/extauth/documents/258640707/view/?fileNo=&version=&page=&zoom=&moveX=&moveY=" "Mozilla/5.0 (Windows NT 6.1) AppleWebKit/537.36 (KHTML, like Gecko) Chrome/35.0.1916.153 Safari/537.36"
172.17.101.84 - - [14/Jul/2014:16:04:40 +0200] "GET /js/tableview.js?version=3.2014.24 HTTP/1.1" 200 30390 "http://p4altair.p4.org/ui/documents/extauth/documents/258640707/view/?fileNo=&version=&page=&zoom=&moveX=&moveY=" "Mozilla/5.0 (Windows NT 6.1) AppleWebKit/537.36 (KHTML, like Gecko) Chrome/35.0.1916.153 Safari/537.36"
172.17.105.51 - - [14/Jul/2014:16:04:40 +0200] "GET /images/loading.gif HTTP/1.1" 304 0 "http://p4altair.p4.org/ui/documents/growser/?documentId=280572480&amp;fileId=130570380&amp;leftSideThumbnails=False" "Mozilla/4.0 (compatible; MSIE 7.0; Windows NT 5.1; Trident/4.0; .NET CLR 2.0.50727; .NET CLR 3.0.4506.2152; .NET CLR 3.5.30729; CMDTDF; .NET4.0C; .NET4.0E)"
172.17.101.84 - - [14/Jul/2014:16:04:40 +0200] "GET /js/date.js?version=3.2014.24 HTTP/1.1" 200 16156 "http://p4altair.p4.org/ui/documents/extauth/documents/258640707/view/?fileNo=&version=&page=&zoom=&moveX=&moveY=" "Mozilla/5.0 (Windows NT 6.1) AppleWebKit/537.36 (KHTML, like Gecko) Chrome/35.0.1916.153 Safari/537.36"
172.17.101.84 - - [14/Jul/2014:16:04:41 +0200] "GET /js/menu.js?version=3.2014.24 HTTP/1.1" 200 20056 "http://p4altair.p4.org/ui/documents/extauth/documents/258640707/view/?fileNo=&version=&page=&zoom=&moveX=&moveY=" "Mozilla/5.0 (Windows NT 6.1) AppleWebKit/537.36 (KHTML, like Gecko) Chrome/35.0.1916.153 Safari/537.36"
172.17.105.51 - - [14/Jul/2014:16:04:41 +0200] "GET /files/i,130570380,1/19240101.tif?info=jsonp&page=0&callback=Request.JSONP.request_map.request_1&random=52877 HTTP/1.1" 200 68 "http://p4altair.p4.org/ui/documents/growser/?documentId=280572480&amp;fileId=130570380&amp;leftSideThumbnails=False" "Mozilla/4.0 (compatible; MSIE 7.0; Windows NT 5.1; Trident/4.0; .NET CLR 2.0.50727; .NET CLR 3.0.4506.2152; .NET CLR 3.5.30729; CMDTDF; .NET4.0C; .NET4.0E)"
172.17.101.84 - - [14/Jul/2014:16:04:41 +0200] "GET /js/windowutils.js?version=3.2014.24 HTTP/1.1" 200 17743 "http://p4altair.p4.org/ui/documents/extauth/documents/258640707/view/?fileNo=&version=&page=&zoom=&moveX=&moveY=" "Mozilla/5.0 (Windows NT 6.1) AppleWebKit/537.36 (KHTML, like Gecko) Chrome/35.0.1916.153 Safari/537.36"
172.17.101.84 - - [14/Jul/2014:16:04:41 +0200] "GET /js/prototype.js?version=3.2014.24 HTTP/1.1" 200 140279 "http://p4altair.p4.org/ui/documents/extauth/documents/258640707/view/?fileNo=&version=&page=&zoom=&moveX=&moveY=" "Mozilla/5.0 (Windows NT 6.1) AppleWebKit/537.36 (KHTML, like Gecko) Chrome/35.0.1916.153 Safari/537.36"
172.17.101.84 - - [14/Jul/2014:16:04:41 +0200] "GET /js/zeroclipboard/zeroclipboard.js?version=3.2014.24 HTTP/1.1" 200 9784 "http://p4altair.p4.org/ui/documents/extauth/documents/258640707/view/?fileNo=&version=&page=&zoom=&moveX=&moveY=" "Mozilla/5.0 (Windows NT 6.1) AppleWebKit/537.36 (KHTML, like Gecko) Chrome/35.0.1916.153 Safari/537.36"
172.17.101.84 - - [14/Jul/2014:16:04:41 +0200] "GET /js/error_utils.js?version=3.2014.24 HTTP/1.1" 200 3742 "http://p4altair.p4.org/ui/documents/extauth/documents/258640707/view/?fileNo=&version=&page=&zoom=&moveX=&moveY=" "Mozilla/5.0 (Windows NT 6.1) AppleWebKit/537.36 (KHTML, like Gecko) Chrome/35.0.1916.153 Safari/537.36"
172.17.101.84 - - [14/Jul/2014:16:04:41 +0200] "GET /js/builder.js?version=3.2014.24 HTTP/1.1" 200 4744 "http://p4altair.p4.org/ui/documents/extauth/documents/258640707/view/?fileNo=&version=&page=&zoom=&moveX=&moveY=" "Mozilla/5.0 (Windows NT 6.1) AppleWebKit/537.36 (KHTML, like Gecko) Chrome/35.0.1916.153 Safari/537.36"
172.17.101.84 - - [14/Jul/2014:16:04:41 +0200] "GET /js/forms.js?version=3.2014.24 HTTP/1.1" 200 73825 "http://p4altair.p4.org/ui/documents/extauth/documents/258640707/view/?fileNo=&version=&page=&zoom=&moveX=&moveY=" "Mozilla/5.0 (Windows NT 6.1) AppleWebKit/537.36 (KHTML, like Gecko) Chrome/35.0.1916.153 Safari/537.36"
172.17.101.84 - - [14/Jul/2014:16:04:41 +0200] "GET /js/effects.js?version=3.2014.24 HTTP/1.1" 200 38572 "http://p4altair.p4.org/ui/documents/extauth/documents/258640707/view/?fileNo=&version=&page=&zoom=&moveX=&moveY=" "Mozilla/5.0 (Windows NT 6.1) AppleWebKit/537.36 (KHTML, like Gecko) Chrome/35.0.1916.153 Safari/537.36"
172.17.101.84 - - [14/Jul/2014:16:04:41 +0200] "GET /js/window.js?version=3.2014.24 HTTP/1.1" 200 68717 "http://p4altair.p4.org/ui/documents/extauth/documents/258640707/view/?fileNo=&version=&page=&zoom=&moveX=&moveY=" "Mozilla/5.0 (Windows NT 6.1) AppleWebKit/537.36 (KHTML, like Gecko) Chrome/35.0.1916.153 Safari/537.36"
172.17.101.84 - - [14/Jul/2014:16:04:41 +0200] "GET /images/tab_active.png HTTP/1.1" 200 933 "http://p4altair.p4.org/ui/documents/extauth/documents/258640707/view/?fileNo=&version=&page=&zoom=&moveX=&moveY=" "Mozilla/5.0 (Windows NT 6.1) AppleWebKit/537.36 (KHTML, like Gecko) Chrome/35.0.1916.153 Safari/537.36"
172.17.101.84 - - [14/Jul/2014:16:04:41 +0200] "GET /images/tab_not_active.png HTTP/1.1" 200 922 "http://p4altair.p4.org/ui/documents/extauth/documents/258640707/view/?fileNo=&version=&page=&zoom=&moveX=&moveY=" "Mozilla/5.0 (Windows NT 6.1) AppleWebKit/537.36 (KHTML, like Gecko) Chrome/35.0.1916.153 Safari/537.36"
172.17.101.19 - - [14/Jul/2014:16:04:41 +0200] "GET /ui/documents/extauth/documents/280615277/view/?embed=1 HTTP/1.1" 302 5 "http://co.p4.org/details.aspx?formName=CRQIncident2.Details&tid=&framelevel=0&lockWarnTime=-1&lockTimeout=-1&class=CRQIncident2&id=83432551&sequenceID=4285160b34c6485db694815ae769c75c&_tix=1405346664368" "Mozilla/5.0 (Windows NT 6.1; Trident/7.0; rv:11.0) like Gecko"
172.17.101.84 - - [14/Jul/2014:16:04:41 +0200] "GET /ui/documents/growser/?documentId=258640707&amp;fileId=108640530&amp;zoom=&amp;leftSideThumbnails=False HTTP/1.1" 200 3802 "http://p4altair.p4.org/ui/documents/extauth/documents/258640707/view/?fileNo=&version=&page=&zoom=&moveX=&moveY=" "Mozilla/5.0 (Windows NT 6.1) AppleWebKit/537.36 (KHTML, like Gecko) Chrome/35.0.1916.153 Safari/537.36"
172.17.101.84 - - [14/Jul/2014:16:04:41 +0200] "GET /jslang/pl.js HTTP/1.1" 200 28645 "http://p4altair.p4.org/ui/documents/growser/?documentId=258640707&amp;fileId=108640530&amp;zoom=&amp;leftSideThumbnails=False" "Mozilla/5.0 (Windows NT 6.1) AppleWebKit/537.36 (KHTML, like Gecko) Chrome/35.0.1916.153 Safari/537.36"
172.17.101.84 - - [14/Jul/2014:16:04:41 +0200] "GET /js/wfforms/moo-more.js?version=3.2014.24 HTTP/1.1" 200 57461 "http://p4altair.p4.org/ui/documents/growser/?documentId=258640707&amp;fileId=108640530&amp;zoom=&amp;leftSideThumbnails=False" "Mozilla/5.0 (Windows NT 6.1) AppleWebKit/537.36 (KHTML, like Gecko) Chrome/35.0.1916.153 Safari/537.36"
172.17.101.84 - - [14/Jul/2014:16:04:41 +0200] "GET /js/utils.js?version=3.2014.24 HTTP/1.1" 200 1675 "http://p4altair.p4.org/ui/documents/growser/?documentId=258640707&amp;fileId=108640530&amp;zoom=&amp;leftSideThumbnails=False" "Mozilla/5.0 (Windows NT 6.1) AppleWebKit/537.36 (KHTML, like Gecko) Chrome/35.0.1916.153 Safari/537.36"
172.17.101.84 - - [14/Jul/2014:16:04:41 +0200] "GET /js/deferred.js?version=3.2014.24 HTTP/1.1" 200 8964 "http://p4altair.p4.org/ui/documents/growser/?documentId=258640707&amp;fileId=108640530&amp;zoom=&amp;leftSideThumbnails=False" "Mozilla/5.0 (Windows NT 6.1) AppleWebKit/537.36 (KHTML, like Gecko) Chrome/35.0.1916.153 Safari/537.36"
172.17.101.84 - - [14/Jul/2014:16:04:41 +0200] "GET /js/wfforms/cd_api.js?version=3.2014.24 HTTP/1.1" 200 5107 "http://p4altair.p4.org/ui/documents/growser/?documentId=258640707&amp;fileId=108640530&amp;zoom=&amp;leftSideThumbnails=False" "Mozilla/5.0 (Windows NT 6.1) AppleWebKit/537.36 (KHTML, like Gecko) Chrome/35.0.1916.153 Safari/537.36"
172.17.105.51 - - [14/Jul/2014:16:04:41 +0200] "GET /files/i,130570380,1/19240101.tif?page=0 HTTP/1.1" 200 114766 "http://p4altair.p4.org/ui/documents/growser/?documentId=280572480&amp;fileId=130570380&amp;leftSideThumbnails=False" "Mozilla/4.0 (compatible; MSIE 7.0; Windows NT 5.1; Trident/4.0; .NET CLR 2.0.50727; .NET CLR 3.0.4506.2152; .NET CLR 3.5.30729; CMDTDF; .NET4.0C; .NET4.0E)"
172.17.101.84 - - [14/Jul/2014:16:04:41 +0200] "GET /styles/growser.css?version=3.2014.24 HTTP/1.1" 200 8898 "http://p4altair.p4.org/ui/documents/growser/?documentId=258640707&amp;fileId=108640530&amp;zoom=&amp;leftSideThumbnails=False" "Mozilla/5.0 (Windows NT 6.1) AppleWebKit/537.36 (KHTML, like Gecko) Chrome/35.0.1916.153 Safari/537.36"
172.17.101.84 - - [14/Jul/2014:16:04:41 +0200] "GET /js/printing.js?version=3.2014.24 HTTP/1.1" 200 3534 "http://p4altair.p4.org/ui/documents/growser/?documentId=258640707&amp;fileId=108640530&amp;zoom=&amp;leftSideThumbnails=False" "Mozilla/5.0 (Windows NT 6.1) AppleWebKit/537.36 (KHTML, like Gecko) Chrome/35.0.1916.153 Safari/537.36"
172.17.101.84 - - [14/Jul/2014:16:04:41 +0200] "GET /js/wfforms/moo-core.js?version=3.2014.24 HTTP/1.1" 200 105304 "http://p4altair.p4.org/ui/documents/growser/?documentId=258640707&amp;fileId=108640530&amp;zoom=&amp;leftSideThumbnails=False" "Mozilla/5.0 (Windows NT 6.1) AppleWebKit/537.36 (KHTML, like Gecko) Chrome/35.0.1916.153 Safari/537.36"
172.17.105.51 - - [14/Jul/2014:16:04:41 +0200] "GET /files/i,130570380,1/19240101.tif?page=0&thumbnail=150&rand2=6789 HTTP/1.1" 200 11493 "http://p4altair.p4.org/ui/documents/growser/?documentId=280572480&amp;fileId=130570380&amp;leftSideThumbnails=False" "Mozilla/4.0 (compatible; MSIE 7.0; Windows NT 5.1; Trident/4.0; .NET CLR 2.0.50727; .NET CLR 3.0.4506.2152; .NET CLR 3.5.30729; CMDTDF; .NET4.0C; .NET4.0E)"
172.17.101.84 - - [14/Jul/2014:16:04:41 +0200] "GET /js/growser.js?version=3.2014.24 HTTP/1.1" 200 85190 "http://p4altair.p4.org/ui/documents/growser/?documentId=258640707&amp;fileId=108640530&amp;zoom=&amp;leftSideThumbnails=False" "Mozilla/5.0 (Windows NT 6.1) AppleWebKit/537.36 (KHTML, like Gecko) Chrome/35.0.1916.153 Safari/537.36"
172.17.101.84 - - [14/Jul/2014:16:04:41 +0200] "GET /images/growser/back_1.png HTTP/1.1" 200 3166 "http://p4altair.p4.org/ui/documents/growser/?documentId=258640707&amp;fileId=108640530&amp;zoom=&amp;leftSideThumbnails=False" "Mozilla/5.0 (Windows NT 6.1) AppleWebKit/537.36 (KHTML, like Gecko) Chrome/35.0.1916.153 Safari/537.36"
172.17.101.84 - - [14/Jul/2014:16:04:41 +0200] "GET /images/growser/forward_1.png HTTP/1.1" 200 3160 "http://p4altair.p4.org/ui/documents/growser/?documentId=258640707&amp;fileId=108640530&amp;zoom=&amp;leftSideThumbnails=False" "Mozilla/5.0 (Windows NT 6.1) AppleWebKit/537.36 (KHTML, like Gecko) Chrome/35.0.1916.153 Safari/537.36"
172.17.101.84 - - [14/Jul/2014:16:04:41 +0200] "GET /images/growser/org.png HTTP/1.1" 200 3499 "http://p4altair.p4.org/ui/documents/growser/?documentId=258640707&amp;fileId=108640530&amp;zoom=&amp;leftSideThumbnails=False" "Mozilla/5.0 (Windows NT 6.1) AppleWebKit/537.36 (KHTML, like Gecko) Chrome/35.0.1916.153 Safari/537.36"
172.17.101.84 - - [14/Jul/2014:16:04:41 +0200] "GET /images/growser/width.png HTTP/1.1" 200 3175 "http://p4altair.p4.org/ui/documents/growser/?documentId=258640707&amp;fileId=108640530&amp;zoom=&amp;leftSideThumbnails=False" "Mozilla/5.0 (Windows NT 6.1) AppleWebKit/537.36 (KHTML, like Gecko) Chrome/35.0.1916.153 Safari/537.36"
172.17.101.84 - - [14/Jul/2014:16:04:41 +0200] "GET /images/growser/height.png HTTP/1.1" 200 3182 "http://p4altair.p4.org/ui/documents/growser/?documentId=258640707&amp;fileId=108640530&amp;zoom=&amp;leftSideThumbnails=False" "Mozilla/5.0 (Windows NT 6.1) AppleWebKit/537.36 (KHTML, like Gecko) Chrome/35.0.1916.153 Safari/537.36"
172.17.101.84 - - [14/Jul/2014:16:04:41 +0200] "GET /images/growser/page.png HTTP/1.1" 200 3414 "http://p4altair.p4.org/ui/documents/growser/?documentId=258640707&amp;fileId=108640530&amp;zoom=&amp;leftSideThumbnails=False" "Mozilla/5.0 (Windows NT 6.1) AppleWebKit/537.36 (KHTML, like Gecko) Chrome/35.0.1916.153 Safari/537.36"
172.17.101.84 - - [14/Jul/2014:16:04:41 +0200] "GET /images/growser/rotate_right.png HTTP/1.1" 200 3486 "http://p4altair.p4.org/ui/documents/growser/?documentId=258640707&amp;fileId=108640530&amp;zoom=&amp;leftSideThumbnails=False" "Mozilla/5.0 (Windows NT 6.1) AppleWebKit/537.36 (KHTML, like Gecko) Chrome/35.0.1916.153 Safari/537.36"
172.17.105.51 - - [14/Jul/2014:16:04:41 +0200] "GET /images/growser/download_inactive.png HTTP/1.1" 304 0 "http://p4altair.p4.org/ui/documents/growser/?documentId=280572480&amp;fileId=130570380&amp;leftSideThumbnails=False" "Mozilla/4.0 (compatible; MSIE 7.0; Windows NT 5.1; Trident/4.0; .NET CLR 2.0.50727; .NET CLR 3.0.4506.2152; .NET CLR 3.5.30729; CMDTDF; .NET4.0C; .NET4.0E)"
172.17.105.51 - - [14/Jul/2014:16:04:41 +0200] "GET /images/growser/pdf_inactive.png HTTP/1.1" 304 0 "http://p4altair.p4.org/ui/documents/growser/?documentId=280572480&amp;fileId=130570380&amp;leftSideThumbnails=False" "Mozilla/4.0 (compatible; MSIE 7.0; Windows NT 5.1; Trident/4.0; .NET CLR 2.0.50727; .NET CLR 3.0.4506.2152; .NET CLR 3.5.30729; CMDTDF; .NET4.0C; .NET4.0E)"
172.17.101.84 - - [14/Jul/2014:16:04:42 +0200] "GET /images/growser/sync.png HTTP/1.1" 200 3367 "http://p4altair.p4.org/ui/documents/growser/?documentId=258640707&amp;fileId=108640530&amp;zoom=&amp;leftSideThumbnails=False" "Mozilla/5.0 (Windows NT 6.1) AppleWebKit/537.36 (KHTML, like Gecko) Chrome/35.0.1916.153 Safari/537.36"
172.17.101.84 - - [14/Jul/2014:16:04:42 +0200] "GET /images/growser/bg_header.png HTTP/1.1" 200 232 "http://p4altair.p4.org/ui/documents/growser/?documentId=258640707&amp;fileId=108640530&amp;zoom=&amp;leftSideThumbnails=False" "Mozilla/5.0 (Windows NT 6.1) AppleWebKit/537.36 (KHTML, like Gecko) Chrome/35.0.1916.153 Safari/537.36"
172.17.101.84 - - [14/Jul/2014:16:04:42 +0200] "GET /images/growser/zoom_in_selected.png HTTP/1.1" 200 3404 "http://p4altair.p4.org/ui/documents/growser/?documentId=258640707&amp;fileId=108640530&amp;zoom=&amp;leftSideThumbnails=False" "Mozilla/5.0 (Windows NT 6.1) AppleWebKit/537.36 (KHTML, like Gecko) Chrome/35.0.1916.153 Safari/537.36"
172.17.101.84 - - [14/Jul/2014:16:04:42 +0200] "GET /images/growser/link.png HTTP/1.1" 200 3746 "http://p4altair.p4.org/ui/documents/growser/?documentId=258640707&amp;fileId=108640530&amp;zoom=&amp;leftSideThumbnails=False" "Mozilla/5.0 (Windows NT 6.1) AppleWebKit/537.36 (KHTML, like Gecko) Chrome/35.0.1916.153 Safari/537.36"
172.17.101.84 - - [14/Jul/2014:16:04:42 +0200] "GET /images/growser/rotate_left.png HTTP/1.1" 200 3500 "http://p4altair.p4.org/ui/documents/growser/?documentId=258640707&amp;fileId=108640530&amp;zoom=&amp;leftSideThumbnails=False" "Mozilla/5.0 (Windows NT 6.1) AppleWebKit/537.36 (KHTML, like Gecko) Chrome/35.0.1916.153 Safari/537.36"
172.17.101.84 - - [14/Jul/2014:16:04:42 +0200] "GET /images/growser/stamp.png HTTP/1.1" 200 3462 "http://p4altair.p4.org/ui/documents/growser/?documentId=258640707&amp;fileId=108640530&amp;zoom=&amp;leftSideThumbnails=False" "Mozilla/5.0 (Windows NT 6.1) AppleWebKit/537.36 (KHTML, like Gecko) Chrome/35.0.1916.153 Safari/537.36"
172.17.101.84 - - [14/Jul/2014:16:04:42 +0200] "GET /images/growser/mail.png HTTP/1.1" 200 3544 "http://p4altair.p4.org/ui/documents/growser/?documentId=258640707&amp;fileId=108640530&amp;zoom=&amp;leftSideThumbnails=False" "Mozilla/5.0 (Windows NT 6.1) AppleWebKit/537.36 (KHTML, like Gecko) Chrome/35.0.1916.153 Safari/537.36"
172.17.101.84 - - [14/Jul/2014:16:04:42 +0200] "GET /images/growser/zoom_in.png HTTP/1.1" 200 3109 "http://p4altair.p4.org/ui/documents/growser/?documentId=258640707&amp;fileId=108640530&amp;zoom=&amp;leftSideThumbnails=False" "Mozilla/5.0 (Windows NT 6.1) AppleWebKit/537.36 (KHTML, like Gecko) Chrome/35.0.1916.153 Safari/537.36"
172.17.101.84 - - [14/Jul/2014:16:04:42 +0200] "GET /files/i,108640530,1/00000100030020481265013955691212150021947909.tif?info=jsonp&callback=Request.JSONP.request_map.request_0&random=20407 HTTP/1.1" 200 53 "http://p4altair.p4.org/ui/documents/growser/?documentId=258640707&amp;fileId=108640530&amp;zoom=&amp;leftSideThumbnails=False" "Mozilla/5.0 (Windows NT 6.1) AppleWebKit/537.36 (KHTML, like Gecko) Chrome/35.0.1916.153 Safari/537.36"
172.17.101.84 - - [14/Jul/2014:16:04:42 +0200] "GET /api/avatar?_random=0.0318778813816607 HTTP/1.1" 200 159 "http://p4altair.p4.org/ui/documents/growser/?documentId=258640707&amp;fileId=108640530&amp;zoom=&amp;leftSideThumbnails=False" "Mozilla/5.0 (Windows NT 6.1) AppleWebKit/537.36 (KHTML, like Gecko) Chrome/35.0.1916.153 Safari/537.36"
172.17.101.84 - - [14/Jul/2014:16:04:42 +0200] "GET /images/growser/zoom_out.png HTTP/1.1" 200 3007 "http://p4altair.p4.org/ui/documents/growser/?documentId=258640707&amp;fileId=108640530&amp;zoom=&amp;leftSideThumbnails=False" "Mozilla/5.0 (Windows NT 6.1) AppleWebKit/537.36 (KHTML, like Gecko) Chrome/35.0.1916.153 Safari/537.36"
