172.17.105.52 - - [14/Jul/2014:16:06:22 +0200] "GET /files/i,130600463,1/19271915.tif?page=6 HTTP/1.1" 200 2242854 "http://p4altair.p4.org/ui/documents/growser/?documentId=280602563&amp;fileId=130600463&amp;leftSideThumbnails=False" "Mozilla/5.0 (Windows NT 5.1) AppleWebKit/537.36 (KHTML, like Gecko) Chrome/32.0.1700.102 Safari/537.36"
78.11.35.207 - - [14/Jul/2014:16:06:22 +0200] "POST /api/xprovider?attr=index&call=getAttribute HTTP/1.1" 200 235 "-" "-"
78.11.35.207 - - [14/Jul/2014:16:06:22 +0200] "POST /api/xprovider?attr=index&call=getAttribute HTTP/1.1" 200 225 "-" "-"
78.11.35.207 - - [14/Jul/2014:16:06:23 +0200] "POST /api/xprovider?attr=index&call=getAttribute HTTP/1.1" 200 238 "-" "-"
78.11.35.207 - - [14/Jul/2014:16:06:23 +0200] "POST /api/xprovider?attr=index&call=getAttribute HTTP/1.1" 200 219 "-" "-"
78.11.35.207 - - [14/Jul/2014:16:06:23 +0200] "POST /api/xprovider?attr=index&call=getAttribute HTTP/1.1" 200 239 "-" "-"
78.11.35.207 - - [14/Jul/2014:16:06:23 +0200] "POST /api/xprovider?attr=index&call=getAttribute HTTP/1.1" 200 235 "-" "-"
78.11.35.207 - - [14/Jul/2014:16:06:23 +0200] "POST /api/xprovider?attr=index&call=getAttribute HTTP/1.1" 200 251 "-" "-"
78.11.35.207 - - [14/Jul/2014:16:06:23 +0200] "POST /api/xprovider?attr=index&call=getAttribute HTTP/1.1" 200 255 "-" "-"
78.11.35.207 - - [14/Jul/2014:16:06:23 +0200] "POST /api/xprovider?attr=index&call=getAttribute HTTP/1.1" 200 245 "-" "-"
78.11.35.207 - - [14/Jul/2014:16:06:23 +0200] "POST /api/xprovider?attr=index&call=getAttribute HTTP/1.1" 200 295 "-" "-"
78.11.35.207 - - [14/Jul/2014:16:06:23 +0200] "POST /api/xprovider?attr=index&call=getAttribute HTTP/1.1" 200 268 "-" "-"
78.11.35.207 - - [14/Jul/2014:16:06:23 +0200] "POST /api/xprovider?attr=index&call=getAttribute HTTP/1.1" 200 237 "-" "-"
78.11.35.207 - - [14/Jul/2014:16:06:23 +0200] "POST /api/xprovider?attr=index&call=getAttribute HTTP/1.1" 200 296 "-" "-"
78.11.35.207 - - [14/Jul/2014:16:06:23 +0200] "POST /api/xprovider?attr=index&call=getAttribute HTTP/1.1" 200 241 "-" "-"
78.11.35.207 - - [14/Jul/2014:16:06:23 +0200] "POST /api/xprovider?attr=index&call=getAttribute HTTP/1.1" 200 243 "-" "-"
78.11.35.207 - - [14/Jul/2014:16:06:23 +0200] "POST /api/xprovider?attr=index&call=getAttribute HTTP/1.1" 200 233 "-" "-"
78.11.35.207 - - [14/Jul/2014:16:06:23 +0200] "POST /api/xprovider?attr=index&call=getAttribute HTTP/1.1" 200 253 "-" "-"
78.11.35.207 - - [14/Jul/2014:16:06:24 +0200] "POST /api/xprovider?attr=index&call=getAttribute HTTP/1.1" 200 225 "-" "-"
78.11.35.207 - - [14/Jul/2014:16:06:24 +0200] "POST /api/xprovider?attr=index&call=getAttribute HTTP/1.1" 200 262 "-" "-"
78.11.35.207 - - [14/Jul/2014:16:06:24 +0200] "POST /api/xprovider?attr=index&call=getAttribute HTTP/1.1" 200 248 "-" "-"
78.11.35.207 - - [14/Jul/2014:16:06:24 +0200] "POST /api/xprovider?attr=index&call=getAttribute HTTP/1.1" 200 234 "-" "-"
78.11.35.207 - - [14/Jul/2014:16:06:24 +0200] "POST /api/xprovider?attr=index&call=getAttribute HTTP/1.1" 200 238 "-" "-"
78.11.35.207 - - [14/Jul/2014:16:06:24 +0200] "POST /api/avatar?call=startTransaction HTTP/1.1" 204 0 "-" "-"
78.11.35.207 - - [14/Jul/2014:16:06:24 +0200] "POST /api/global/classes/System?call=create HTTP/1.1" 200 118 "-" "-"
78.11.35.207 - - [14/Jul/2014:16:06:24 +0200] "POST /api/documents/280616871?call=addCategoryValues HTTP/1.1" 200 33 "-" "-"
78.11.35.207 - - [14/Jul/2014:16:06:24 +0200] "POST /api/documents/280616871?sizehint=199340&filename=19286231.tif&call=uploadFile HTTP/1.1" 200 196 "-" "-"
78.11.35.207 - - [14/Jul/2014:16:06:24 +0200] "PUT /files/upload/r23 HTTP/1.1" 201 30 "-" "-"
78.11.35.207 - - [14/Jul/2014:16:06:24 +0200] "POST /api/avatar/transient/23?call=waitForCompletion HTTP/1.1" 204 0 "-" "-"
78.11.35.207 - - [14/Jul/2014:16:06:24 +0200] "POST /api/avatar?commit=true&call=finishTransaction HTTP/1.1" 200 4 "-" "-"
78.11.35.207 - - [14/Jul/2014:16:06:24 +0200] "GET /api/global/classes/System HTTP/1.1" 200 149 "-" "-"
78.11.35.207 - - [14/Jul/2014:16:06:24 +0200] "GET /api/global/categories/01.%20UM%20-%20Umowy HTTP/1.1" 200 171 "-" "-"
78.11.35.207 - - [14/Jul/2014:16:06:24 +0200] "POST /api/xprovider?attr=indexes&call=getAttribute HTTP/1.1" 200 3409 "-" "-"
78.11.35.207 - - [14/Jul/2014:16:06:25 +0200] "POST /api/xprovider?attr=index&call=getAttribute HTTP/1.1" 200 283 "-" "-"
78.11.35.207 - - [14/Jul/2014:16:06:25 +0200] "POST /api/xprovider?attr=index&call=getAttribute HTTP/1.1" 200 235 "-" "-"
78.11.35.207 - - [14/Jul/2014:16:06:25 +0200] "POST /api/xprovider?attr=index&call=getAttribute HTTP/1.1" 200 225 "-" "-"
78.11.35.207 - - [14/Jul/2014:16:06:25 +0200] "POST /api/xprovider?attr=index&call=getAttribute HTTP/1.1" 200 238 "-" "-"
78.11.35.207 - - [14/Jul/2014:16:06:25 +0200] "POST /api/xprovider?attr=index&call=getAttribute HTTP/1.1" 200 219 "-" "-"
78.11.35.207 - - [14/Jul/2014:16:06:25 +0200] "POST /api/xprovider?attr=index&call=getAttribute HTTP/1.1" 200 239 "-" "-"
78.11.35.207 - - [14/Jul/2014:16:06:25 +0200] "POST /api/xprovider?attr=index&call=getAttribute HTTP/1.1" 200 235 "-" "-"
78.11.35.207 - - [14/Jul/2014:16:06:25 +0200] "POST /api/xprovider?attr=index&call=getAttribute HTTP/1.1" 200 251 "-" "-"
78.11.35.207 - - [14/Jul/2014:16:06:25 +0200] "POST /api/xprovider?attr=index&call=getAttribute HTTP/1.1" 200 255 "-" "-"
78.11.35.207 - - [14/Jul/2014:16:06:25 +0200] "POST /api/xprovider?attr=index&call=getAttribute HTTP/1.1" 200 245 "-" "-"
78.11.35.207 - - [14/Jul/2014:16:06:25 +0200] "POST /api/xprovider?attr=index&call=getAttribute HTTP/1.1" 200 295 "-" "-"
78.11.35.207 - - [14/Jul/2014:16:06:25 +0200] "POST /api/xprovider?attr=index&call=getAttribute HTTP/1.1" 200 268 "-" "-"
78.11.35.207 - - [14/Jul/2014:16:06:25 +0200] "POST /api/xprovider?attr=index&call=getAttribute HTTP/1.1" 200 237 "-" "-"
192.168.1.85 - - [14/Jul/2014:16:06:25 +0200] "GET /api/global/classes/System HTTP/1.1" 200 149 "-" "-"
172.17.101.84 - - [14/Jul/2014:16:06:25 +0200] "GET /files/i,108036882,1/00000113030041970030002251081310030027587807.tif?page=11&thumbnail=150&rand2=5466 HTTP/1.1" 200 16593 "http://p4altair.p4.org/ui/documents/growser/?documentId=258037057&amp;fileId=108036882&amp;zoom=&amp;leftSideThumbnails=False" "Mozilla/5.0 (Windows NT 6.1) AppleWebKit/537.36 (KHTML, like Gecko) Chrome/35.0.1916.153 Safari/537.36"
192.168.1.85 - - [14/Jul/2014:16:06:25 +0200] "POST /api/avatar?call=startTransaction HTTP/1.1" 204 0 "-" "-"
78.11.35.207 - - [14/Jul/2014:16:06:25 +0200] "POST /api/xprovider?attr=index&call=getAttribute HTTP/1.1" 200 296 "-" "-"
172.17.101.84 - - [14/Jul/2014:16:06:26 +0200] "GET /files/i,108036882,1/00000113030041970030002251081310030027587807.tif?info=jsonp&page=10&callback=Request.JSONP.request_map.request_5&random=34654 HTTP/1.1" 200 68 "http://p4altair.p4.org/ui/documents/growser/?documentId=258037057&amp;fileId=108036882&amp;zoom=&amp;leftSideThumbnails=False" "Mozilla/5.0 (Windows NT 6.1) AppleWebKit/537.36 (KHTML, like Gecko) Chrome/35.0.1916.153 Safari/537.36"
192.168.1.85 - - [14/Jul/2014:16:06:26 +0200] "POST /api/global/classes/System?call=create HTTP/1.1" 200 118 "-" "-"
78.11.35.207 - - [14/Jul/2014:16:06:26 +0200] "POST /api/xprovider?attr=index&call=getAttribute HTTP/1.1" 200 241 "-" "-"
78.11.35.207 - - [14/Jul/2014:16:06:26 +0200] "POST /api/xprovider?attr=index&call=getAttribute HTTP/1.1" 200 243 "-" "-"
78.11.35.207 - - [14/Jul/2014:16:06:26 +0200] "POST /api/xprovider?attr=index&call=getAttribute HTTP/1.1" 200 233 "-" "-"
78.11.35.207 - - [14/Jul/2014:16:06:26 +0200] "POST /api/xprovider?attr=index&call=getAttribute HTTP/1.1" 200 253 "-" "-"
192.168.1.85 - - [14/Jul/2014:16:06:26 +0200] "POST /api/documents/280616872?call=addCategoryValues HTTP/1.1" 200 32 "-" "-"
10.10.33.59 - - [14/Jul/2014:16:06:26 +0200] "POST /api/login HTTP/1.1" 200 164 "-" "Apache CXF 2.6.1"
78.11.35.207 - - [14/Jul/2014:16:06:26 +0200] "POST /api/xprovider?attr=index&call=getAttribute HTTP/1.1" 200 225 "-" "-"
10.10.33.59 - - [14/Jul/2014:16:06:27 +0200] "POST /api/global/search/documents?call=search HTTP/1.1" 200 115 "-" "Apache CXF 2.6.1"
192.168.1.85 - - [14/Jul/2014:16:06:27 +0200] "POST /api/documents/280616872?sizehint=1332&call=uploadFile HTTP/1.1" 200 220 "-" "-"
192.168.1.85 - - [14/Jul/2014:16:06:27 +0200] "PUT /files/upload/r1 HTTP/1.1" 201 30 "-" "-"
10.10.33.59 - - [14/Jul/2014:16:06:27 +0200] "GET /api/avatar/transient/1?call=getAll HTTP/1.1" 200 213 "-" "Apache CXF 2.6.1"
192.168.1.85 - - [14/Jul/2014:16:06:27 +0200] "POST /api/avatar/transient/11?call=waitForCompletion HTTP/1.1" 204 0 "-" "-"
10.10.33.59 - - [14/Jul/2014:16:06:27 +0200] "POST /api/avatar?call=logout HTTP/1.1" 204 0 "-" "Apache CXF 2.6.1"
192.168.1.85 - - [14/Jul/2014:16:06:27 +0200] "POST /api/avatar/transient/11?attr=file&call=getAttribute HTTP/1.1" 200 612 "-" "-"
192.168.1.85 - - [14/Jul/2014:16:06:27 +0200] "POST /api/documents/280616872?call=getIndexesValues HTTP/1.1" 200 164 "-" "-"
192.168.1.85 - - [14/Jul/2014:16:06:27 +0200] "POST /api/documents/280616872?call=getIndexesValues HTTP/1.1" 200 620 "-" "-"
192.168.1.85 - - [14/Jul/2014:16:06:27 +0200] "POST /api/avatar?commit=true&call=finishTransaction HTTP/1.1" 200 4 "-" "-"
78.11.35.207 - - [14/Jul/2014:16:06:27 +0200] "POST /api/xprovider?attr=index&call=getAttribute HTTP/1.1" 200 262 "-" "-"
192.168.9.87 - - [14/Jul/2014:16:06:27 +0200] "GET /styles/main.css?version=3.2014.24 HTTP/1.1" 200 35533 "http://p4altair.p4.org/ui/documents/extauth/documents/280494905/view/?embed=1&cd3Token=33604%0araw%0a%8f%ba7s.%f2%b2%ebX%b6%84I%b8_%9c%5dAUIC%13%01%a1k%ee%e0T%d6%0cIh%90%0aUser%3a+33604" "Mozilla/4.0 (compatible; MSIE 8.0; Windows NT 6.1; Trident/4.0; SLCC2; .NET CLR 2.0.50727; .NET CLR 3.5.30729; .NET CLR 3.0.30729; .NET4.0C; .NET4.0E)"
192.168.9.87 - - [14/Jul/2014:16:06:27 +0200] "GET /js/scrollbar.js?version=3.2014.24 HTTP/1.1" 200 7923 "http://p4altair.p4.org/ui/documents/extauth/documents/280494905/view/?embed=1&cd3Token=33604%0araw%0a%8f%ba7s.%f2%b2%ebX%b6%84I%b8_%9c%5dAUIC%13%01%a1k%ee%e0T%d6%0cIh%90%0aUser%3a+33604" "Mozilla/4.0 (compatible; MSIE 8.0; Windows NT 6.1; Trident/4.0; SLCC2; .NET CLR 2.0.50727; .NET CLR 3.5.30729; .NET CLR 3.0.30729; .NET4.0C; .NET4.0E)"
192.168.9.87 - - [14/Jul/2014:16:06:27 +0200] "GET /js/slider.js?version=3.2014.24 HTTP/1.1" 200 10297 "http://p4altair.p4.org/ui/documents/extauth/documents/280494905/view/?embed=1&cd3Token=33604%0araw%0a%8f%ba7s.%f2%b2%ebX%b6%84I%b8_%9c%5dAUIC%13%01%a1k%ee%e0T%d6%0cIh%90%0aUser%3a+33604" "Mozilla/4.0 (compatible; MSIE 8.0; Windows NT 6.1; Trident/4.0; SLCC2; .NET CLR 2.0.50727; .NET CLR 3.5.30729; .NET CLR 3.0.30729; .NET4.0C; .NET4.0E)"
192.168.9.87 - - [14/Jul/2014:16:06:27 +0200] "GET /js/livepipe.js?version=3.2014.24 HTTP/1.1" 200 6463 "http://p4altair.p4.org/ui/documents/extauth/documents/280494905/view/?embed=1&cd3Token=33604%0araw%0a%8f%ba7s.%f2%b2%ebX%b6%84I%b8_%9c%5dAUIC%13%01%a1k%ee%e0T%d6%0cIh%90%0aUser%3a+33604" "Mozilla/4.0 (compatible; MSIE 8.0; Windows NT 6.1; Trident/4.0; SLCC2; .NET CLR 2.0.50727; .NET CLR 3.5.30729; .NET CLR 3.0.30729; .NET4.0C; .NET4.0E)"
192.168.9.87 - - [14/Jul/2014:16:06:27 +0200] "GET /styles/forms.css?version=3.2014.24 HTTP/1.1" 200 15586 "http://p4altair.p4.org/ui/documents/extauth/documents/280494905/view/?embed=1&cd3Token=33604%0araw%0a%8f%ba7s.%f2%b2%ebX%b6%84I%b8_%9c%5dAUIC%13%01%a1k%ee%e0T%d6%0cIh%90%0aUser%3a+33604" "Mozilla/4.0 (compatible; MSIE 8.0; Windows NT 6.1; Trident/4.0; SLCC2; .NET CLR 2.0.50727; .NET CLR 3.5.30729; .NET CLR 3.0.30729; .NET4.0C; .NET4.0E)"
192.168.9.87 - - [14/Jul/2014:16:06:27 +0200] "GET /js/onContent.js?version=3.2014.24 HTTP/1.1" 200 688 "http://p4altair.p4.org/ui/documents/extauth/documents/280494905/view/?embed=1&cd3Token=33604%0araw%0a%8f%ba7s.%f2%b2%ebX%b6%84I%b8_%9c%5dAUIC%13%01%a1k%ee%e0T%d6%0cIh%90%0aUser%3a+33604" "Mozilla/4.0 (compatible; MSIE 8.0; Windows NT 6.1; Trident/4.0; SLCC2; .NET CLR 2.0.50727; .NET CLR 3.5.30729; .NET CLR 3.0.30729; .NET4.0C; .NET4.0E)"
192.168.9.87 - - [14/Jul/2014:16:06:27 +0200] "GET /js/cd3.js?version=3.2014.24 HTTP/1.1" 200 1624 "http://p4altair.p4.org/ui/documents/extauth/documents/280494905/view/?embed=1&cd3Token=33604%0araw%0a%8f%ba7s.%f2%b2%ebX%b6%84I%b8_%9c%5dAUIC%13%01%a1k%ee%e0T%d6%0cIh%90%0aUser%3a+33604" "Mozilla/4.0 (compatible; MSIE 8.0; Windows NT 6.1; Trident/4.0; SLCC2; .NET CLR 2.0.50727; .NET CLR 3.5.30729; .NET CLR 3.0.30729; .NET4.0C; .NET4.0E)"
192.168.9.87 - - [14/Jul/2014:16:06:27 +0200] "GET /js/console.js?version=3.2014.24 HTTP/1.1" 200 402 "http://p4altair.p4.org/ui/documents/extauth/documents/280494905/view/?embed=1&cd3Token=33604%0araw%0a%8f%ba7s.%f2%b2%ebX%b6%84I%b8_%9c%5dAUIC%13%01%a1k%ee%e0T%d6%0cIh%90%0aUser%3a+33604" "Mozilla/4.0 (compatible; MSIE 8.0; Windows NT 6.1; Trident/4.0; SLCC2; .NET CLR 2.0.50727; .NET CLR 3.5.30729; .NET CLR 3.0.30729; .NET4.0C; .NET4.0E)"
192.168.9.87 - - [14/Jul/2014:16:06:27 +0200] "GET /js/common.js?version=3.2014.24 HTTP/1.1" 200 35752 "http://p4altair.p4.org/ui/documents/extauth/documents/280494905/view/?embed=1&cd3Token=33604%0araw%0a%8f%ba7s.%f2%b2%ebX%b6%84I%b8_%9c%5dAUIC%13%01%a1k%ee%e0T%d6%0cIh%90%0aUser%3a+33604" "Mozilla/4.0 (compatible; MSIE 8.0; Windows NT 6.1; Trident/4.0; SLCC2; .NET CLR 2.0.50727; .NET CLR 3.5.30729; .NET CLR 3.0.30729; .NET4.0C; .NET4.0E)"
192.168.9.87 - - [14/Jul/2014:16:06:27 +0200] "GET /jslang/pl.js?version=3.2014.24 HTTP/1.1" 200 28645 "http://p4altair.p4.org/ui/documents/extauth/documents/280494905/view/?embed=1&cd3Token=33604%0araw%0a%8f%ba7s.%f2%b2%ebX%b6%84I%b8_%9c%5dAUIC%13%01%a1k%ee%e0T%d6%0cIh%90%0aUser%3a+33604" "Mozilla/4.0 (compatible; MSIE 8.0; Windows NT 6.1; Trident/4.0; SLCC2; .NET CLR 2.0.50727; .NET CLR 3.5.30729; .NET CLR 3.0.30729; .NET4.0C; .NET4.0E)"
192.168.9.87 - - [14/Jul/2014:16:06:27 +0200] "GET /js/tableview.js?version=3.2014.24 HTTP/1.1" 200 30390 "http://p4altair.p4.org/ui/documents/extauth/documents/280494905/view/?embed=1&cd3Token=33604%0araw%0a%8f%ba7s.%f2%b2%ebX%b6%84I%b8_%9c%5dAUIC%13%01%a1k%ee%e0T%d6%0cIh%90%0aUser%3a+33604" "Mozilla/4.0 (compatible; MSIE 8.0; Windows NT 6.1; Trident/4.0; SLCC2; .NET CLR 2.0.50727; .NET CLR 3.5.30729; .NET CLR 3.0.30729; .NET4.0C; .NET4.0E)"
192.168.9.87 - - [14/Jul/2014:16:06:27 +0200] "GET /js/date.js?version=3.2014.24 HTTP/1.1" 200 16156 "http://p4altair.p4.org/ui/documents/extauth/documents/280494905/view/?embed=1&cd3Token=33604%0araw%0a%8f%ba7s.%f2%b2%ebX%b6%84I%b8_%9c%5dAUIC%13%01%a1k%ee%e0T%d6%0cIh%90%0aUser%3a+33604" "Mozilla/4.0 (compatible; MSIE 8.0; Windows NT 6.1; Trident/4.0; SLCC2; .NET CLR 2.0.50727; .NET CLR 3.5.30729; .NET CLR 3.0.30729; .NET4.0C; .NET4.0E)"
78.11.35.207 - - [14/Jul/2014:16:06:27 +0200] "POST /api/xprovider?attr=index&call=getAttribute HTTP/1.1" 200 248 "-" "-"
192.168.9.87 - - [14/Jul/2014:16:06:27 +0200] "GET /js/prototype.js?version=3.2014.24 HTTP/1.1" 200 140279 "http://p4altair.p4.org/ui/documents/extauth/documents/280494905/view/?embed=1&cd3Token=33604%0araw%0a%8f%ba7s.%f2%b2%ebX%b6%84I%b8_%9c%5dAUIC%13%01%a1k%ee%e0T%d6%0cIh%90%0aUser%3a+33604" "Mozilla/4.0 (compatible; MSIE 8.0; Windows NT 6.1; Trident/4.0; SLCC2; .NET CLR 2.0.50727; .NET CLR 3.5.30729; .NET CLR 3.0.30729; .NET4.0C; .NET4.0E)"
192.168.9.87 - - [14/Jul/2014:16:06:27 +0200] "GET /js/menu.js?version=3.2014.24 HTTP/1.1" 200 20056 "http://p4altair.p4.org/ui/documents/extauth/documents/280494905/view/?embed=1&cd3Token=33604%0araw%0a%8f%ba7s.%f2%b2%ebX%b6%84I%b8_%9c%5dAUIC%13%01%a1k%ee%e0T%d6%0cIh%90%0aUser%3a+33604" "Mozilla/4.0 (compatible; MSIE 8.0; Windows NT 6.1; Trident/4.0; SLCC2; .NET CLR 2.0.50727; .NET CLR 3.5.30729; .NET CLR 3.0.30729; .NET4.0C; .NET4.0E)"
192.168.9.87 - - [14/Jul/2014:16:06:27 +0200] "GET /js/windowutils.js?version=3.2014.24 HTTP/1.1" 200 17743 "http://p4altair.p4.org/ui/documents/extauth/documents/280494905/view/?embed=1&cd3Token=33604%0araw%0a%8f%ba7s.%f2%b2%ebX%b6%84I%b8_%9c%5dAUIC%13%01%a1k%ee%e0T%d6%0cIh%90%0aUser%3a+33604" "Mozilla/4.0 (compatible; MSIE 8.0; Windows NT 6.1; Trident/4.0; SLCC2; .NET CLR 2.0.50727; .NET CLR 3.5.30729; .NET CLR 3.0.30729; .NET4.0C; .NET4.0E)"
192.168.9.87 - - [14/Jul/2014:16:06:27 +0200] "GET /js/zeroclipboard/zeroclipboard.js?version=3.2014.24 HTTP/1.1" 200 9784 "http://p4altair.p4.org/ui/documents/extauth/documents/280494905/view/?embed=1&cd3Token=33604%0araw%0a%8f%ba7s.%f2%b2%ebX%b6%84I%b8_%9c%5dAUIC%13%01%a1k%ee%e0T%d6%0cIh%90%0aUser%3a+33604" "Mozilla/4.0 (compatible; MSIE 8.0; Windows NT 6.1; Trident/4.0; SLCC2; .NET CLR 2.0.50727; .NET CLR 3.5.30729; .NET CLR 3.0.30729; .NET4.0C; .NET4.0E)"
192.168.9.87 - - [14/Jul/2014:16:06:27 +0200] "GET /js/error_utils.js?version=3.2014.24 HTTP/1.1" 200 3742 "http://p4altair.p4.org/ui/documents/extauth/documents/280494905/view/?embed=1&cd3Token=33604%0araw%0a%8f%ba7s.%f2%b2%ebX%b6%84I%b8_%9c%5dAUIC%13%01%a1k%ee%e0T%d6%0cIh%90%0aUser%3a+33604" "Mozilla/4.0 (compatible; MSIE 8.0; Windows NT 6.1; Trident/4.0; SLCC2; .NET CLR 2.0.50727; .NET CLR 3.5.30729; .NET CLR 3.0.30729; .NET4.0C; .NET4.0E)"
192.168.9.87 - - [14/Jul/2014:16:06:27 +0200] "GET /styles/default.css HTTP/1.1" 304 0 "http://p4altair.p4.org/ui/documents/extauth/documents/280494905/view/?embed=1&cd3Token=33604%0araw%0a%8f%ba7s.%f2%b2%ebX%b6%84I%b8_%9c%5dAUIC%13%01%a1k%ee%e0T%d6%0cIh%90%0aUser%3a+33604" "Mozilla/4.0 (compatible; MSIE 8.0; Windows NT 6.1; Trident/4.0; SLCC2; .NET CLR 2.0.50727; .NET CLR 3.5.30729; .NET CLR 3.0.30729; .NET4.0C; .NET4.0E)"
192.168.9.87 - - [14/Jul/2014:16:06:27 +0200] "GET /js/forms.js?version=3.2014.24 HTTP/1.1" 200 73825 "http://p4altair.p4.org/ui/documents/extauth/documents/280494905/view/?embed=1&cd3Token=33604%0araw%0a%8f%ba7s.%f2%b2%ebX%b6%84I%b8_%9c%5dAUIC%13%01%a1k%ee%e0T%d6%0cIh%90%0aUser%3a+33604" "Mozilla/4.0 (compatible; MSIE 8.0; Windows NT 6.1; Trident/4.0; SLCC2; .NET CLR 2.0.50727; .NET CLR 3.5.30729; .NET CLR 3.0.30729; .NET4.0C; .NET4.0E)"
192.168.9.87 - - [14/Jul/2014:16:06:27 +0200] "GET /styles/mac_os_x.css HTTP/1.1" 304 0 "http://p4altair.p4.org/ui/documents/extauth/documents/280494905/view/?embed=1&cd3Token=33604%0araw%0a%8f%ba7s.%f2%b2%ebX%b6%84I%b8_%9c%5dAUIC%13%01%a1k%ee%e0T%d6%0cIh%90%0aUser%3a+33604" "Mozilla/4.0 (compatible; MSIE 8.0; Windows NT 6.1; Trident/4.0; SLCC2; .NET CLR 2.0.50727; .NET CLR 3.5.30729; .NET CLR 3.0.30729; .NET4.0C; .NET4.0E)"
192.168.9.87 - - [14/Jul/2014:16:06:27 +0200] "GET /styles/alert_lite.css HTTP/1.1" 304 0 "http://p4altair.p4.org/ui/documents/extauth/documents/280494905/view/?embed=1&cd3Token=33604%0araw%0a%8f%ba7s.%f2%b2%ebX%b6%84I%b8_%9c%5dAUIC%13%01%a1k%ee%e0T%d6%0cIh%90%0aUser%3a+33604" "Mozilla/4.0 (compatible; MSIE 8.0; Windows NT 6.1; Trident/4.0; SLCC2; .NET CLR 2.0.50727; .NET CLR 3.5.30729; .NET CLR 3.0.30729; .NET4.0C; .NET4.0E)"
192.168.9.87 - - [14/Jul/2014:16:06:27 +0200] "GET /styles/alphacube.css HTTP/1.1" 304 0 "http://p4altair.p4.org/ui/documents/extauth/documents/280494905/view/?embed=1&cd3Token=33604%0araw%0a%8f%ba7s.%f2%b2%ebX%b6%84I%b8_%9c%5dAUIC%13%01%a1k%ee%e0T%d6%0cIh%90%0aUser%3a+33604" "Mozilla/4.0 (compatible; MSIE 8.0; Windows NT 6.1; Trident/4.0; SLCC2; .NET CLR 2.0.50727; .NET CLR 3.5.30729; .NET CLR 3.0.30729; .NET4.0C; .NET4.0E)"
192.168.9.87 - - [14/Jul/2014:16:06:27 +0200] "GET /js/builder.js?version=3.2014.24 HTTP/1.1" 200 4744 "http://p4altair.p4.org/ui/documents/extauth/documents/280494905/view/?embed=1&cd3Token=33604%0araw%0a%8f%ba7s.%f2%b2%ebX%b6%84I%b8_%9c%5dAUIC%13%01%a1k%ee%e0T%d6%0cIh%90%0aUser%3a+33604" "Mozilla/4.0 (compatible; MSIE 8.0; Windows NT 6.1; Trident/4.0; SLCC2; .NET CLR 2.0.50727; .NET CLR 3.5.30729; .NET CLR 3.0.30729; .NET4.0C; .NET4.0E)"
192.168.9.87 - - [14/Jul/2014:16:06:27 +0200] "GET /js/effects.js?version=3.2014.24 HTTP/1.1" 200 38572 "http://p4altair.p4.org/ui/documents/extauth/documents/280494905/view/?embed=1&cd3Token=33604%0araw%0a%8f%ba7s.%f2%b2%ebX%b6%84I%b8_%9c%5dAUIC%13%01%a1k%ee%e0T%d6%0cIh%90%0aUser%3a+33604" "Mozilla/4.0 (compatible; MSIE 8.0; Windows NT 6.1; Trident/4.0; SLCC2; .NET CLR 2.0.50727; .NET CLR 3.5.30729; .NET CLR 3.0.30729; .NET4.0C; .NET4.0E)"
192.168.9.87 - - [14/Jul/2014:16:06:27 +0200] "GET /js/ajax.js?version=3.2014.24 HTTP/1.1" 200 6737 "http://p4altair.p4.org/ui/documents/extauth/documents/280494905/view/?embed=1&cd3Token=33604%0araw%0a%8f%ba7s.%f2%b2%ebX%b6%84I%b8_%9c%5dAUIC%13%01%a1k%ee%e0T%d6%0cIh%90%0aUser%3a+33604" "Mozilla/4.0 (compatible; MSIE 8.0; Windows NT 6.1; Trident/4.0; SLCC2; .NET CLR 2.0.50727; .NET CLR 3.5.30729; .NET CLR 3.0.30729; .NET4.0C; .NET4.0E)"
192.168.9.87 - - [14/Jul/2014:16:06:27 +0200] "GET /js/window.js?version=3.2014.24 HTTP/1.1" 200 68717 "http://p4altair.p4.org/ui/documents/extauth/documents/280494905/view/?embed=1&cd3Token=33604%0araw%0a%8f%ba7s.%f2%b2%ebX%b6%84I%b8_%9c%5dAUIC%13%01%a1k%ee%e0T%d6%0cIh%90%0aUser%3a+33604" "Mozilla/4.0 (compatible; MSIE 8.0; Windows NT 6.1; Trident/4.0; SLCC2; .NET CLR 2.0.50727; .NET CLR 3.5.30729; .NET CLR 3.0.30729; .NET4.0C; .NET4.0E)"
78.11.35.207 - - [14/Jul/2014:16:06:27 +0200] "POST /api/xprovider?attr=index&call=getAttribute HTTP/1.1" 200 234 "-" "-"
192.168.9.87 - - [14/Jul/2014:16:06:27 +0200] "GET /ui/documents/extauth/documents/280494905/view/?embed=1&cd3Token=33604%0araw%0a%8f%ba7s.%f2%b2%ebX%b6%84I%b8_%9c%5dAUIC%13%01%a1k%ee%e0T%d6%0cIh%90%0aUser%3a+33604 HTTP/1.1" 200 11529 "-" "Mozilla/4.0 (compatible; MSIE 8.0; Windows NT 6.1; Trident/4.0; SLCC2; .NET CLR 2.0.50727; .NET CLR 3.5.30729; .NET CLR 3.0.30729; .NET4.0C; .NET4.0E)"
192.168.9.87 - - [14/Jul/2014:16:06:27 +0200] "GET /images/tab_active.png HTTP/1.1" 304 0 "http://p4altair.p4.org/ui/documents/extauth/documents/280494905/view/?embed=1&cd3Token=33604%0araw%0a%8f%ba7s.%f2%b2%ebX%b6%84I%b8_%9c%5dAUIC%13%01%a1k%ee%e0T%d6%0cIh%90%0aUser%3a+33604" "Mozilla/4.0 (compatible; MSIE 8.0; Windows NT 6.1; Trident/4.0; SLCC2; .NET CLR 2.0.50727; .NET CLR 3.5.30729; .NET CLR 3.0.30729; .NET4.0C; .NET4.0E)"
192.168.9.87 - - [14/Jul/2014:16:06:27 +0200] "GET /images/tab_not_active.png HTTP/1.1" 304 0 "http://p4altair.p4.org/ui/documents/extauth/documents/280494905/view/?embed=1&cd3Token=33604%0araw%0a%8f%ba7s.%f2%b2%ebX%b6%84I%b8_%9c%5dAUIC%13%01%a1k%ee%e0T%d6%0cIh%90%0aUser%3a+33604" "Mozilla/4.0 (compatible; MSIE 8.0; Windows NT 6.1; Trident/4.0; SLCC2; .NET CLR 2.0.50727; .NET CLR 3.5.30729; .NET CLR 3.0.30729; .NET4.0C; .NET4.0E)"
78.11.35.207 - - [14/Jul/2014:16:06:27 +0200] "POST /api/xprovider?attr=index&call=getAttribute HTTP/1.1" 200 238 "-" "-"
78.11.35.207 - - [14/Jul/2014:16:06:27 +0200] "POST /api/avatar?call=startTransaction HTTP/1.1" 204 0 "-" "-"
172.17.105.51 - - [14/Jul/2014:16:06:27 +0200] "GET /ui/documents/extauth/documents/280603121/view/?embed=1 HTTP/1.1" 200 5700 "-" "Mozilla/5.0 (Windows NT 5.1) AppleWebKit/537.36 (KHTML, like Gecko) Chrome/32.0.1700.102 Safari/537.36"
78.11.35.207 - - [14/Jul/2014:16:06:27 +0200] "POST /api/global/classes/System?call=create HTTP/1.1" 200 118 "-" "-"
172.17.105.51 - - [14/Jul/2014:16:06:28 +0200] "GET /ui/documents/growser/?documentId=280603121&amp;fileId=130601021&amp;leftSideThumbnails=False HTTP/1.1" 200 3694 "http://p4altair.p4.org/ui/documents/extauth/documents/280603121/view/?embed=1" "Mozilla/5.0 (Windows NT 5.1) AppleWebKit/537.36 (KHTML, like Gecko) Chrome/32.0.1700.102 Safari/537.36"
172.17.105.51 - - [14/Jul/2014:16:06:28 +0200] "GET /files/i,130601021,1/19272478.tif?info=jsonp&callback=Request.JSONP.request_map.request_0&random=46943 HTTP/1.1" 200 53 "http://p4altair.p4.org/ui/documents/growser/?documentId=280603121&amp;fileId=130601021&amp;leftSideThumbnails=False" "Mozilla/5.0 (Windows NT 5.1) AppleWebKit/537.36 (KHTML, like Gecko) Chrome/32.0.1700.102 Safari/537.36"
172.17.105.51 - - [14/Jul/2014:16:06:28 +0200] "GET /api/avatar?_random=0.5812901980243623 HTTP/1.1" 200 159 "http://p4altair.p4.org/ui/documents/growser/?documentId=280603121&amp;fileId=130601021&amp;leftSideThumbnails=False" "Mozilla/5.0 (Windows NT 5.1) AppleWebKit/537.36 (KHTML, like Gecko) Chrome/32.0.1700.102 Safari/537.36"
172.17.105.51 - - [14/Jul/2014:16:06:28 +0200] "GET /files/i,130601021,1/19272478.tif?info=jsonp&page=0&callback=Request.JSONP.request_map.request_1&random=65879 HTTP/1.1" 200 68 "http://p4altair.p4.org/ui/documents/growser/?documentId=280603121&amp;fileId=130601021&amp;leftSideThumbnails=False" "Mozilla/5.0 (Windows NT 5.1) AppleWebKit/537.36 (KHTML, like Gecko) Chrome/32.0.1700.102 Safari/537.36"
172.17.105.52 - - [14/Jul/2014:16:06:28 +0200] "GET /ui/documents/extauth/documents/280604514/view/?embed=1 HTTP/1.1" 200 5700 "-" "Mozilla/5.0 (Windows NT 5.1) AppleWebKit/537.36 (KHTML, like Gecko) Chrome/32.0.1700.102 Safari/537.36"
172.17.105.51 - - [14/Jul/2014:16:06:28 +0200] "POST /api/global/annotations?call=getInstances&_random=0.46368608716875315 HTTP/1.1" 200 2 "http://p4altair.p4.org/ui/documents/growser/?documentId=280603121&amp;fileId=130601021&amp;leftSideThumbnails=False" "Mozilla/5.0 (Windows NT 5.1) AppleWebKit/537.36 (KHTML, like Gecko) Chrome/32.0.1700.102 Safari/537.36"
78.11.35.207 - - [14/Jul/2014:16:06:28 +0200] "POST /api/documents/280616873?call=addCategoryValues HTTP/1.1" 200 33 "-" "-"
78.11.35.207 - - [14/Jul/2014:16:06:28 +0200] "POST /api/documents/280616873?sizehint=210904&filename=19286232.tif&call=uploadFile HTTP/1.1" 200 196 "-" "-"
78.11.35.207 - - [14/Jul/2014:16:06:28 +0200] "PUT /files/upload/r24 HTTP/1.1" 201 30 "-" "-"
78.11.35.207 - - [14/Jul/2014:16:06:28 +0200] "POST /api/avatar/transient/24?call=waitForCompletion HTTP/1.1" 204 0 "-" "-"
172.17.105.52 - - [14/Jul/2014:16:06:28 +0200] "GET /ui/documents/growser/?documentId=280604514&amp;fileId=130602414&amp;leftSideThumbnails=False HTTP/1.1" 200 3694 "http://p4altair.p4.org/ui/documents/extauth/documents/280604514/view/?embed=1" "Mozilla/5.0 (Windows NT 5.1) AppleWebKit/537.36 (KHTML, like Gecko) Chrome/32.0.1700.102 Safari/537.36"
78.11.35.207 - - [14/Jul/2014:16:06:28 +0200] "POST /api/avatar?commit=true&call=finishTransaction HTTP/1.1" 200 4 "-" "-"
78.11.35.207 - - [14/Jul/2014:16:06:28 +0200] "GET /api/global/classes/System HTTP/1.1" 200 149 "-" "-"
78.11.35.207 - - [14/Jul/2014:16:06:28 +0200] "GET /api/global/categories/01.%20UM%20-%20Umowy HTTP/1.1" 200 171 "-" "-"
172.17.105.52 - - [14/Jul/2014:16:06:28 +0200] "GET /files/i,130602414,1/19273898.tif?info=jsonp&callback=Request.JSONP.request_map.request_0&random=8144 HTTP/1.1" 200 53 "http://p4altair.p4.org/ui/documents/growser/?documentId=280604514&amp;fileId=130602414&amp;leftSideThumbnails=False" "Mozilla/5.0 (Windows NT 5.1) AppleWebKit/537.36 (KHTML, like Gecko) Chrome/32.0.1700.102 Safari/537.36"
172.17.105.52 - - [14/Jul/2014:16:06:28 +0200] "GET /api/avatar?_random=0.02540033683180809 HTTP/1.1" 200 160 "http://p4altair.p4.org/ui/documents/growser/?documentId=280604514&amp;fileId=130602414&amp;leftSideThumbnails=False" "Mozilla/5.0 (Windows NT 5.1) AppleWebKit/537.36 (KHTML, like Gecko) Chrome/32.0.1700.102 Safari/537.36"
78.11.35.207 - - [14/Jul/2014:16:06:28 +0200] "POST /api/xprovider?attr=indexes&call=getAttribute HTTP/1.1" 200 3409 "-" "-"
78.11.35.207 - - [14/Jul/2014:16:06:28 +0200] "POST /api/xprovider?attr=index&call=getAttribute HTTP/1.1" 200 283 "-" "-"
172.17.105.52 - - [14/Jul/2014:16:06:28 +0200] "GET /files/i,130602414,1/19273898.tif?info=jsonp&page=0&callback=Request.JSONP.request_map.request_1&random=35824 HTTP/1.1" 200 68 "http://p4altair.p4.org/ui/documents/growser/?documentId=280604514&amp;fileId=130602414&amp;leftSideThumbnails=False" "Mozilla/5.0 (Windows NT 5.1) AppleWebKit/537.36 (KHTML, like Gecko) Chrome/32.0.1700.102 Safari/537.36"
172.17.105.52 - - [14/Jul/2014:16:06:28 +0200] "POST /api/global/annotations?call=getInstances&_random=0.9138081888668239 HTTP/1.1" 200 2 "http://p4altair.p4.org/ui/documents/growser/?documentId=280604514&amp;fileId=130602414&amp;leftSideThumbnails=False" "Mozilla/5.0 (Windows NT 5.1) AppleWebKit/537.36 (KHTML, like Gecko) Chrome/32.0.1700.102 Safari/537.36"
78.11.35.207 - - [14/Jul/2014:16:06:29 +0200] "POST /api/xprovider?attr=index&call=getAttribute HTTP/1.1" 200 235 "-" "-"
172.17.105.51 - - [14/Jul/2014:16:06:29 +0200] "GET /files/i,130601021,1/19272478.tif?page=0 HTTP/1.1" 200 270323 "http://p4altair.p4.org/ui/documents/growser/?documentId=280603121&amp;fileId=130601021&amp;leftSideThumbnails=False" "Mozilla/5.0 (Windows NT 5.1) AppleWebKit/537.36 (KHTML, like Gecko) Chrome/32.0.1700.102 Safari/537.36"
78.11.35.207 - - [14/Jul/2014:16:06:29 +0200] "POST /api/xprovider?attr=index&call=getAttribute HTTP/1.1" 200 225 "-" "-"
192.168.9.87 - - [14/Jul/2014:16:06:29 +0200] "GET /files/i,130494593,1/faktury%20Enaf.msg HTTP/1.1" 200 598528 "http://p4altair.p4.org/ui/documents/extauth/documents/280494905/view/?embed=1&cd3Token=33604%0araw%0a%8f%ba7s.%f2%b2%ebX%b6%84I%b8_%9c%5dAUIC%13%01%a1k%ee%e0T%d6%0cIh%90%0aUser%3a+33604" "Mozilla/4.0 (compatible; MSIE 8.0; Windows NT 6.1; Trident/4.0; SLCC2; .NET CLR 2.0.50727; .NET CLR 3.5.30729; .NET CLR 3.0.30729; .NET4.0C; .NET4.0E)"
78.11.35.207 - - [14/Jul/2014:16:06:29 +0200] "POST /api/xprovider?attr=index&call=getAttribute HTTP/1.1" 200 238 "-" "-"
172.17.105.51 - - [14/Jul/2014:16:06:29 +0200] "GET /files/i,130601021,1/19272478.tif?page=0&thumbnail=150&rand2=2753 HTTP/1.1" 200 18380 "http://p4altair.p4.org/ui/documents/growser/?documentId=280603121&amp;fileId=130601021&amp;leftSideThumbnails=False" "Mozilla/5.0 (Windows NT 5.1) AppleWebKit/537.36 (KHTML, like Gecko) Chrome/32.0.1700.102 Safari/537.36"
78.11.35.207 - - [14/Jul/2014:16:06:29 +0200] "POST /api/xprovider?attr=index&call=getAttribute HTTP/1.1" 200 219 "-" "-"
78.11.35.207 - - [14/Jul/2014:16:06:29 +0200] "POST /api/xprovider?attr=index&call=getAttribute HTTP/1.1" 200 239 "-" "-"
172.17.101.84 - - [14/Jul/2014:16:06:29 +0200] "GET /files/i,108036882,1/00000113030041970030002251081310030027587807.tif?page=10 HTTP/1.1" 200 2619017 "http://p4altair.p4.org/ui/documents/growser/?documentId=258037057&amp;fileId=108036882&amp;zoom=&amp;leftSideThumbnails=False" "Mozilla/5.0 (Windows NT 6.1) AppleWebKit/537.36 (KHTML, like Gecko) Chrome/35.0.1916.153 Safari/537.36"
78.11.35.207 - - [14/Jul/2014:16:06:29 +0200] "POST /api/xprovider?attr=index&call=getAttribute HTTP/1.1" 200 235 "-" "-"
78.11.35.207 - - [14/Jul/2014:16:06:29 +0200] "POST /api/xprovider?attr=index&call=getAttribute HTTP/1.1" 200 251 "-" "-"
78.11.35.207 - - [14/Jul/2014:16:06:29 +0200] "POST /api/xprovider?attr=index&call=getAttribute HTTP/1.1" 200 255 "-" "-"
78.11.35.207 - - [14/Jul/2014:16:06:29 +0200] "POST /api/xprovider?attr=index&call=getAttribute HTTP/1.1" 200 245 "-" "-"
172.17.105.51 - - [14/Jul/2014:16:06:29 +0200] "GET /files/i,130601021,1/19272478.tif?page=1&thumbnail=150&rand2=7222 HTTP/1.1" 200 18086 "http://p4altair.p4.org/ui/documents/growser/?documentId=280603121&amp;fileId=130601021&amp;leftSideThumbnails=False" "Mozilla/5.0 (Windows NT 5.1) AppleWebKit/537.36 (KHTML, like Gecko) Chrome/32.0.1700.102 Safari/537.36"
78.11.35.207 - - [14/Jul/2014:16:06:29 +0200] "POST /api/xprovider?attr=index&call=getAttribute HTTP/1.1" 200 295 "-" "-"
172.17.105.52 - - [14/Jul/2014:16:06:29 +0200] "GET /files/i,130602414,1/19273898.tif?page=0 HTTP/1.1" 200 262304 "http://p4altair.p4.org/ui/documents/growser/?documentId=280604514&amp;fileId=130602414&amp;leftSideThumbnails=False" "Mozilla/5.0 (Windows NT 5.1) AppleWebKit/537.36 (KHTML, like Gecko) Chrome/32.0.1700.102 Safari/537.36"
78.11.35.207 - - [14/Jul/2014:16:06:29 +0200] "POST /api/xprovider?attr=index&call=getAttribute HTTP/1.1" 200 268 "-" "-"
172.17.105.51 - - [14/Jul/2014:16:06:29 +0200] "GET /files/i,130601021,1/19272478.tif?page=2&thumbnail=150&rand2=6823 HTTP/1.1" 200 13371 "http://p4altair.p4.org/ui/documents/growser/?documentId=280603121&amp;fileId=130601021&amp;leftSideThumbnails=False" "Mozilla/5.0 (Windows NT 5.1) AppleWebKit/537.36 (KHTML, like Gecko) Chrome/32.0.1700.102 Safari/537.36"
78.11.35.207 - - [14/Jul/2014:16:06:29 +0200] "POST /api/xprovider?attr=index&call=getAttribute HTTP/1.1" 200 237 "-" "-"
172.17.105.52 - - [14/Jul/2014:16:06:29 +0200] "GET /files/i,130602414,1/19273898.tif?page=0&thumbnail=150&rand2=6465 HTTP/1.1" 200 16278 "http://p4altair.p4.org/ui/documents/growser/?documentId=280604514&amp;fileId=130602414&amp;leftSideThumbnails=False" "Mozilla/5.0 (Windows NT 5.1) AppleWebKit/537.36 (KHTML, like Gecko) Chrome/32.0.1700.102 Safari/537.36"
78.11.35.207 - - [14/Jul/2014:16:06:29 +0200] "POST /api/xprovider?attr=index&call=getAttribute HTTP/1.1" 200 296 "-" "-"
78.11.35.207 - - [14/Jul/2014:16:06:30 +0200] "POST /api/xprovider?attr=index&call=getAttribute HTTP/1.1" 200 241 "-" "-"
78.11.35.207 - - [14/Jul/2014:16:06:30 +0200] "POST /api/xprovider?attr=index&call=getAttribute HTTP/1.1" 200 243 "-" "-"
78.11.35.207 - - [14/Jul/2014:16:06:30 +0200] "POST /api/xprovider?attr=index&call=getAttribute HTTP/1.1" 200 233 "-" "-"
78.11.35.207 - - [14/Jul/2014:16:06:30 +0200] "POST /api/xprovider?attr=index&call=getAttribute HTTP/1.1" 200 253 "-" "-"
172.17.105.52 - - [14/Jul/2014:16:06:30 +0200] "GET /files/i,130602414,1/19273898.tif?page=1&thumbnail=150&rand2=6367 HTTP/1.1" 200 14154 "http://p4altair.p4.org/ui/documents/growser/?documentId=280604514&amp;fileId=130602414&amp;leftSideThumbnails=False" "Mozilla/5.0 (Windows NT 5.1) AppleWebKit/537.36 (KHTML, like Gecko) Chrome/32.0.1700.102 Safari/537.36"
78.11.35.207 - - [14/Jul/2014:16:06:30 +0200] "POST /api/xprovider?attr=index&call=getAttribute HTTP/1.1" 200 225 "-" "-"
78.11.35.207 - - [14/Jul/2014:16:06:30 +0200] "POST /api/xprovider?attr=index&call=getAttribute HTTP/1.1" 200 262 "-" "-"
172.17.105.52 - - [14/Jul/2014:16:06:30 +0200] "GET /files/i,130602414,1/19273898.tif?page=2&thumbnail=150&rand2=934 HTTP/1.1" 200 11144 "http://p4altair.p4.org/ui/documents/growser/?documentId=280604514&amp;fileId=130602414&amp;leftSideThumbnails=False" "Mozilla/5.0 (Windows NT 5.1) AppleWebKit/537.36 (KHTML, like Gecko) Chrome/32.0.1700.102 Safari/537.36"
78.11.35.207 - - [14/Jul/2014:16:06:30 +0200] "POST /api/xprovider?attr=index&call=getAttribute HTTP/1.1" 200 248 "-" "-"
78.11.35.207 - - [14/Jul/2014:16:06:30 +0200] "POST /api/xprovider?attr=index&call=getAttribute HTTP/1.1" 200 234 "-" "-"
78.11.35.207 - - [14/Jul/2014:16:06:30 +0200] "POST /api/xprovider?attr=index&call=getAttribute HTTP/1.1" 200 238 "-" "-"
78.11.35.207 - - [14/Jul/2014:16:06:30 +0200] "POST /api/avatar?call=startTransaction HTTP/1.1" 204 0 "-" "-"
78.11.35.207 - - [14/Jul/2014:16:06:30 +0200] "POST /api/global/classes/System?call=create HTTP/1.1" 200 118 "-" "-"
172.17.105.52 - - [14/Jul/2014:16:06:31 +0200] "GET /files/i,130602414,1/19273898.tif?info=jsonp&page=2&callback=Request.JSONP.request_map.request_2&random=4338 HTTP/1.1" 200 68 "http://p4altair.p4.org/ui/documents/growser/?documentId=280604514&amp;fileId=130602414&amp;leftSideThumbnails=False" "Mozilla/5.0 (Windows NT 5.1) AppleWebKit/537.36 (KHTML, like Gecko) Chrome/32.0.1700.102 Safari/537.36"
78.11.35.207 - - [14/Jul/2014:16:06:31 +0200] "POST /api/documents/280616874?call=addCategoryValues HTTP/1.1" 200 33 "-" "-"
78.11.35.207 - - [14/Jul/2014:16:06:31 +0200] "POST /api/documents/280616874?sizehint=208296&filename=19286234.tif&call=uploadFile HTTP/1.1" 200 196 "-" "-"
78.11.35.207 - - [14/Jul/2014:16:06:31 +0200] "PUT /files/upload/r25 HTTP/1.1" 201 30 "-" "-"
78.11.35.207 - - [14/Jul/2014:16:06:31 +0200] "POST /api/avatar/transient/25?call=waitForCompletion HTTP/1.1" 204 0 "-" "-"
78.11.35.207 - - [14/Jul/2014:16:06:31 +0200] "POST /api/avatar?commit=true&call=finishTransaction HTTP/1.1" 200 4 "-" "-"
172.17.101.84 - - [14/Jul/2014:16:06:31 +0200] "GET /files/i,108036882,1/00000113030041970030002251081310030027587807.tif?page=12&thumbnail=150&rand2=5209 HTTP/1.1" 200 16339 "http://p4altair.p4.org/ui/documents/growser/?documentId=258037057&amp;fileId=108036882&amp;zoom=&amp;leftSideThumbnails=False" "Mozilla/5.0 (Windows NT 6.1) AppleWebKit/537.36 (KHTML, like Gecko) Chrome/35.0.1916.153 Safari/537.36"
78.11.35.207 - - [14/Jul/2014:16:06:31 +0200] "GET /api/global/classes/System HTTP/1.1" 200 149 "-" "-"
78.11.35.207 - - [14/Jul/2014:16:06:31 +0200] "GET /api/global/categories/01.%20UM%20-%20Umowy HTTP/1.1" 200 171 "-" "-"
78.11.35.207 - - [14/Jul/2014:16:06:31 +0200] "POST /api/xprovider?attr=indexes&call=getAttribute HTTP/1.1" 200 3409 "-" "-"
78.11.35.207 - - [14/Jul/2014:16:06:31 +0200] "POST /api/xprovider?attr=index&call=getAttribute HTTP/1.1" 200 283 "-" "-"
78.11.35.207 - - [14/Jul/2014:16:06:31 +0200] "POST /api/xprovider?attr=index&call=getAttribute HTTP/1.1" 200 235 "-" "-"
172.17.105.52 - - [14/Jul/2014:16:06:31 +0200] "GET /files/i,130602414,1/19273898.tif?page=2 HTTP/1.1" 200 148187 "http://p4altair.p4.org/ui/documents/growser/?documentId=280604514&amp;fileId=130602414&amp;leftSideThumbnails=False" "Mozilla/5.0 (Windows NT 5.1) AppleWebKit/537.36 (KHTML, like Gecko) Chrome/32.0.1700.102 Safari/537.36"
78.11.35.207 - - [14/Jul/2014:16:06:31 +0200] "POST /api/xprovider?attr=index&call=getAttribute HTTP/1.1" 200 225 "-" "-"
78.11.35.207 - - [14/Jul/2014:16:06:31 +0200] "POST /api/xprovider?attr=index&call=getAttribute HTTP/1.1" 200 238 "-" "-"
78.11.35.207 - - [14/Jul/2014:16:06:32 +0200] "POST /api/xprovider?attr=index&call=getAttribute HTTP/1.1" 200 219 "-" "-"
78.11.35.207 - - [14/Jul/2014:16:06:32 +0200] "POST /api/xprovider?attr=index&call=getAttribute HTTP/1.1" 200 239 "-" "-"
78.11.35.207 - - [14/Jul/2014:16:06:32 +0200] "POST /api/xprovider?attr=index&call=getAttribute HTTP/1.1" 200 235 "-" "-"
78.11.35.207 - - [14/Jul/2014:16:06:32 +0200] "POST /api/xprovider?attr=index&call=getAttribute HTTP/1.1" 200 251 "-" "-"
78.11.35.207 - - [14/Jul/2014:16:06:32 +0200] "POST /api/xprovider?attr=index&call=getAttribute HTTP/1.1" 200 255 "-" "-"
172.17.105.51 - - [14/Jul/2014:16:06:32 +0200] "GET /styles/main.css?version=3.2014.24 HTTP/1.1" 304 0 "http://p4altair.p4.org/ui/documents/extauth/documents/280572481/view/?embed=1" "Mozilla/4.0 (compatible; MSIE 7.0; Windows NT 5.1; Trident/4.0; .NET CLR 2.0.50727; .NET CLR 3.0.4506.2152; .NET CLR 3.5.30729; CMDTDF; .NET4.0C; .NET4.0E)"
172.17.105.51 - - [14/Jul/2014:16:06:32 +0200] "GET /styles/forms.css?version=3.2014.24 HTTP/1.1" 304 0 "http://p4altair.p4.org/ui/documents/extauth/documents/280572481/view/?embed=1" "Mozilla/4.0 (compatible; MSIE 7.0; Windows NT 5.1; Trident/4.0; .NET CLR 2.0.50727; .NET CLR 3.0.4506.2152; .NET CLR 3.5.30729; CMDTDF; .NET4.0C; .NET4.0E)"
172.17.105.51 - - [14/Jul/2014:16:06:32 +0200] "GET /js/prototype.js?version=3.2014.24 HTTP/1.1" 304 0 "http://p4altair.p4.org/ui/documents/extauth/documents/280572481/view/?embed=1" "Mozilla/4.0 (compatible; MSIE 7.0; Windows NT 5.1; Trident/4.0; .NET CLR 2.0.50727; .NET CLR 3.0.4506.2152; .NET CLR 3.5.30729; CMDTDF; .NET4.0C; .NET4.0E)"
172.17.105.51 - - [14/Jul/2014:16:06:32 +0200] "GET /js/onContent.js?version=3.2014.24 HTTP/1.1" 304 0 "http://p4altair.p4.org/ui/documents/extauth/documents/280572481/view/?embed=1" "Mozilla/4.0 (compatible; MSIE 7.0; Windows NT 5.1; Trident/4.0; .NET CLR 2.0.50727; .NET CLR 3.0.4506.2152; .NET CLR 3.5.30729; CMDTDF; .NET4.0C; .NET4.0E)"
172.17.105.51 - - [14/Jul/2014:16:06:32 +0200] "GET /js/console.js?version=3.2014.24 HTTP/1.1" 304 0 "http://p4altair.p4.org/ui/documents/extauth/documents/280572481/view/?embed=1" "Mozilla/4.0 (compatible; MSIE 7.0; Windows NT 5.1; Trident/4.0; .NET CLR 2.0.50727; .NET CLR 3.0.4506.2152; .NET CLR 3.5.30729; CMDTDF; .NET4.0C; .NET4.0E)"
172.17.105.51 - - [14/Jul/2014:16:06:32 +0200] "GET /js/livepipe.js?version=3.2014.24 HTTP/1.1" 304 0 "http://p4altair.p4.org/ui/documents/extauth/documents/280572481/view/?embed=1" "Mozilla/4.0 (compatible; MSIE 7.0; Windows NT 5.1; Trident/4.0; .NET CLR 2.0.50727; .NET CLR 3.0.4506.2152; .NET CLR 3.5.30729; CMDTDF; .NET4.0C; .NET4.0E)"
172.17.105.51 - - [14/Jul/2014:16:06:32 +0200] "GET /js/slider.js?version=3.2014.24 HTTP/1.1" 304 0 "http://p4altair.p4.org/ui/documents/extauth/documents/280572481/view/?embed=1" "Mozilla/4.0 (compatible; MSIE 7.0; Windows NT 5.1; Trident/4.0; .NET CLR 2.0.50727; .NET CLR 3.0.4506.2152; .NET CLR 3.5.30729; CMDTDF; .NET4.0C; .NET4.0E)"
78.11.35.207 - - [14/Jul/2014:16:06:32 +0200] "POST /api/xprovider?attr=index&call=getAttribute HTTP/1.1" 200 245 "-" "-"
172.17.105.51 - - [14/Jul/2014:16:06:32 +0200] "GET /js/scrollbar.js?version=3.2014.24 HTTP/1.1" 304 0 "http://p4altair.p4.org/ui/documents/extauth/documents/280572481/view/?embed=1" "Mozilla/4.0 (compatible; MSIE 7.0; Windows NT 5.1; Trident/4.0; .NET CLR 2.0.50727; .NET CLR 3.0.4506.2152; .NET CLR 3.5.30729; CMDTDF; .NET4.0C; .NET4.0E)"
172.17.105.51 - - [14/Jul/2014:16:06:32 +0200] "GET /js/cd3.js?version=3.2014.24 HTTP/1.1" 304 0 "http://p4altair.p4.org/ui/documents/extauth/documents/280572481/view/?embed=1" "Mozilla/4.0 (compatible; MSIE 7.0; Windows NT 5.1; Trident/4.0; .NET CLR 2.0.50727; .NET CLR 3.0.4506.2152; .NET CLR 3.5.30729; CMDTDF; .NET4.0C; .NET4.0E)"
172.17.105.51 - - [14/Jul/2014:16:06:32 +0200] "GET /js/common.js?version=3.2014.24 HTTP/1.1" 304 0 "http://p4altair.p4.org/ui/documents/extauth/documents/280572481/view/?embed=1" "Mozilla/4.0 (compatible; MSIE 7.0; Windows NT 5.1; Trident/4.0; .NET CLR 2.0.50727; .NET CLR 3.0.4506.2152; .NET CLR 3.5.30729; CMDTDF; .NET4.0C; .NET4.0E)"
172.17.105.51 - - [14/Jul/2014:16:06:32 +0200] "GET /jslang/pl.js?version=3.2014.24 HTTP/1.1" 304 0 "http://p4altair.p4.org/ui/documents/extauth/documents/280572481/view/?embed=1" "Mozilla/4.0 (compatible; MSIE 7.0; Windows NT 5.1; Trident/4.0; .NET CLR 2.0.50727; .NET CLR 3.0.4506.2152; .NET CLR 3.5.30729; CMDTDF; .NET4.0C; .NET4.0E)"
172.17.105.51 - - [14/Jul/2014:16:06:32 +0200] "GET /js/ajax.js?version=3.2014.24 HTTP/1.1" 304 0 "http://p4altair.p4.org/ui/documents/extauth/documents/280572481/view/?embed=1" "Mozilla/4.0 (compatible; MSIE 7.0; Windows NT 5.1; Trident/4.0; .NET CLR 2.0.50727; .NET CLR 3.0.4506.2152; .NET CLR 3.5.30729; CMDTDF; .NET4.0C; .NET4.0E)"
172.17.105.51 - - [14/Jul/2014:16:06:32 +0200] "GET /js/tableview.js?version=3.2014.24 HTTP/1.1" 304 0 "http://p4altair.p4.org/ui/documents/extauth/documents/280572481/view/?embed=1" "Mozilla/4.0 (compatible; MSIE 7.0; Windows NT 5.1; Trident/4.0; .NET CLR 2.0.50727; .NET CLR 3.0.4506.2152; .NET CLR 3.5.30729; CMDTDF; .NET4.0C; .NET4.0E)"
172.17.105.51 - - [14/Jul/2014:16:06:32 +0200] "GET /js/date.js?version=3.2014.24 HTTP/1.1" 304 0 "http://p4altair.p4.org/ui/documents/extauth/documents/280572481/view/?embed=1" "Mozilla/4.0 (compatible; MSIE 7.0; Windows NT 5.1; Trident/4.0; .NET CLR 2.0.50727; .NET CLR 3.0.4506.2152; .NET CLR 3.5.30729; CMDTDF; .NET4.0C; .NET4.0E)"
172.17.105.51 - - [14/Jul/2014:16:06:32 +0200] "GET /js/windowutils.js?version=3.2014.24 HTTP/1.1" 304 0 "http://p4altair.p4.org/ui/documents/extauth/documents/280572481/view/?embed=1" "Mozilla/4.0 (compatible; MSIE 7.0; Windows NT 5.1; Trident/4.0; .NET CLR 2.0.50727; .NET CLR 3.0.4506.2152; .NET CLR 3.5.30729; CMDTDF; .NET4.0C; .NET4.0E)"
172.17.105.51 - - [14/Jul/2014:16:06:32 +0200] "GET /js/forms.js?version=3.2014.24 HTTP/1.1" 304 0 "http://p4altair.p4.org/ui/documents/extauth/documents/280572481/view/?embed=1" "Mozilla/4.0 (compatible; MSIE 7.0; Windows NT 5.1; Trident/4.0; .NET CLR 2.0.50727; .NET CLR 3.0.4506.2152; .NET CLR 3.5.30729; CMDTDF; .NET4.0C; .NET4.0E)"
172.17.105.51 - - [14/Jul/2014:16:06:32 +0200] "GET /js/zeroclipboard/zeroclipboard.js?version=3.2014.24 HTTP/1.1" 304 0 "http://p4altair.p4.org/ui/documents/extauth/documents/280572481/view/?embed=1" "Mozilla/4.0 (compatible; MSIE 7.0; Windows NT 5.1; Trident/4.0; .NET CLR 2.0.50727; .NET CLR 3.0.4506.2152; .NET CLR 3.5.30729; CMDTDF; .NET4.0C; .NET4.0E)"
172.17.105.51 - - [14/Jul/2014:16:06:32 +0200] "GET /js/error_utils.js?version=3.2014.24 HTTP/1.1" 304 0 "http://p4altair.p4.org/ui/documents/extauth/documents/280572481/view/?embed=1" "Mozilla/4.0 (compatible; MSIE 7.0; Windows NT 5.1; Trident/4.0; .NET CLR 2.0.50727; .NET CLR 3.0.4506.2152; .NET CLR 3.5.30729; CMDTDF; .NET4.0C; .NET4.0E)"
172.17.105.51 - - [14/Jul/2014:16:06:32 +0200] "GET /styles/mac_os_x.css HTTP/1.1" 304 0 "http://p4altair.p4.org/ui/documents/extauth/documents/280572481/view/?embed=1" "Mozilla/4.0 (compatible; MSIE 7.0; Windows NT 5.1; Trident/4.0; .NET CLR 2.0.50727; .NET CLR 3.0.4506.2152; .NET CLR 3.5.30729; CMDTDF; .NET4.0C; .NET4.0E)"
172.17.105.51 - - [14/Jul/2014:16:06:32 +0200] "GET /styles/alert_lite.css HTTP/1.1" 304 0 "http://p4altair.p4.org/ui/documents/extauth/documents/280572481/view/?embed=1" "Mozilla/4.0 (compatible; MSIE 7.0; Windows NT 5.1; Trident/4.0; .NET CLR 2.0.50727; .NET CLR 3.0.4506.2152; .NET CLR 3.5.30729; CMDTDF; .NET4.0C; .NET4.0E)"
172.17.105.51 - - [14/Jul/2014:16:06:32 +0200] "GET /styles/alphacube.css HTTP/1.1" 304 0 "http://p4altair.p4.org/ui/documents/extauth/documents/280572481/view/?embed=1" "Mozilla/4.0 (compatible; MSIE 7.0; Windows NT 5.1; Trident/4.0; .NET CLR 2.0.50727; .NET CLR 3.0.4506.2152; .NET CLR 3.5.30729; CMDTDF; .NET4.0C; .NET4.0E)"
172.17.105.51 - - [14/Jul/2014:16:06:32 +0200] "GET /js/window.js?version=3.2014.24 HTTP/1.1" 304 0 "http://p4altair.p4.org/ui/documents/extauth/documents/280572481/view/?embed=1" "Mozilla/4.0 (compatible; MSIE 7.0; Windows NT 5.1; Trident/4.0; .NET CLR 2.0.50727; .NET CLR 3.0.4506.2152; .NET CLR 3.5.30729; CMDTDF; .NET4.0C; .NET4.0E)"
172.17.105.51 - - [14/Jul/2014:16:06:32 +0200] "GET /js/builder.js?version=3.2014.24 HTTP/1.1" 304 0 "http://p4altair.p4.org/ui/documents/extauth/documents/280572481/view/?embed=1" "Mozilla/4.0 (compatible; MSIE 7.0; Windows NT 5.1; Trident/4.0; .NET CLR 2.0.50727; .NET CLR 3.0.4506.2152; .NET CLR 3.5.30729; CMDTDF; .NET4.0C; .NET4.0E)"
78.11.35.207 - - [14/Jul/2014:16:06:32 +0200] "POST /api/xprovider?attr=index&call=getAttribute HTTP/1.1" 200 295 "-" "-"
172.17.105.51 - - [14/Jul/2014:16:06:32 +0200] "GET /js/menu.js?version=3.2014.24 HTTP/1.1" 304 0 "http://p4altair.p4.org/ui/documents/extauth/documents/280572481/view/?embed=1" "Mozilla/4.0 (compatible; MSIE 7.0; Windows NT 5.1; Trident/4.0; .NET CLR 2.0.50727; .NET CLR 3.0.4506.2152; .NET CLR 3.5.30729; CMDTDF; .NET4.0C; .NET4.0E)"
172.17.105.51 - - [14/Jul/2014:16:06:32 +0200] "GET /js/effects.js?version=3.2014.24 HTTP/1.1" 304 0 "http://p4altair.p4.org/ui/documents/extauth/documents/280572481/view/?embed=1" "Mozilla/4.0 (compatible; MSIE 7.0; Windows NT 5.1; Trident/4.0; .NET CLR 2.0.50727; .NET CLR 3.0.4506.2152; .NET CLR 3.5.30729; CMDTDF; .NET4.0C; .NET4.0E)"
172.17.105.51 - - [14/Jul/2014:16:06:32 +0200] "GET /styles/default.css HTTP/1.1" 304 0 "http://p4altair.p4.org/ui/documents/extauth/documents/280572481/view/?embed=1" "Mozilla/4.0 (compatible; MSIE 7.0; Windows NT 5.1; Trident/4.0; .NET CLR 2.0.50727; .NET CLR 3.0.4506.2152; .NET CLR 3.5.30729; CMDTDF; .NET4.0C; .NET4.0E)"
78.11.35.207 - - [14/Jul/2014:16:06:32 +0200] "POST /api/xprovider?attr=index&call=getAttribute HTTP/1.1" 200 268 "-" "-"
172.17.101.84 - - [14/Jul/2014:16:06:32 +0200] "GET /files/i,108036882,1/00000113030041970030002251081310030027587807.tif?page=13&thumbnail=150&rand2=1429 HTTP/1.1" 200 16628 "http://p4altair.p4.org/ui/documents/growser/?documentId=258037057&amp;fileId=108036882&amp;zoom=&amp;leftSideThumbnails=False" "Mozilla/5.0 (Windows NT 6.1) AppleWebKit/537.36 (KHTML, like Gecko) Chrome/35.0.1916.153 Safari/537.36"
78.11.35.207 - - [14/Jul/2014:16:06:32 +0200] "POST /api/xprovider?attr=index&call=getAttribute HTTP/1.1" 200 237 "-" "-"
78.11.35.207 - - [14/Jul/2014:16:06:32 +0200] "POST /api/xprovider?attr=index&call=getAttribute HTTP/1.1" 200 296 "-" "-"
78.11.35.207 - - [14/Jul/2014:16:06:32 +0200] "POST /api/xprovider?attr=index&call=getAttribute HTTP/1.1" 200 241 "-" "-"
172.17.105.51 - - [14/Jul/2014:16:06:32 +0200] "GET /ui/documents/extauth/documents/280572481/view/?embed=1 HTTP/1.1" 200 15565 "http://co.p4.org/details.aspx?sequenceID=05cb3af2b5bf4152bd8e8997ba5fc6dc&id=83328658&class=CRQIncident2&lockTimeout=-1&lockWarnTime=-1&framelevel=0" "Mozilla/4.0 (compatible; MSIE 7.0; Windows NT 5.1; Trident/4.0; .NET CLR 2.0.50727; .NET CLR 3.0.4506.2152; .NET CLR 3.5.30729; CMDTDF; .NET4.0C; .NET4.0E)"
172.17.105.51 - - [14/Jul/2014:16:06:32 +0200] "GET /images/tab_active.png HTTP/1.1" 304 0 "http://p4altair.p4.org/ui/documents/extauth/documents/280572481/view/?embed=1" "Mozilla/4.0 (compatible; MSIE 7.0; Windows NT 5.1; Trident/4.0; .NET CLR 2.0.50727; .NET CLR 3.0.4506.2152; .NET CLR 3.5.30729; CMDTDF; .NET4.0C; .NET4.0E)"
172.17.105.51 - - [14/Jul/2014:16:06:32 +0200] "GET /images/tab_not_active.png HTTP/1.1" 304 0 "http://p4altair.p4.org/ui/documents/extauth/documents/280572481/view/?embed=1" "Mozilla/4.0 (compatible; MSIE 7.0; Windows NT 5.1; Trident/4.0; .NET CLR 2.0.50727; .NET CLR 3.0.4506.2152; .NET CLR 3.5.30729; CMDTDF; .NET4.0C; .NET4.0E)"
172.17.105.51 - - [14/Jul/2014:16:06:32 +0200] "GET /images/icons/user.png HTTP/1.1" 304 0 "http://p4altair.p4.org/ui/documents/extauth/documents/280572481/view/?embed=1" "Mozilla/4.0 (compatible; MSIE 7.0; Windows NT 5.1; Trident/4.0; .NET CLR 2.0.50727; .NET CLR 3.0.4506.2152; .NET CLR 3.5.30729; CMDTDF; .NET4.0C; .NET4.0E)"
78.11.35.207 - - [14/Jul/2014:16:06:32 +0200] "POST /api/xprovider?attr=index&call=getAttribute HTTP/1.1" 200 243 "-" "-"
172.17.101.84 - - [14/Jul/2014:16:06:32 +0200] "GET /files/i,108036882,1/00000113030041970030002251081310030027587807.tif?page=14&thumbnail=150&rand2=1670 HTTP/1.1" 200 10027 "http://p4altair.p4.org/ui/documents/growser/?documentId=258037057&amp;fileId=108036882&amp;zoom=&amp;leftSideThumbnails=False" "Mozilla/5.0 (Windows NT 6.1) AppleWebKit/537.36 (KHTML, like Gecko) Chrome/35.0.1916.153 Safari/537.36"
