172.17.101.84 - - [14/Jul/2014:16:05:20 +0200] "GET /images/black_triangle_up.png HTTP/1.1" 200 1066 "http://p4altair.p4.org/ui/documents/categories/321/" "Mozilla/5.0 (Windows NT 6.1) AppleWebKit/537.36 (KHTML, like Gecko) Chrome/35.0.1916.153 Safari/537.36"
172.17.101.84 - - [14/Jul/2014:16:05:20 +0200] "GET /images/black_triangle_down.png HTTP/1.1" 200 1066 "http://p4altair.p4.org/ui/documents/categories/321/" "Mozilla/5.0 (Windows NT 6.1) AppleWebKit/537.36 (KHTML, like Gecko) Chrome/35.0.1916.153 Safari/537.36"
78.11.35.207 - - [14/Jul/2014:16:05:20 +0200] "POST /api/xprovider?attr=index&call=getAttribute HTTP/1.1" 200 219 "-" "-"
78.11.35.207 - - [14/Jul/2014:16:05:20 +0200] "POST /api/xprovider?attr=index&call=getAttribute HTTP/1.1" 200 239 "-" "-"
172.17.105.52 - - [14/Jul/2014:16:05:20 +0200] "GET /files/i,130600455,1/19271907.tif?page=5 HTTP/1.1" 200 218623 "http://p4altair.p4.org/ui/documents/growser/?documentId=280602555&amp;fileId=130600455&amp;leftSideThumbnails=False" "Mozilla/5.0 (Windows NT 5.1) AppleWebKit/537.36 (KHTML, like Gecko) Chrome/32.0.1700.102 Safari/537.36"
172.17.105.51 - - [14/Jul/2014:16:05:21 +0200] "GET /files/i,130570380,1/19240101.tif?page=3&thumbnail=150&rand2=906 HTTP/1.1" 200 11134 "http://p4altair.p4.org/ui/documents/growser/?documentId=280572480&amp;fileId=130570380&amp;leftSideThumbnails=False" "Mozilla/4.0 (compatible; MSIE 7.0; Windows NT 5.1; Trident/4.0; .NET CLR 2.0.50727; .NET CLR 3.0.4506.2152; .NET CLR 3.5.30729; CMDTDF; .NET4.0C; .NET4.0E)"
78.11.35.207 - - [14/Jul/2014:16:05:21 +0200] "POST /api/xprovider?attr=index&call=getAttribute HTTP/1.1" 200 235 "-" "-"
78.11.35.207 - - [14/Jul/2014:16:05:21 +0200] "POST /api/xprovider?attr=index&call=getAttribute HTTP/1.1" 200 251 "-" "-"
78.11.35.207 - - [14/Jul/2014:16:05:21 +0200] "POST /api/xprovider?attr=index&call=getAttribute HTTP/1.1" 200 255 "-" "-"
78.11.35.207 - - [14/Jul/2014:16:05:21 +0200] "POST /api/xprovider?attr=index&call=getAttribute HTTP/1.1" 200 245 "-" "-"
78.11.35.207 - - [14/Jul/2014:16:05:21 +0200] "POST /api/xprovider?attr=index&call=getAttribute HTTP/1.1" 200 295 "-" "-"
78.11.35.207 - - [14/Jul/2014:16:05:21 +0200] "POST /api/xprovider?attr=index&call=getAttribute HTTP/1.1" 200 268 "-" "-"
78.11.35.207 - - [14/Jul/2014:16:05:21 +0200] "POST /api/xprovider?attr=index&call=getAttribute HTTP/1.1" 200 237 "-" "-"
78.11.35.207 - - [14/Jul/2014:16:05:21 +0200] "POST /api/xprovider?attr=index&call=getAttribute HTTP/1.1" 200 296 "-" "-"
78.11.35.207 - - [14/Jul/2014:16:05:21 +0200] "POST /api/xprovider?attr=index&call=getAttribute HTTP/1.1" 200 241 "-" "-"
10.10.33.60 - - [14/Jul/2014:16:05:21 +0200] "POST /api/login HTTP/1.1" 200 164 "-" "Apache CXF 2.6.1"
78.11.35.207 - - [14/Jul/2014:16:05:21 +0200] "POST /api/xprovider?attr=index&call=getAttribute HTTP/1.1" 200 243 "-" "-"
78.11.35.207 - - [14/Jul/2014:16:05:21 +0200] "POST /api/xprovider?attr=index&call=getAttribute HTTP/1.1" 200 233 "-" "-"
10.10.33.60 - - [14/Jul/2014:16:05:21 +0200] "POST /api/global/search/documents?call=search HTTP/1.1" 200 115 "-" "Apache CXF 2.6.1"
10.10.33.60 - - [14/Jul/2014:16:05:21 +0200] "GET /api/avatar/transient/1?call=getAll HTTP/1.1" 200 206 "-" "Apache CXF 2.6.1"
78.11.35.207 - - [14/Jul/2014:16:05:21 +0200] "POST /api/xprovider?attr=index&call=getAttribute HTTP/1.1" 200 253 "-" "-"
10.10.33.60 - - [14/Jul/2014:16:05:21 +0200] "POST /api/global/search/documents?call=search HTTP/1.1" 200 115 "-" "Apache CXF 2.6.1"
78.11.35.207 - - [14/Jul/2014:16:05:21 +0200] "POST /api/xprovider?attr=index&call=getAttribute HTTP/1.1" 200 225 "-" "-"
10.10.33.60 - - [14/Jul/2014:16:05:21 +0200] "GET /api/avatar/transient/2?call=getAll HTTP/1.1" 200 360 "-" "Apache CXF 2.6.1"
78.11.35.207 - - [14/Jul/2014:16:05:21 +0200] "POST /api/xprovider?attr=index&call=getAttribute HTTP/1.1" 200 262 "-" "-"
10.10.33.60 - - [14/Jul/2014:16:05:21 +0200] "POST /api/avatar?call=logout HTTP/1.1" 204 0 "-" "Apache CXF 2.6.1"
78.11.35.207 - - [14/Jul/2014:16:05:21 +0200] "POST /api/xprovider?attr=index&call=getAttribute HTTP/1.1" 200 248 "-" "-"
78.11.35.207 - - [14/Jul/2014:16:05:22 +0200] "POST /api/xprovider?attr=index&call=getAttribute HTTP/1.1" 200 234 "-" "-"
78.11.35.207 - - [14/Jul/2014:16:05:22 +0200] "POST /api/xprovider?attr=index&call=getAttribute HTTP/1.1" 200 238 "-" "-"
78.11.35.207 - - [14/Jul/2014:16:05:22 +0200] "POST /api/avatar?call=startTransaction HTTP/1.1" 204 0 "-" "-"
78.11.35.207 - - [14/Jul/2014:16:05:22 +0200] "POST /api/global/classes/System?call=create HTTP/1.1" 200 118 "-" "-"
172.17.105.51 - - [14/Jul/2014:16:05:22 +0200] "GET /files/i,130570380,1/19240101.tif?info=jsonp&page=3&callback=Request.JSONP.request_map.request_2&random=43503 HTTP/1.1" 200 68 "http://p4altair.p4.org/ui/documents/growser/?documentId=280572480&amp;fileId=130570380&amp;leftSideThumbnails=False" "Mozilla/4.0 (compatible; MSIE 7.0; Windows NT 5.1; Trident/4.0; .NET CLR 2.0.50727; .NET CLR 3.0.4506.2152; .NET CLR 3.5.30729; CMDTDF; .NET4.0C; .NET4.0E)"
172.17.105.52 - - [14/Jul/2014:16:05:22 +0200] "GET /files/i,130600455,1/19271907.tif?info=jsonp&page=6&callback=Request.JSONP.request_map.request_5&random=23627 HTTP/1.1" 200 68 "http://p4altair.p4.org/ui/documents/growser/?documentId=280602555&amp;fileId=130600455&amp;leftSideThumbnails=False" "Mozilla/5.0 (Windows NT 5.1) AppleWebKit/537.36 (KHTML, like Gecko) Chrome/32.0.1700.102 Safari/537.36"
78.11.35.207 - - [14/Jul/2014:16:05:22 +0200] "POST /api/documents/280616851?call=addCategoryValues HTTP/1.1" 200 33 "-" "-"
78.11.35.207 - - [14/Jul/2014:16:05:22 +0200] "POST /api/documents/280616851?sizehint=222020&filename=19286194.tif&call=uploadFile HTTP/1.1" 200 194 "-" "-"
172.17.105.51 - - [14/Jul/2014:16:05:22 +0200] "GET /files/i,130570380,1/19240101.tif?page=3 HTTP/1.1" 200 110701 "http://p4altair.p4.org/ui/documents/growser/?documentId=280572480&amp;fileId=130570380&amp;leftSideThumbnails=False" "Mozilla/4.0 (compatible; MSIE 7.0; Windows NT 5.1; Trident/4.0; .NET CLR 2.0.50727; .NET CLR 3.0.4506.2152; .NET CLR 3.5.30729; CMDTDF; .NET4.0C; .NET4.0E)"
78.11.35.207 - - [14/Jul/2014:16:05:22 +0200] "PUT /files/upload/r3 HTTP/1.1" 201 30 "-" "-"
78.11.35.207 - - [14/Jul/2014:16:05:22 +0200] "POST /api/avatar/transient/3?call=waitForCompletion HTTP/1.1" 204 0 "-" "-"
78.11.35.207 - - [14/Jul/2014:16:05:22 +0200] "POST /api/avatar?commit=true&call=finishTransaction HTTP/1.1" 200 4 "-" "-"
78.11.35.207 - - [14/Jul/2014:16:05:22 +0200] "GET /api/global/classes/System HTTP/1.1" 200 149 "-" "-"
78.11.35.207 - - [14/Jul/2014:16:05:22 +0200] "GET /api/global/categories/01.%20UM%20-%20Umowy HTTP/1.1" 200 171 "-" "-"
78.11.35.207 - - [14/Jul/2014:16:05:23 +0200] "POST /api/xprovider?attr=indexes&call=getAttribute HTTP/1.1" 200 3409 "-" "-"
78.11.35.207 - - [14/Jul/2014:16:05:23 +0200] "POST /api/xprovider?attr=index&call=getAttribute HTTP/1.1" 200 283 "-" "-"
78.11.35.207 - - [14/Jul/2014:16:05:23 +0200] "POST /api/xprovider?attr=index&call=getAttribute HTTP/1.1" 200 235 "-" "-"
78.11.35.207 - - [14/Jul/2014:16:05:23 +0200] "POST /api/xprovider?attr=index&call=getAttribute HTTP/1.1" 200 225 "-" "-"
78.11.35.207 - - [14/Jul/2014:16:05:23 +0200] "POST /api/xprovider?attr=index&call=getAttribute HTTP/1.1" 200 238 "-" "-"
78.11.35.207 - - [14/Jul/2014:16:05:23 +0200] "POST /api/xprovider?attr=index&call=getAttribute HTTP/1.1" 200 219 "-" "-"
78.11.35.207 - - [14/Jul/2014:16:05:23 +0200] "POST /api/xprovider?attr=index&call=getAttribute HTTP/1.1" 200 239 "-" "-"
78.11.35.207 - - [14/Jul/2014:16:05:23 +0200] "POST /api/xprovider?attr=index&call=getAttribute HTTP/1.1" 200 235 "-" "-"
78.11.35.207 - - [14/Jul/2014:16:05:23 +0200] "POST /api/xprovider?attr=index&call=getAttribute HTTP/1.1" 200 251 "-" "-"
78.11.35.207 - - [14/Jul/2014:16:05:23 +0200] "POST /api/xprovider?attr=index&call=getAttribute HTTP/1.1" 200 255 "-" "-"
78.11.35.207 - - [14/Jul/2014:16:05:23 +0200] "POST /api/xprovider?attr=index&call=getAttribute HTTP/1.1" 200 245 "-" "-"
172.17.101.25 - - [14/Jul/2014:16:05:23 +0200] "GET / HTTP/1.1" 302 5 "-" "Mozilla/4.0 (compatible; MSIE 7.0; Windows NT 6.1; Trident/7.0; SLCC2; .NET CLR 2.0.50727; .NET CLR 3.5.30729; .NET CLR 3.0.30729; Media Center PC 6.0)"
172.17.101.25 - - [14/Jul/2014:16:05:23 +0200] "GET /ui/login HTTP/1.1" 302 5 "-" "Mozilla/4.0 (compatible; MSIE 7.0; Windows NT 6.1; Trident/7.0; SLCC2; .NET CLR 2.0.50727; .NET CLR 3.5.30729; .NET CLR 3.0.30729; Media Center PC 6.0)"
78.11.35.207 - - [14/Jul/2014:16:05:23 +0200] "POST /api/xprovider?attr=index&call=getAttribute HTTP/1.1" 200 295 "-" "-"
78.11.35.207 - - [14/Jul/2014:16:05:23 +0200] "POST /api/xprovider?attr=index&call=getAttribute HTTP/1.1" 200 268 "-" "-"
172.17.101.25 - - [14/Jul/2014:16:05:23 +0200] "GET /ui/login/ HTTP/1.1" 302 5 "-" "Mozilla/4.0 (compatible; MSIE 7.0; Windows NT 6.1; Trident/7.0; SLCC2; .NET CLR 2.0.50727; .NET CLR 3.5.30729; .NET CLR 3.0.30729; Media Center PC 6.0)"
10.10.33.59 - - [14/Jul/2014:16:05:23 +0200] "POST /api/login HTTP/1.1" 200 164 "-" "Apache CXF 2.6.1"
172.17.101.79 - - [14/Jul/2014:16:05:23 +0200] "POST /ui/documents/categories/321/ HTTP/1.1" 302 5 "http://p4altair.p4.org/ui/documents/categories/321/" "Mozilla/5.0 (Windows NT 6.1; Trident/7.0; rv:11.0) like Gecko"
78.11.35.207 - - [14/Jul/2014:16:05:23 +0200] "POST /api/xprovider?attr=index&call=getAttribute HTTP/1.1" 200 237 "-" "-"
10.10.33.59 - - [14/Jul/2014:16:05:23 +0200] "POST /api/global/search/documents?call=search HTTP/1.1" 200 115 "-" "Apache CXF 2.6.1"
10.10.33.59 - - [14/Jul/2014:16:05:24 +0200] "GET /api/avatar/transient/1?call=getAll HTTP/1.1" 200 206 "-" "Apache CXF 2.6.1"
78.11.35.207 - - [14/Jul/2014:16:05:24 +0200] "POST /api/xprovider?attr=index&call=getAttribute HTTP/1.1" 200 296 "-" "-"
10.10.33.59 - - [14/Jul/2014:16:05:24 +0200] "POST /api/avatar?call=logout HTTP/1.1" 204 0 "-" "Apache CXF 2.6.1"
172.17.101.79 - - [14/Jul/2014:16:05:24 +0200] "GET /js/utils.js?version=3.2014.24 HTTP/1.1" 200 1675 "http://p4altair.p4.org/ui/documents/categories/321/result/?i40066=62070706260" "Mozilla/4.0 (compatible; MSIE 7.0; Windows NT 6.1; Trident/7.0; SLCC2; .NET CLR 2.0.50727; .NET CLR 3.5.30729; .NET CLR 3.0.30729; Media Center PC 6.0)"
172.17.101.79 - - [14/Jul/2014:16:05:24 +0200] "GET /js/printing.js?version=3.2014.24 HTTP/1.1" 200 3534 "http://p4altair.p4.org/ui/documents/categories/321/result/?i40066=62070706260" "Mozilla/4.0 (compatible; MSIE 7.0; Windows NT 6.1; Trident/7.0; SLCC2; .NET CLR 2.0.50727; .NET CLR 3.5.30729; .NET CLR 3.0.30729; Media Center PC 6.0)"
78.11.35.207 - - [14/Jul/2014:16:05:24 +0200] "POST /api/xprovider?attr=index&call=getAttribute HTTP/1.1" 200 241 "-" "-"
78.11.35.207 - - [14/Jul/2014:16:05:24 +0200] "POST /api/xprovider?attr=index&call=getAttribute HTTP/1.1" 200 243 "-" "-"
78.11.35.207 - - [14/Jul/2014:16:05:24 +0200] "POST /api/xprovider?attr=index&call=getAttribute HTTP/1.1" 200 233 "-" "-"
78.11.35.207 - - [14/Jul/2014:16:05:24 +0200] "POST /api/xprovider?attr=index&call=getAttribute HTTP/1.1" 200 253 "-" "-"
78.11.35.207 - - [14/Jul/2014:16:05:24 +0200] "POST /api/xprovider?attr=index&call=getAttribute HTTP/1.1" 200 225 "-" "-"
78.11.35.207 - - [14/Jul/2014:16:05:24 +0200] "POST /api/xprovider?attr=index&call=getAttribute HTTP/1.1" 200 262 "-" "-"
78.11.35.207 - - [14/Jul/2014:16:05:24 +0200] "POST /api/xprovider?attr=index&call=getAttribute HTTP/1.1" 200 248 "-" "-"
78.11.35.207 - - [14/Jul/2014:16:05:24 +0200] "POST /api/xprovider?attr=index&call=getAttribute HTTP/1.1" 200 234 "-" "-"
78.11.35.207 - - [14/Jul/2014:16:05:24 +0200] "POST /api/xprovider?attr=index&call=getAttribute HTTP/1.1" 200 238 "-" "-"
78.11.35.207 - - [14/Jul/2014:16:05:24 +0200] "POST /api/avatar?call=startTransaction HTTP/1.1" 204 0 "-" "-"
78.11.35.207 - - [14/Jul/2014:16:05:24 +0200] "POST /api/global/classes/System?call=create HTTP/1.1" 200 118 "-" "-"
172.17.101.79 - - [14/Jul/2014:16:05:24 +0200] "GET /ui/documents/categories/321/result/?i40066=62070706260 HTTP/1.1" 200 44238 "http://p4altair.p4.org/ui/documents/categories/321/" "Mozilla/5.0 (Windows NT 6.1; Trident/7.0; rv:11.0) like Gecko"
78.11.35.207 - - [14/Jul/2014:16:05:24 +0200] "POST /api/documents/280616852?call=addCategoryValues HTTP/1.1" 200 33 "-" "-"
78.11.35.207 - - [14/Jul/2014:16:05:25 +0200] "POST /api/documents/280616852?sizehint=232374&filename=19286196.tif&call=uploadFile HTTP/1.1" 200 194 "-" "-"
78.11.35.207 - - [14/Jul/2014:16:05:25 +0200] "PUT /files/upload/r4 HTTP/1.1" 201 30 "-" "-"
78.11.35.207 - - [14/Jul/2014:16:05:25 +0200] "POST /api/avatar/transient/4?call=waitForCompletion HTTP/1.1" 204 0 "-" "-"
78.11.35.207 - - [14/Jul/2014:16:05:25 +0200] "POST /api/avatar?commit=true&call=finishTransaction HTTP/1.1" 200 4 "-" "-"
78.11.35.207 - - [14/Jul/2014:16:05:25 +0200] "GET /api/global/classes/System HTTP/1.1" 200 149 "-" "-"
78.11.35.207 - - [14/Jul/2014:16:05:25 +0200] "GET /api/global/categories/01.%20UM%20-%20Umowy HTTP/1.1" 200 171 "-" "-"
172.17.101.84 - - [14/Jul/2014:16:05:25 +0200] "POST /ui/documents/categories/321/ HTTP/1.1" 302 5 "http://p4altair.p4.org/ui/documents/categories/321/" "Mozilla/5.0 (Windows NT 6.1) AppleWebKit/537.36 (KHTML, like Gecko) Chrome/35.0.1916.153 Safari/537.36"
78.11.35.207 - - [14/Jul/2014:16:05:25 +0200] "POST /api/xprovider?attr=indexes&call=getAttribute HTTP/1.1" 200 3409 "-" "-"
78.11.35.207 - - [14/Jul/2014:16:05:25 +0200] "POST /api/xprovider?attr=index&call=getAttribute HTTP/1.1" 200 283 "-" "-"
78.11.35.207 - - [14/Jul/2014:16:05:26 +0200] "POST /api/xprovider?attr=index&call=getAttribute HTTP/1.1" 200 235 "-" "-"
172.17.101.84 - - [14/Jul/2014:16:05:26 +0200] "GET /js/utils.js?version=3.2014.24 HTTP/1.1" 304 0 "http://p4altair.p4.org/ui/documents/categories/321/result/?i40060=27587807" "Mozilla/5.0 (Windows NT 6.1) AppleWebKit/537.36 (KHTML, like Gecko) Chrome/35.0.1916.153 Safari/537.36"
172.17.101.84 - - [14/Jul/2014:16:05:26 +0200] "GET /js/printing.js?version=3.2014.24 HTTP/1.1" 304 0 "http://p4altair.p4.org/ui/documents/categories/321/result/?i40060=27587807" "Mozilla/5.0 (Windows NT 6.1) AppleWebKit/537.36 (KHTML, like Gecko) Chrome/35.0.1916.153 Safari/537.36"
78.11.35.207 - - [14/Jul/2014:16:05:26 +0200] "POST /api/xprovider?attr=index&call=getAttribute HTTP/1.1" 200 225 "-" "-"
78.11.35.207 - - [14/Jul/2014:16:05:26 +0200] "POST /api/xprovider?attr=index&call=getAttribute HTTP/1.1" 200 238 "-" "-"
78.11.35.207 - - [14/Jul/2014:16:05:26 +0200] "POST /api/xprovider?attr=index&call=getAttribute HTTP/1.1" 200 219 "-" "-"
78.11.35.207 - - [14/Jul/2014:16:05:26 +0200] "POST /api/xprovider?attr=index&call=getAttribute HTTP/1.1" 200 239 "-" "-"
78.11.35.207 - - [14/Jul/2014:16:05:26 +0200] "POST /api/xprovider?attr=index&call=getAttribute HTTP/1.1" 200 235 "-" "-"
78.11.35.207 - - [14/Jul/2014:16:05:26 +0200] "POST /api/xprovider?attr=index&call=getAttribute HTTP/1.1" 200 251 "-" "-"
78.11.35.207 - - [14/Jul/2014:16:05:26 +0200] "POST /api/xprovider?attr=index&call=getAttribute HTTP/1.1" 200 255 "-" "-"
172.17.101.84 - - [14/Jul/2014:16:05:26 +0200] "GET /ui/documents/categories/321/result/?i40060=27587807 HTTP/1.1" 200 42876 "http://p4altair.p4.org/ui/documents/categories/321/" "Mozilla/5.0 (Windows NT 6.1) AppleWebKit/537.36 (KHTML, like Gecko) Chrome/35.0.1916.153 Safari/537.36"
172.17.101.84 - - [14/Jul/2014:16:05:26 +0200] "GET /images/invert.gif HTTP/1.1" 200 1071 "http://p4altair.p4.org/ui/documents/categories/321/result/?i40060=27587807" "Mozilla/5.0 (Windows NT 6.1) AppleWebKit/537.36 (KHTML, like Gecko) Chrome/35.0.1916.153 Safari/537.36"
172.17.101.84 - - [14/Jul/2014:16:05:26 +0200] "GET /images/sortenable.gif HTTP/1.1" 200 977 "http://p4altair.p4.org/ui/documents/categories/321/result/?i40060=27587807" "Mozilla/5.0 (Windows NT 6.1) AppleWebKit/537.36 (KHTML, like Gecko) Chrome/35.0.1916.153 Safari/537.36"
172.17.101.84 - - [14/Jul/2014:16:05:26 +0200] "GET /images/bt_ico_options.png HTTP/1.1" 200 1062 "http://p4altair.p4.org/ui/documents/categories/321/result/?i40060=27587807" "Mozilla/5.0 (Windows NT 6.1) AppleWebKit/537.36 (KHTML, like Gecko) Chrome/35.0.1916.153 Safari/537.36"
78.11.35.207 - - [14/Jul/2014:16:05:26 +0200] "POST /api/xprovider?attr=index&call=getAttribute HTTP/1.1" 200 245 "-" "-"
172.17.101.84 - - [14/Jul/2014:16:05:26 +0200] "GET /images/ico_strzalka_dla_mass_action.gif HTTP/1.1" 200 81 "http://p4altair.p4.org/ui/documents/categories/321/result/?i40060=27587807" "Mozilla/5.0 (Windows NT 6.1) AppleWebKit/537.36 (KHTML, like Gecko) Chrome/35.0.1916.153 Safari/537.36"
172.17.101.84 - - [14/Jul/2014:16:05:26 +0200] "GET /images/bt_ico_del.gif HTTP/1.1" 200 1416 "http://p4altair.p4.org/ui/documents/categories/321/result/?i40060=27587807" "Mozilla/5.0 (Windows NT 6.1) AppleWebKit/537.36 (KHTML, like Gecko) Chrome/35.0.1916.153 Safari/537.36"
172.17.101.84 - - [14/Jul/2014:16:05:26 +0200] "GET /images/bt_ico_dwn.gif HTTP/1.1" 200 1393 "http://p4altair.p4.org/ui/documents/categories/321/result/?i40060=27587807" "Mozilla/5.0 (Windows NT 6.1) AppleWebKit/537.36 (KHTML, like Gecko) Chrome/35.0.1916.153 Safari/537.36"
172.17.101.84 - - [14/Jul/2014:16:05:26 +0200] "GET /images/bt_transparent.gif HTTP/1.1" 200 2091 "http://p4altair.p4.org/ui/documents/categories/321/result/?i40060=27587807" "Mozilla/5.0 (Windows NT 6.1) AppleWebKit/537.36 (KHTML, like Gecko) Chrome/35.0.1916.153 Safari/537.36"
172.17.101.84 - - [14/Jul/2014:16:05:26 +0200] "GET /category_changer_resources/ui.js HTTP/1.1" 200 2924 "http://p4altair.p4.org/ui/documents/categories/321/result/?i40060=27587807" "Mozilla/5.0 (Windows NT 6.1) AppleWebKit/537.36 (KHTML, like Gecko) Chrome/35.0.1916.153 Safari/537.36"
78.11.35.207 - - [14/Jul/2014:16:05:26 +0200] "POST /api/xprovider?attr=index&call=getAttribute HTTP/1.1" 200 295 "-" "-"
78.11.35.207 - - [14/Jul/2014:16:05:27 +0200] "POST /api/xprovider?attr=index&call=getAttribute HTTP/1.1" 200 268 "-" "-"
78.11.35.207 - - [14/Jul/2014:16:05:27 +0200] "POST /api/xprovider?attr=index&call=getAttribute HTTP/1.1" 200 237 "-" "-"
78.11.35.207 - - [14/Jul/2014:16:05:27 +0200] "POST /api/xprovider?attr=index&call=getAttribute HTTP/1.1" 200 296 "-" "-"
78.11.35.207 - - [14/Jul/2014:16:05:27 +0200] "POST /api/xprovider?attr=index&call=getAttribute HTTP/1.1" 200 241 "-" "-"
78.11.35.207 - - [14/Jul/2014:16:05:27 +0200] "POST /api/xprovider?attr=index&call=getAttribute HTTP/1.1" 200 243 "-" "-"
78.11.35.207 - - [14/Jul/2014:16:05:27 +0200] "POST /api/xprovider?attr=index&call=getAttribute HTTP/1.1" 200 233 "-" "-"
78.11.35.207 - - [14/Jul/2014:16:05:27 +0200] "POST /api/xprovider?attr=index&call=getAttribute HTTP/1.1" 200 253 "-" "-"
78.11.35.207 - - [14/Jul/2014:16:05:27 +0200] "POST /api/xprovider?attr=index&call=getAttribute HTTP/1.1" 200 225 "-" "-"
78.11.35.207 - - [14/Jul/2014:16:05:27 +0200] "POST /api/xprovider?attr=index&call=getAttribute HTTP/1.1" 200 262 "-" "-"
78.11.35.207 - - [14/Jul/2014:16:05:27 +0200] "POST /api/xprovider?attr=index&call=getAttribute HTTP/1.1" 200 248 "-" "-"
78.11.35.207 - - [14/Jul/2014:16:05:27 +0200] "POST /api/xprovider?attr=index&call=getAttribute HTTP/1.1" 200 234 "-" "-"
78.11.35.207 - - [14/Jul/2014:16:05:27 +0200] "POST /api/xprovider?attr=index&call=getAttribute HTTP/1.1" 200 238 "-" "-"
78.11.35.207 - - [14/Jul/2014:16:05:27 +0200] "POST /api/avatar?call=startTransaction HTTP/1.1" 204 0 "-" "-"
172.17.105.52 - - [14/Jul/2014:16:05:27 +0200] "GET /ui/documents/extauth/documents/280601451/view/?embed=1 HTTP/1.1" 302 5 "-" "Mozilla/5.0 (Windows NT 5.1) AppleWebKit/537.36 (KHTML, like Gecko) Chrome/32.0.1700.102 Safari/537.36"
172.17.105.52 - - [14/Jul/2014:16:05:27 +0200] "GET /ui/documents/extauth/documents/280601451/view/?embed=1 HTTP/1.1" 302 5 "-" "Mozilla/5.0 (Windows NT 5.1) AppleWebKit/537.36 (KHTML, like Gecko) Chrome/32.0.1700.102 Safari/537.36"
78.11.35.207 - - [14/Jul/2014:16:05:27 +0200] "POST /api/global/classes/System?call=create HTTP/1.1" 200 118 "-" "-"
78.11.35.207 - - [14/Jul/2014:16:05:28 +0200] "POST /api/documents/280616853?call=addCategoryValues HTTP/1.1" 200 33 "-" "-"
78.11.35.207 - - [14/Jul/2014:16:05:28 +0200] "POST /api/documents/280616853?sizehint=222614&filename=19286197.tif&call=uploadFile HTTP/1.1" 200 194 "-" "-"
172.17.105.52 - - [14/Jul/2014:16:05:28 +0200] "GET /files/i,130600455,1/19271907.tif?page=6 HTTP/1.1" 200 2192941 "http://p4altair.p4.org/ui/documents/growser/?documentId=280602555&amp;fileId=130600455&amp;leftSideThumbnails=False" "Mozilla/5.0 (Windows NT 5.1) AppleWebKit/537.36 (KHTML, like Gecko) Chrome/32.0.1700.102 Safari/537.36"
78.11.35.207 - - [14/Jul/2014:16:05:28 +0200] "PUT /files/upload/r5 HTTP/1.1" 201 30 "-" "-"
78.11.35.207 - - [14/Jul/2014:16:05:28 +0200] "POST /api/avatar/transient/5?call=waitForCompletion HTTP/1.1" 204 0 "-" "-"
78.11.35.207 - - [14/Jul/2014:16:05:28 +0200] "POST /api/avatar?commit=true&call=finishTransaction HTTP/1.1" 200 4 "-" "-"
78.11.35.207 - - [14/Jul/2014:16:05:28 +0200] "GET /api/global/classes/System HTTP/1.1" 200 149 "-" "-"
78.11.35.207 - - [14/Jul/2014:16:05:28 +0200] "GET /api/global/categories/01.%20UM%20-%20Umowy HTTP/1.1" 200 171 "-" "-"
78.11.35.207 - - [14/Jul/2014:16:05:28 +0200] "POST /api/xprovider?attr=indexes&call=getAttribute HTTP/1.1" 200 3409 "-" "-"
78.11.35.207 - - [14/Jul/2014:16:05:28 +0200] "POST /api/xprovider?attr=index&call=getAttribute HTTP/1.1" 200 283 "-" "-"
78.11.35.207 - - [14/Jul/2014:16:05:28 +0200] "POST /api/xprovider?attr=index&call=getAttribute HTTP/1.1" 200 235 "-" "-"
78.11.35.207 - - [14/Jul/2014:16:05:28 +0200] "POST /api/xprovider?attr=index&call=getAttribute HTTP/1.1" 200 225 "-" "-"
78.11.35.207 - - [14/Jul/2014:16:05:28 +0200] "POST /api/xprovider?attr=index&call=getAttribute HTTP/1.1" 200 238 "-" "-"
172.17.105.52 - - [14/Jul/2014:16:05:29 +0200] "GET /ui/login/?redirect=%2Fui%2Fdocuments%2Fextauth%2Fdocuments%2F280601451%2Fview%2F%3Fembed%3D1 HTTP/1.1" 302 5 "-" "Mozilla/5.0 (Windows NT 5.1) AppleWebKit/537.36 (KHTML, like Gecko) Chrome/32.0.1700.102 Safari/537.36"
78.11.35.207 - - [14/Jul/2014:16:05:29 +0200] "POST /api/xprovider?attr=index&call=getAttribute HTTP/1.1" 200 219 "-" "-"
78.11.35.207 - - [14/Jul/2014:16:05:29 +0200] "POST /api/xprovider?attr=index&call=getAttribute HTTP/1.1" 200 239 "-" "-"
78.11.35.207 - - [14/Jul/2014:16:05:29 +0200] "POST /api/xprovider?attr=index&call=getAttribute HTTP/1.1" 200 235 "-" "-"
172.17.101.84 - - [14/Jul/2014:16:05:29 +0200] "GET /ui/documents/258037057/ HTTP/1.1" 302 5 "http://p4altair.p4.org/ui/documents/categories/321/result/?i40060=27587807" "Mozilla/5.0 (Windows NT 6.1) AppleWebKit/537.36 (KHTML, like Gecko) Chrome/35.0.1916.153 Safari/537.36"
172.17.105.52 - - [14/Jul/2014:16:05:29 +0200] "GET /ui/documents/extauth/documents/280601451/view/?embed=1 HTTP/1.1" 200 5700 "-" "Mozilla/5.0 (Windows NT 5.1) AppleWebKit/537.36 (KHTML, like Gecko) Chrome/32.0.1700.102 Safari/537.36"
172.17.105.52 - - [14/Jul/2014:16:05:29 +0200] "GET /styles/main.css?version=3.2014.24 HTTP/1.1" 304 0 "http://p4altair.p4.org/ui/documents/extauth/documents/280601451/view/?embed=1" "Mozilla/5.0 (Windows NT 5.1) AppleWebKit/537.36 (KHTML, like Gecko) Chrome/32.0.1700.102 Safari/537.36"
78.11.35.207 - - [14/Jul/2014:16:05:29 +0200] "POST /api/xprovider?attr=index&call=getAttribute HTTP/1.1" 200 251 "-" "-"
172.17.105.52 - - [14/Jul/2014:16:05:29 +0200] "GET /js/cd3.js?version=3.2014.24 HTTP/1.1" 304 0 "http://p4altair.p4.org/ui/documents/extauth/documents/280601451/view/?embed=1" "Mozilla/5.0 (Windows NT 5.1) AppleWebKit/537.36 (KHTML, like Gecko) Chrome/32.0.1700.102 Safari/537.36"
172.17.105.52 - - [14/Jul/2014:16:05:29 +0200] "GET /js/common.js?version=3.2014.24 HTTP/1.1" 304 0 "http://p4altair.p4.org/ui/documents/extauth/documents/280601451/view/?embed=1" "Mozilla/5.0 (Windows NT 5.1) AppleWebKit/537.36 (KHTML, like Gecko) Chrome/32.0.1700.102 Safari/537.36"
172.17.105.52 - - [14/Jul/2014:16:05:29 +0200] "GET /jslang/en.js?version=3.2014.24 HTTP/1.1" 304 0 "http://p4altair.p4.org/ui/documents/extauth/documents/280601451/view/?embed=1" "Mozilla/5.0 (Windows NT 5.1) AppleWebKit/537.36 (KHTML, like Gecko) Chrome/32.0.1700.102 Safari/537.36"
78.11.35.207 - - [14/Jul/2014:16:05:29 +0200] "POST /api/xprovider?attr=index&call=getAttribute HTTP/1.1" 200 255 "-" "-"
78.11.35.207 - - [14/Jul/2014:16:05:29 +0200] "POST /api/xprovider?attr=index&call=getAttribute HTTP/1.1" 200 245 "-" "-"
78.11.35.207 - - [14/Jul/2014:16:05:29 +0200] "POST /api/xprovider?attr=index&call=getAttribute HTTP/1.1" 200 295 "-" "-"
172.17.105.52 - - [14/Jul/2014:16:05:29 +0200] "GET /js/tableview.js?version=3.2014.24 HTTP/1.1" 304 0 "http://p4altair.p4.org/ui/documents/extauth/documents/280601451/view/?embed=1" "Mozilla/5.0 (Windows NT 5.1) AppleWebKit/537.36 (KHTML, like Gecko) Chrome/32.0.1700.102 Safari/537.36"
172.17.105.52 - - [14/Jul/2014:16:05:29 +0200] "GET /js/forms.js?version=3.2014.24 HTTP/1.1" 304 0 "http://p4altair.p4.org/ui/documents/extauth/documents/280601451/view/?embed=1" "Mozilla/5.0 (Windows NT 5.1) AppleWebKit/537.36 (KHTML, like Gecko) Chrome/32.0.1700.102 Safari/537.36"
78.11.35.207 - - [14/Jul/2014:16:05:29 +0200] "POST /api/xprovider?attr=index&call=getAttribute HTTP/1.1" 200 268 "-" "-"
172.17.101.84 - - [14/Jul/2014:16:05:29 +0200] "GET /images/icons/info.gif HTTP/1.1" 200 1019 "http://p4altair.p4.org/ui/documents/258037057/view/?fileNo=&version=&page=&zoom=&moveX=&moveY=" "Mozilla/5.0 (Windows NT 6.1) AppleWebKit/537.36 (KHTML, like Gecko) Chrome/35.0.1916.153 Safari/537.36"
78.11.35.207 - - [14/Jul/2014:16:05:29 +0200] "POST /api/xprovider?attr=index&call=getAttribute HTTP/1.1" 200 237 "-" "-"
78.11.35.207 - - [14/Jul/2014:16:05:29 +0200] "POST /api/xprovider?attr=index&call=getAttribute HTTP/1.1" 200 296 "-" "-"
172.17.105.52 - - [14/Jul/2014:16:05:29 +0200] "GET /ui/documents/growser/?documentId=280601451&amp;fileId=130599351&amp;leftSideThumbnails=False HTTP/1.1" 200 3694 "http://p4altair.p4.org/ui/documents/extauth/documents/280601451/view/?embed=1" "Mozilla/5.0 (Windows NT 5.1) AppleWebKit/537.36 (KHTML, like Gecko) Chrome/32.0.1700.102 Safari/537.36"
78.11.35.207 - - [14/Jul/2014:16:05:29 +0200] "POST /api/xprovider?attr=index&call=getAttribute HTTP/1.1" 200 241 "-" "-"
172.17.105.52 - - [14/Jul/2014:16:05:29 +0200] "GET /js/wfforms/moo-core.js?version=3.2014.24 HTTP/1.1" 304 0 "http://p4altair.p4.org/ui/documents/growser/?documentId=280601451&amp;fileId=130599351&amp;leftSideThumbnails=False" "Mozilla/5.0 (Windows NT 5.1) AppleWebKit/537.36 (KHTML, like Gecko) Chrome/32.0.1700.102 Safari/537.36"
172.17.105.52 - - [14/Jul/2014:16:05:29 +0200] "GET /js/utils.js?version=3.2014.24 HTTP/1.1" 304 0 "http://p4altair.p4.org/ui/documents/growser/?documentId=280601451&amp;fileId=130599351&amp;leftSideThumbnails=False" "Mozilla/5.0 (Windows NT 5.1) AppleWebKit/537.36 (KHTML, like Gecko) Chrome/32.0.1700.102 Safari/537.36"
172.17.105.52 - - [14/Jul/2014:16:05:29 +0200] "GET /styles/growser.css?version=3.2014.24 HTTP/1.1" 304 0 "http://p4altair.p4.org/ui/documents/growser/?documentId=280601451&amp;fileId=130599351&amp;leftSideThumbnails=False" "Mozilla/5.0 (Windows NT 5.1) AppleWebKit/537.36 (KHTML, like Gecko) Chrome/32.0.1700.102 Safari/537.36"
172.17.105.52 - - [14/Jul/2014:16:05:29 +0200] "GET /js/growser.js?version=3.2014.24 HTTP/1.1" 304 0 "http://p4altair.p4.org/ui/documents/growser/?documentId=280601451&amp;fileId=130599351&amp;leftSideThumbnails=False" "Mozilla/5.0 (Windows NT 5.1) AppleWebKit/537.36 (KHTML, like Gecko) Chrome/32.0.1700.102 Safari/537.36"
172.17.105.52 - - [14/Jul/2014:16:05:29 +0200] "GET /js/printing.js?version=3.2014.24 HTTP/1.1" 304 0 "http://p4altair.p4.org/ui/documents/growser/?documentId=280601451&amp;fileId=130599351&amp;leftSideThumbnails=False" "Mozilla/5.0 (Windows NT 5.1) AppleWebKit/537.36 (KHTML, like Gecko) Chrome/32.0.1700.102 Safari/537.36"
78.11.35.207 - - [14/Jul/2014:16:05:29 +0200] "POST /api/xprovider?attr=index&call=getAttribute HTTP/1.1" 200 243 "-" "-"
78.11.35.207 - - [14/Jul/2014:16:05:29 +0200] "POST /api/xprovider?attr=index&call=getAttribute HTTP/1.1" 200 233 "-" "-"
172.17.101.84 - - [14/Jul/2014:16:05:29 +0200] "GET /ui/documents/258037057/view/?fileNo=&version=&page=&zoom=&moveX=&moveY= HTTP/1.1" 200 25550 "http://p4altair.p4.org/ui/documents/categories/321/result/?i40060=27587807" "Mozilla/5.0 (Windows NT 6.1) AppleWebKit/537.36 (KHTML, like Gecko) Chrome/35.0.1916.153 Safari/537.36"
78.11.35.207 - - [14/Jul/2014:16:05:29 +0200] "POST /api/xprovider?attr=index&call=getAttribute HTTP/1.1" 200 253 "-" "-"
172.17.101.84 - - [14/Jul/2014:16:05:29 +0200] "GET /images/menu-top-node-root-closed-bg.gif HTTP/1.1" 200 382 "http://p4altair.p4.org/ui/documents/258037057/view/?fileNo=&version=&page=&zoom=&moveX=&moveY=" "Mozilla/5.0 (Windows NT 6.1) AppleWebKit/537.36 (KHTML, like Gecko) Chrome/35.0.1916.153 Safari/537.36"
172.17.105.52 - - [14/Jul/2014:16:05:29 +0200] "GET /files/i,130599351,1/19270790.tif?info=jsonp&callback=Request.JSONP.request_map.request_0&random=26528 HTTP/1.1" 200 53 "http://p4altair.p4.org/ui/documents/growser/?documentId=280601451&amp;fileId=130599351&amp;leftSideThumbnails=False" "Mozilla/5.0 (Windows NT 5.1) AppleWebKit/537.36 (KHTML, like Gecko) Chrome/32.0.1700.102 Safari/537.36"
172.17.105.52 - - [14/Jul/2014:16:05:29 +0200] "GET /api/avatar?_random=0.2712559415958822 HTTP/1.1" 200 157 "http://p4altair.p4.org/ui/documents/growser/?documentId=280601451&amp;fileId=130599351&amp;leftSideThumbnails=False" "Mozilla/5.0 (Windows NT 5.1) AppleWebKit/537.36 (KHTML, like Gecko) Chrome/32.0.1700.102 Safari/537.36"
78.11.35.207 - - [14/Jul/2014:16:05:29 +0200] "POST /api/xprovider?attr=index&call=getAttribute HTTP/1.1" 200 225 "-" "-"
78.11.35.207 - - [14/Jul/2014:16:05:30 +0200] "POST /api/xprovider?attr=index&call=getAttribute HTTP/1.1" 200 262 "-" "-"
172.17.105.52 - - [14/Jul/2014:16:05:30 +0200] "GET /files/i,130599351,1/19270790.tif?info=jsonp&page=0&callback=Request.JSONP.request_map.request_1&random=63913 HTTP/1.1" 200 68 "http://p4altair.p4.org/ui/documents/growser/?documentId=280601451&amp;fileId=130599351&amp;leftSideThumbnails=False" "Mozilla/5.0 (Windows NT 5.1) AppleWebKit/537.36 (KHTML, like Gecko) Chrome/32.0.1700.102 Safari/537.36"
78.11.35.207 - - [14/Jul/2014:16:05:30 +0200] "POST /api/xprovider?attr=index&call=getAttribute HTTP/1.1" 200 248 "-" "-"
172.17.101.84 - - [14/Jul/2014:16:05:30 +0200] "GET /ui/documents/growser/?documentId=258037057&amp;fileId=108036882&amp;zoom=&amp;leftSideThumbnails=False HTTP/1.1" 200 3802 "http://p4altair.p4.org/ui/documents/258037057/view/?fileNo=&version=&page=&zoom=&moveX=&moveY=" "Mozilla/5.0 (Windows NT 6.1) AppleWebKit/537.36 (KHTML, like Gecko) Chrome/35.0.1916.153 Safari/537.36"
172.17.105.52 - - [14/Jul/2014:16:05:30 +0200] "POST /api/global/annotations?call=getInstances&_random=0.9035662573296577 HTTP/1.1" 200 2 "http://p4altair.p4.org/ui/documents/growser/?documentId=280601451&amp;fileId=130599351&amp;leftSideThumbnails=False" "Mozilla/5.0 (Windows NT 5.1) AppleWebKit/537.36 (KHTML, like Gecko) Chrome/32.0.1700.102 Safari/537.36"
78.11.35.207 - - [14/Jul/2014:16:05:30 +0200] "POST /api/xprovider?attr=index&call=getAttribute HTTP/1.1" 200 234 "-" "-"
78.11.35.207 - - [14/Jul/2014:16:05:30 +0200] "POST /api/xprovider?attr=index&call=getAttribute HTTP/1.1" 200 238 "-" "-"
78.11.35.207 - - [14/Jul/2014:16:05:30 +0200] "POST /api/avatar?call=startTransaction HTTP/1.1" 204 0 "-" "-"
78.11.35.207 - - [14/Jul/2014:16:05:30 +0200] "POST /api/global/classes/System?call=create HTTP/1.1" 200 118 "-" "-"
192.168.1.80 - - [14/Jul/2014:16:05:30 +0200] "GET /ui/ HTTP/1.1" 302 5 "-" "Mozilla/5.0 (Windows NT 6.1; WOW64) AppleWebKit/537.36 (KHTML, like Gecko) Chrome/35.0.1916.153 Safari/537.36"
192.168.1.80 - - [14/Jul/2014:16:05:30 +0200] "GET /ui/login HTTP/1.1" 302 5 "-" "Mozilla/5.0 (Windows NT 6.1; WOW64) AppleWebKit/537.36 (KHTML, like Gecko) Chrome/35.0.1916.153 Safari/537.36"
172.17.101.84 - - [14/Jul/2014:16:05:30 +0200] "GET /files/i,108036882,1/00000113030041970030002251081310030027587807.tif?info=jsonp&callback=Request.JSONP.request_map.request_0&random=83602 HTTP/1.1" 200 54 "http://p4altair.p4.org/ui/documents/growser/?documentId=258037057&amp;fileId=108036882&amp;zoom=&amp;leftSideThumbnails=False" "Mozilla/5.0 (Windows NT 6.1) AppleWebKit/537.36 (KHTML, like Gecko) Chrome/35.0.1916.153 Safari/537.36"
172.17.101.84 - - [14/Jul/2014:16:05:30 +0200] "GET /api/avatar?_random=0.4818611107766628 HTTP/1.1" 200 159 "http://p4altair.p4.org/ui/documents/growser/?documentId=258037057&amp;fileId=108036882&amp;zoom=&amp;leftSideThumbnails=False" "Mozilla/5.0 (Windows NT 6.1) AppleWebKit/537.36 (KHTML, like Gecko) Chrome/35.0.1916.153 Safari/537.36"
172.17.101.84 - - [14/Jul/2014:16:05:30 +0200] "POST /api/global/annotations?call=getInstances&_random=0.21154088084585965 HTTP/1.1" 200 2 "http://p4altair.p4.org/ui/documents/growser/?documentId=258037057&amp;fileId=108036882&amp;zoom=&amp;leftSideThumbnails=False" "Mozilla/5.0 (Windows NT 6.1) AppleWebKit/537.36 (KHTML, like Gecko) Chrome/35.0.1916.153 Safari/537.36"
192.168.1.80 - - [14/Jul/2014:16:05:30 +0200] "GET /ui/login/ HTTP/1.1" 302 5 "-" "Mozilla/5.0 (Windows NT 6.1; WOW64) AppleWebKit/537.36 (KHTML, like Gecko) Chrome/35.0.1916.153 Safari/537.36"
172.17.101.84 - - [14/Jul/2014:16:05:30 +0200] "GET /files/i,108036882,1/00000113030041970030002251081310030027587807.tif?info=jsonp&page=0&callback=Request.JSONP.request_map.request_1&random=46942 HTTP/1.1" 200 68 "http://p4altair.p4.org/ui/documents/growser/?documentId=258037057&amp;fileId=108036882&amp;zoom=&amp;leftSideThumbnails=False" "Mozilla/5.0 (Windows NT 6.1) AppleWebKit/537.36 (KHTML, like Gecko) Chrome/35.0.1916.153 Safari/537.36"
78.11.35.207 - - [14/Jul/2014:16:05:30 +0200] "POST /api/documents/280616854?call=addCategoryValues HTTP/1.1" 200 33 "-" "-"
78.11.35.207 - - [14/Jul/2014:16:05:30 +0200] "POST /api/documents/280616854?sizehint=226644&filename=19286199.tif&call=uploadFile HTTP/1.1" 200 194 "-" "-"
172.17.105.52 - - [14/Jul/2014:16:05:30 +0200] "GET /files/i,130599351,1/19270790.tif?page=0 HTTP/1.1" 200 264869 "http://p4altair.p4.org/ui/documents/growser/?documentId=280601451&amp;fileId=130599351&amp;leftSideThumbnails=False" "Mozilla/5.0 (Windows NT 5.1) AppleWebKit/537.36 (KHTML, like Gecko) Chrome/32.0.1700.102 Safari/537.36"
172.17.105.52 - - [14/Jul/2014:16:05:30 +0200] "GET /files/i,130599351,1/19270790.tif?page=0&thumbnail=150&rand2=1220 HTTP/1.1" 200 16922 "http://p4altair.p4.org/ui/documents/growser/?documentId=280601451&amp;fileId=130599351&amp;leftSideThumbnails=False" "Mozilla/5.0 (Windows NT 5.1) AppleWebKit/537.36 (KHTML, like Gecko) Chrome/32.0.1700.102 Safari/537.36"
172.17.105.52 - - [14/Jul/2014:16:05:31 +0200] "GET /ui/documents/extauth/documents/280602554/view/?embed=1 HTTP/1.1" 200 5700 "-" "Mozilla/5.0 (Windows NT 5.1) AppleWebKit/537.36 (KHTML, like Gecko) Chrome/32.0.1700.102 Safari/537.36"
78.11.35.207 - - [14/Jul/2014:16:05:31 +0200] "PUT /files/upload/r6 HTTP/1.1" 201 30 "-" "-"
78.11.35.207 - - [14/Jul/2014:16:05:31 +0200] "POST /api/avatar/transient/6?call=waitForCompletion HTTP/1.1" 204 0 "-" "-"
78.11.35.207 - - [14/Jul/2014:16:05:31 +0200] "POST /api/avatar?commit=true&call=finishTransaction HTTP/1.1" 200 4 "-" "-"
78.11.35.207 - - [14/Jul/2014:16:05:31 +0200] "GET /api/global/classes/System HTTP/1.1" 200 149 "-" "-"
78.11.35.207 - - [14/Jul/2014:16:05:31 +0200] "GET /api/global/categories/01.%20UM%20-%20Umowy HTTP/1.1" 200 171 "-" "-"
78.11.35.207 - - [14/Jul/2014:16:05:31 +0200] "POST /api/xprovider?attr=indexes&call=getAttribute HTTP/1.1" 200 3409 "-" "-"
172.17.105.52 - - [14/Jul/2014:16:05:31 +0200] "GET /files/i,130599351,1/19270790.tif?page=1&thumbnail=150&rand2=63 HTTP/1.1" 200 17116 "http://p4altair.p4.org/ui/documents/growser/?documentId=280601451&amp;fileId=130599351&amp;leftSideThumbnails=False" "Mozilla/5.0 (Windows NT 5.1) AppleWebKit/537.36 (KHTML, like Gecko) Chrome/32.0.1700.102 Safari/537.36"
172.17.105.52 - - [14/Jul/2014:16:05:31 +0200] "GET /ui/documents/growser/?documentId=280602554&amp;fileId=130600454&amp;leftSideThumbnails=False HTTP/1.1" 200 3694 "http://p4altair.p4.org/ui/documents/extauth/documents/280602554/view/?embed=1" "Mozilla/5.0 (Windows NT 5.1) AppleWebKit/537.36 (KHTML, like Gecko) Chrome/32.0.1700.102 Safari/537.36"
78.11.35.207 - - [14/Jul/2014:16:05:31 +0200] "POST /api/xprovider?attr=index&call=getAttribute HTTP/1.1" 200 283 "-" "-"
172.17.101.84 - - [14/Jul/2014:16:05:31 +0200] "GET /files/i,108036882,1/00000113030041970030002251081310030027587807.tif?page=0&thumbnail=150&rand2=7959 HTTP/1.1" 200 16214 "http://p4altair.p4.org/ui/documents/growser/?documentId=258037057&amp;fileId=108036882&amp;zoom=&amp;leftSideThumbnails=False" "Mozilla/5.0 (Windows NT 6.1) AppleWebKit/537.36 (KHTML, like Gecko) Chrome/35.0.1916.153 Safari/537.36"
172.17.101.84 - - [14/Jul/2014:16:05:31 +0200] "GET /files/i,108036882,1/00000113030041970030002251081310030027587807.tif?page=0 HTTP/1.1" 200 228775 "http://p4altair.p4.org/ui/documents/growser/?documentId=258037057&amp;fileId=108036882&amp;zoom=&amp;leftSideThumbnails=False" "Mozilla/5.0 (Windows NT 6.1) AppleWebKit/537.36 (KHTML, like Gecko) Chrome/35.0.1916.153 Safari/537.36"
78.11.35.207 - - [14/Jul/2014:16:05:31 +0200] "POST /api/xprovider?attr=index&call=getAttribute HTTP/1.1" 200 235 "-" "-"
172.17.105.52 - - [14/Jul/2014:16:05:31 +0200] "GET /files/i,130600454,1/19271906.tif?info=jsonp&callback=Request.JSONP.request_map.request_0&random=48703 HTTP/1.1" 200 53 "http://p4altair.p4.org/ui/documents/growser/?documentId=280602554&amp;fileId=130600454&amp;leftSideThumbnails=False" "Mozilla/5.0 (Windows NT 5.1) AppleWebKit/537.36 (KHTML, like Gecko) Chrome/32.0.1700.102 Safari/537.36"
172.17.105.52 - - [14/Jul/2014:16:05:31 +0200] "GET /api/avatar?_random=0.5284847489092499 HTTP/1.1" 200 160 "http://p4altair.p4.org/ui/documents/growser/?documentId=280602554&amp;fileId=130600454&amp;leftSideThumbnails=False" "Mozilla/5.0 (Windows NT 5.1) AppleWebKit/537.36 (KHTML, like Gecko) Chrome/32.0.1700.102 Safari/537.36"
172.17.105.52 - - [14/Jul/2014:16:05:31 +0200] "GET /files/i,130599351,1/19270790.tif?page=2&thumbnail=150&rand2=8398 HTTP/1.1" 200 13591 "http://p4altair.p4.org/ui/documents/growser/?documentId=280601451&amp;fileId=130599351&amp;leftSideThumbnails=False" "Mozilla/5.0 (Windows NT 5.1) AppleWebKit/537.36 (KHTML, like Gecko) Chrome/32.0.1700.102 Safari/537.36"
78.11.35.207 - - [14/Jul/2014:16:05:31 +0200] "POST /api/xprovider?attr=index&call=getAttribute HTTP/1.1" 200 225 "-" "-"
172.17.101.84 - - [14/Jul/2014:16:05:31 +0200] "GET /files/i,108036882,1/00000113030041970030002251081310030027587807.tif?page=1&thumbnail=150&rand2=9771 HTTP/1.1" 200 14356 "http://p4altair.p4.org/ui/documents/growser/?documentId=258037057&amp;fileId=108036882&amp;zoom=&amp;leftSideThumbnails=False" "Mozilla/5.0 (Windows NT 6.1) AppleWebKit/537.36 (KHTML, like Gecko) Chrome/35.0.1916.153 Safari/537.36"
78.11.35.207 - - [14/Jul/2014:16:05:31 +0200] "POST /api/xprovider?attr=index&call=getAttribute HTTP/1.1" 200 238 "-" "-"
172.17.105.52 - - [14/Jul/2014:16:05:31 +0200] "GET /files/i,130600454,1/19271906.tif?info=jsonp&page=0&callback=Request.JSONP.request_map.request_1&random=21200 HTTP/1.1" 200 68 "http://p4altair.p4.org/ui/documents/growser/?documentId=280602554&amp;fileId=130600454&amp;leftSideThumbnails=False" "Mozilla/5.0 (Windows NT 5.1) AppleWebKit/537.36 (KHTML, like Gecko) Chrome/32.0.1700.102 Safari/537.36"
172.17.105.52 - - [14/Jul/2014:16:05:31 +0200] "POST /api/global/annotations?call=getInstances&_random=0.4289479600265622 HTTP/1.1" 200 2 "http://p4altair.p4.org/ui/documents/growser/?documentId=280602554&amp;fileId=130600454&amp;leftSideThumbnails=False" "Mozilla/5.0 (Windows NT 5.1) AppleWebKit/537.36 (KHTML, like Gecko) Chrome/32.0.1700.102 Safari/537.36"
78.11.35.207 - - [14/Jul/2014:16:05:31 +0200] "POST /api/xprovider?attr=index&call=getAttribute HTTP/1.1" 200 219 "-" "-"
172.17.105.52 - - [14/Jul/2014:16:05:31 +0200] "GET /files/i,130599351,1/19270790.tif?page=3&thumbnail=150&rand2=9739 HTTP/1.1" 200 6448 "http://p4altair.p4.org/ui/documents/growser/?documentId=280601451&amp;fileId=130599351&amp;leftSideThumbnails=False" "Mozilla/5.0 (Windows NT 5.1) AppleWebKit/537.36 (KHTML, like Gecko) Chrome/32.0.1700.102 Safari/537.36"
78.11.35.207 - - [14/Jul/2014:16:05:32 +0200] "POST /api/xprovider?attr=index&call=getAttribute HTTP/1.1" 200 239 "-" "-"
78.11.35.207 - - [14/Jul/2014:16:05:32 +0200] "POST /api/xprovider?attr=index&call=getAttribute HTTP/1.1" 200 235 "-" "-"
78.11.35.207 - - [14/Jul/2014:16:05:32 +0200] "POST /api/xprovider?attr=index&call=getAttribute HTTP/1.1" 200 251 "-" "-"
78.11.35.207 - - [14/Jul/2014:16:05:32 +0200] "POST /api/xprovider?attr=index&call=getAttribute HTTP/1.1" 200 255 "-" "-"
172.17.101.84 - - [14/Jul/2014:16:05:32 +0200] "GET /files/i,108036882,1/00000113030041970030002251081310030027587807.tif?page=2&thumbnail=150&rand2=5437 HTTP/1.1" 200 8193 "http://p4altair.p4.org/ui/documents/growser/?documentId=258037057&amp;fileId=108036882&amp;zoom=&amp;leftSideThumbnails=False" "Mozilla/5.0 (Windows NT 6.1) AppleWebKit/537.36 (KHTML, like Gecko) Chrome/35.0.1916.153 Safari/537.36"
78.11.35.207 - - [14/Jul/2014:16:05:32 +0200] "POST /api/xprovider?attr=index&call=getAttribute HTTP/1.1" 200 245 "-" "-"
78.11.35.207 - - [14/Jul/2014:16:05:32 +0200] "POST /api/xprovider?attr=index&call=getAttribute HTTP/1.1" 200 295 "-" "-"
78.11.35.207 - - [14/Jul/2014:16:05:32 +0200] "POST /api/xprovider?attr=index&call=getAttribute HTTP/1.1" 200 268 "-" "-"
78.11.35.207 - - [14/Jul/2014:16:05:32 +0200] "POST /api/xprovider?attr=index&call=getAttribute HTTP/1.1" 200 237 "-" "-"
172.17.101.84 - - [14/Jul/2014:16:05:32 +0200] "GET /files/i,108036882,1/00000113030041970030002251081310030027587807.tif?page=3&thumbnail=150&rand2=9969 HTTP/1.1" 200 7272 "http://p4altair.p4.org/ui/documents/growser/?documentId=258037057&amp;fileId=108036882&amp;zoom=&amp;leftSideThumbnails=False" "Mozilla/5.0 (Windows NT 6.1) AppleWebKit/537.36 (KHTML, like Gecko) Chrome/35.0.1916.153 Safari/537.36"
172.17.105.52 - - [14/Jul/2014:16:05:32 +0200] "GET /files/i,130599351,1/19270790.tif?page=4&thumbnail=150&rand2=1833 HTTP/1.1" 200 14613 "http://p4altair.p4.org/ui/documents/growser/?documentId=280601451&amp;fileId=130599351&amp;leftSideThumbnails=False" "Mozilla/5.0 (Windows NT 5.1) AppleWebKit/537.36 (KHTML, like Gecko) Chrome/32.0.1700.102 Safari/537.36"
78.11.35.207 - - [14/Jul/2014:16:05:32 +0200] "POST /api/xprovider?attr=index&call=getAttribute HTTP/1.1" 200 296 "-" "-"
172.17.101.84 - - [14/Jul/2014:16:05:32 +0200] "GET /files/i,108036882,1/00000113030041970030002251081310030027587807.tif?page=4&thumbnail=150&rand2=5503 HTTP/1.1" 200 7748 "http://p4altair.p4.org/ui/documents/growser/?documentId=258037057&amp;fileId=108036882&amp;zoom=&amp;leftSideThumbnails=False" "Mozilla/5.0 (Windows NT 6.1) AppleWebKit/537.36 (KHTML, like Gecko) Chrome/35.0.1916.153 Safari/537.36"
78.11.35.207 - - [14/Jul/2014:16:05:32 +0200] "POST /api/xprovider?attr=index&call=getAttribute HTTP/1.1" 200 241 "-" "-"
172.17.105.52 - - [14/Jul/2014:16:05:32 +0200] "GET /files/i,130600454,1/19271906.tif?page=0 HTTP/1.1" 200 256597 "http://p4altair.p4.org/ui/documents/growser/?documentId=280602554&amp;fileId=130600454&amp;leftSideThumbnails=False" "Mozilla/5.0 (Windows NT 5.1) AppleWebKit/537.36 (KHTML, like Gecko) Chrome/32.0.1700.102 Safari/537.36"
78.11.35.207 - - [14/Jul/2014:16:05:32 +0200] "POST /api/xprovider?attr=index&call=getAttribute HTTP/1.1" 200 243 "-" "-"
78.11.35.207 - - [14/Jul/2014:16:05:32 +0200] "POST /api/xprovider?attr=index&call=getAttribute HTTP/1.1" 200 233 "-" "-"
172.17.105.52 - - [14/Jul/2014:16:05:32 +0200] "GET /files/i,130600454,1/19271906.tif?page=0&thumbnail=150&rand2=9900 HTTP/1.1" 200 16849 "http://p4altair.p4.org/ui/documents/growser/?documentId=280602554&amp;fileId=130600454&amp;leftSideThumbnails=False" "Mozilla/5.0 (Windows NT 5.1) AppleWebKit/537.36 (KHTML, like Gecko) Chrome/32.0.1700.102 Safari/537.36"
78.11.35.207 - - [14/Jul/2014:16:05:33 +0200] "POST /api/xprovider?attr=index&call=getAttribute HTTP/1.1" 200 253 "-" "-"
78.11.35.207 - - [14/Jul/2014:16:05:33 +0200] "POST /api/xprovider?attr=index&call=getAttribute HTTP/1.1" 200 225 "-" "-"
172.17.105.51 - - [14/Jul/2014:16:05:33 +0200] "GET /files/i,130598774,1/19270198.tif?page=3&thumbnail=150&rand2=1403 HTTP/1.1" 200 9047 "http://p4altair.p4.org/ui/documents/growser/?documentId=280600874&amp;fileId=130598774&amp;leftSideThumbnails=False" "Mozilla/5.0 (Windows NT 5.1) AppleWebKit/537.36 (KHTML, like Gecko) Chrome/32.0.1700.102 Safari/537.36"
78.11.35.207 - - [14/Jul/2014:16:05:33 +0200] "POST /api/xprovider?attr=index&call=getAttribute HTTP/1.1" 200 262 "-" "-"
172.17.101.84 - - [14/Jul/2014:16:05:33 +0200] "GET /files/i,108036882,1/00000113030041970030002251081310030027587807.tif?page=5&thumbnail=150&rand2=1755 HTTP/1.1" 200 11877 "http://p4altair.p4.org/ui/documents/growser/?documentId=258037057&amp;fileId=108036882&amp;zoom=&amp;leftSideThumbnails=False" "Mozilla/5.0 (Windows NT 6.1) AppleWebKit/537.36 (KHTML, like Gecko) Chrome/35.0.1916.153 Safari/537.36"
172.17.105.52 - - [14/Jul/2014:16:05:33 +0200] "GET /files/i,130599351,1/19270790.tif?page=5&thumbnail=150&rand2=3643 HTTP/1.1" 200 15189 "http://p4altair.p4.org/ui/documents/growser/?documentId=280601451&amp;fileId=130599351&amp;leftSideThumbnails=False" "Mozilla/5.0 (Windows NT 5.1) AppleWebKit/537.36 (KHTML, like Gecko) Chrome/32.0.1700.102 Safari/537.36"
78.11.35.207 - - [14/Jul/2014:16:05:33 +0200] "POST /api/xprovider?attr=index&call=getAttribute HTTP/1.1" 200 248 "-" "-"
172.17.105.51 - - [14/Jul/2014:16:05:33 +0200] "GET /files/i,130598774,1/19270198.tif?page=4&thumbnail=150&rand2=9512 HTTP/1.1" 200 14156 "http://p4altair.p4.org/ui/documents/growser/?documentId=280600874&amp;fileId=130598774&amp;leftSideThumbnails=False" "Mozilla/5.0 (Windows NT 5.1) AppleWebKit/537.36 (KHTML, like Gecko) Chrome/32.0.1700.102 Safari/537.36"
78.11.35.207 - - [14/Jul/2014:16:05:33 +0200] "POST /api/xprovider?attr=index&call=getAttribute HTTP/1.1" 200 234 "-" "-"
78.11.35.207 - - [14/Jul/2014:16:05:33 +0200] "POST /api/xprovider?attr=index&call=getAttribute HTTP/1.1" 200 238 "-" "-"
78.11.35.207 - - [14/Jul/2014:16:05:33 +0200] "POST /api/avatar?call=startTransaction HTTP/1.1" 204 0 "-" "-"
172.17.105.52 - - [14/Jul/2014:16:05:33 +0200] "GET /files/i,130599351,1/19270790.tif?page=6&thumbnail=150&rand2=9538 HTTP/1.1" 200 12227 "http://p4altair.p4.org/ui/documents/growser/?documentId=280601451&amp;fileId=130599351&amp;leftSideThumbnails=False" "Mozilla/5.0 (Windows NT 5.1) AppleWebKit/537.36 (KHTML, like Gecko) Chrome/32.0.1700.102 Safari/537.36"
192.168.1.80 - - [14/Jul/2014:16:05:33 +0200] "GET /ui/login/?noextloginredirect=1 HTTP/1.1" 302 5 "-" "Mozilla/5.0 (Windows NT 6.1; WOW64) AppleWebKit/537.36 (KHTML, like Gecko) Chrome/35.0.1916.153 Safari/537.36"
172.17.105.52 - - [14/Jul/2014:16:05:33 +0200] "GET /files/i,130600454,1/19271906.tif?page=1&thumbnail=150&rand2=6246 HTTP/1.1" 200 17086 "http://p4altair.p4.org/ui/documents/growser/?documentId=280602554&amp;fileId=130600454&amp;leftSideThumbnails=False" "Mozilla/5.0 (Windows NT 5.1) AppleWebKit/537.36 (KHTML, like Gecko) Chrome/32.0.1700.102 Safari/537.36"
78.11.35.207 - - [14/Jul/2014:16:05:33 +0200] "POST /api/global/classes/System?call=create HTTP/1.1" 200 118 "-" "-"
172.17.101.25 - - [14/Jul/2014:16:05:33 +0200] "GET /ui/login/ HTTP/1.1" 302 5 "http://sso.p4.org/opensso/UI/Login?goto=http%3A//p4altair.p4.org/ui/login/" "Mozilla/4.0 (compatible; MSIE 7.0; Windows NT 6.1; Trident/7.0; SLCC2; .NET CLR 2.0.50727; .NET CLR 3.5.30729; .NET CLR 3.0.30729; Media Center PC 6.0)"
172.17.105.51 - - [14/Jul/2014:16:05:33 +0200] "GET /files/i,130598774,1/19270198.tif?page=5&thumbnail=150&rand2=6104 HTTP/1.1" 200 14699 "http://p4altair.p4.org/ui/documents/growser/?documentId=280600874&amp;fileId=130598774&amp;leftSideThumbnails=False" "Mozilla/5.0 (Windows NT 5.1) AppleWebKit/537.36 (KHTML, like Gecko) Chrome/32.0.1700.102 Safari/537.36"
172.17.101.84 - - [14/Jul/2014:16:05:33 +0200] "GET /files/i,108036882,1/00000113030041970030002251081310030027587807.tif?page=6&thumbnail=150&rand2=9065 HTTP/1.1" 200 12308 "http://p4altair.p4.org/ui/documents/growser/?documentId=258037057&amp;fileId=108036882&amp;zoom=&amp;leftSideThumbnails=False" "Mozilla/5.0 (Windows NT 6.1) AppleWebKit/537.36 (KHTML, like Gecko) Chrome/35.0.1916.153 Safari/537.36"
172.17.101.25 - - [14/Jul/2014:16:05:33 +0200] "GET /styles/main.css?version=3.2014.24 HTTP/1.1" 200 35533 "http://p4altair.p4.org/ui/documents/categories/" "Mozilla/4.0 (compatible; MSIE 7.0; Windows NT 6.1; Trident/7.0; SLCC2; .NET CLR 2.0.50727; .NET CLR 3.5.30729; .NET CLR 3.0.30729; Media Center PC 6.0)"
172.17.101.25 - - [14/Jul/2014:16:05:33 +0200] "GET /styles/forms.css?version=3.2014.24 HTTP/1.1" 200 15586 "http://p4altair.p4.org/ui/documents/categories/" "Mozilla/4.0 (compatible; MSIE 7.0; Windows NT 6.1; Trident/7.0; SLCC2; .NET CLR 2.0.50727; .NET CLR 3.5.30729; .NET CLR 3.0.30729; Media Center PC 6.0)"
172.17.101.25 - - [14/Jul/2014:16:05:33 +0200] "GET /js/slider.js?version=3.2014.24 HTTP/1.1" 200 10297 "http://p4altair.p4.org/ui/documents/categories/" "Mozilla/4.0 (compatible; MSIE 7.0; Windows NT 6.1; Trident/7.0; SLCC2; .NET CLR 2.0.50727; .NET CLR 3.5.30729; .NET CLR 3.0.30729; Media Center PC 6.0)"
172.17.101.25 - - [14/Jul/2014:16:05:33 +0200] "GET /js/livepipe.js?version=3.2014.24 HTTP/1.1" 200 6463 "http://p4altair.p4.org/ui/documents/categories/" "Mozilla/4.0 (compatible; MSIE 7.0; Windows NT 6.1; Trident/7.0; SLCC2; .NET CLR 2.0.50727; .NET CLR 3.5.30729; .NET CLR 3.0.30729; Media Center PC 6.0)"
