172.17.101.112 - - [14/Jul/2014:16:05:00 +0200] "GET /ui/extauth_router/categories/Altair/?AltairID=135058334&showifone=1&embed=1 HTTP/1.1" 302 5 "http://co.p4.org/details.aspx?sequenceID=687781fabc644574a910dd4ad81ef738&id=81631697&class=CRQIncident2&lockTimeout=-1&lockWarnTime=-1&_tix=1405346632799&framelevel=0" "Mozilla/5.0 (Windows NT 6.1) AppleWebKit/537.36 (KHTML, like Gecko) Chrome/35.0.1916.153 Safari/537.36"
192.168.1.85 - - [14/Jul/2014:16:05:00 +0200] "POST /api/documents/280616830?call=getIndexesValues HTTP/1.1" 200 820 "-" "-"
192.168.1.85 - - [14/Jul/2014:16:05:00 +0200] "POST /api/login HTTP/1.1" 200 193 "-" "-"
192.168.1.85 - - [14/Jul/2014:16:05:00 +0200] "POST /api/documents?id=280616829&call=get HTTP/1.1" 200 118 "-" "-"
192.168.1.85 - - [14/Jul/2014:16:05:00 +0200] "POST /api/documents/280616829?call=getCategories HTTP/1.1" 200 293 "-" "-"
192.168.1.85 - - [14/Jul/2014:16:05:00 +0200] "POST /api/documents?id=280616831&call=get HTTP/1.1" 200 118 "-" "-"
192.168.1.85 - - [14/Jul/2014:16:05:01 +0200] "POST /api/documents/280616829?call=getIndexesValues HTTP/1.1" 200 100 "-" "-"
192.168.1.85 - - [14/Jul/2014:16:05:01 +0200] "POST /api/documents/280616831?call=getCategories HTTP/1.1" 200 293 "-" "-"
192.168.1.85 - - [14/Jul/2014:16:05:01 +0200] "POST /api/documents/280616831?call=getIndexesValues HTTP/1.1" 200 164 "-" "-"
172.17.101.84 - - [14/Jul/2014:16:05:01 +0200] "GET /files/i,108640530,1/00000100030020481265013955691212150021947909.tif?info=jsonp&page=1&callback=Request.JSONP.request_map.request_9&random=56041 HTTP/1.1" 200 68 "http://p4altair.p4.org/ui/documents/growser/?documentId=258640707&amp;fileId=108640530&amp;zoom=&amp;leftSideThumbnails=False" "Mozilla/5.0 (Windows NT 6.1) AppleWebKit/537.36 (KHTML, like Gecko) Chrome/35.0.1916.153 Safari/537.36"
192.168.1.85 - - [14/Jul/2014:16:05:01 +0200] "POST /api/documents/280616831?call=getIndexesValues HTTP/1.1" 200 814 "-" "-"
192.168.1.85 - - [14/Jul/2014:16:05:01 +0200] "POST /api/documents/280616829?call=changeCategoryValues HTTP/1.1" 204 25 "-" "-"
192.168.1.85 - - [14/Jul/2014:16:05:01 +0200] "POST /api/documents?id=280616832&call=get HTTP/1.1" 200 118 "-" "-"
192.168.1.85 - - [14/Jul/2014:16:05:01 +0200] "POST /api/documents?id=280616833&call=get HTTP/1.1" 200 118 "-" "-"
192.168.1.85 - - [14/Jul/2014:16:05:01 +0200] "POST /api/documents/280616832?call=getCategories HTTP/1.1" 200 293 "-" "-"
192.168.1.85 - - [14/Jul/2014:16:05:01 +0200] "POST /api/documents/280616833?call=getCategories HTTP/1.1" 200 293 "-" "-"
192.168.1.85 - - [14/Jul/2014:16:05:01 +0200] "POST /api/documents/280616832?call=getIndexesValues HTTP/1.1" 200 164 "-" "-"
192.168.1.85 - - [14/Jul/2014:16:05:01 +0200] "POST /api/documents/280616833?call=getIndexesValues HTTP/1.1" 200 164 "-" "-"
192.168.1.85 - - [14/Jul/2014:16:05:01 +0200] "POST /api/documents/280616832?call=getIndexesValues HTTP/1.1" 200 820 "-" "-"
192.168.1.85 - - [14/Jul/2014:16:05:01 +0200] "POST /api/documents/280616833?call=getIndexesValues HTTP/1.1" 200 820 "-" "-"
192.168.1.85 - - [14/Jul/2014:16:05:01 +0200] "POST /api/documents?id=280616834&call=get HTTP/1.1" 200 118 "-" "-"
192.168.1.85 - - [14/Jul/2014:16:05:01 +0200] "POST /api/documents/280616834?call=getCategories HTTP/1.1" 200 293 "-" "-"
192.168.1.85 - - [14/Jul/2014:16:05:01 +0200] "POST /api/documents/280616834?call=getIndexesValues HTTP/1.1" 200 164 "-" "-"
192.168.1.85 - - [14/Jul/2014:16:05:01 +0200] "POST /api/documents/280616834?call=getIndexesValues HTTP/1.1" 200 622 "-" "-"
192.168.1.85 - - [14/Jul/2014:16:05:01 +0200] "POST /api/documents?id=280616836&call=get HTTP/1.1" 200 118 "-" "-"
192.168.1.85 - - [14/Jul/2014:16:05:01 +0200] "POST /api/documents?id=280616835&call=get HTTP/1.1" 200 118 "-" "-"
172.17.105.52 - - [14/Jul/2014:16:05:01 +0200] "GET /files/i,130602493,1/19273978.tif?page=3&thumbnail=150&rand2=3481 HTTP/1.1" 200 5385 "http://p4altair.p4.org/ui/documents/growser/?documentId=280604593&amp;fileId=130602493&amp;leftSideThumbnails=False" "Mozilla/5.0 (Windows NT 5.1) AppleWebKit/537.36 (KHTML, like Gecko) Chrome/32.0.1700.102 Safari/537.36"
192.168.1.85 - - [14/Jul/2014:16:05:01 +0200] "POST /api/documents/280616836?call=getCategories HTTP/1.1" 200 293 "-" "-"
192.168.1.85 - - [14/Jul/2014:16:05:01 +0200] "POST /api/documents/280616835?call=getCategories HTTP/1.1" 200 293 "-" "-"
192.168.1.85 - - [14/Jul/2014:16:05:01 +0200] "POST /api/documents/280616836?call=getIndexesValues HTTP/1.1" 200 164 "-" "-"
192.168.1.85 - - [14/Jul/2014:16:05:02 +0200] "POST /api/documents/280616835?call=getIndexesValues HTTP/1.1" 200 164 "-" "-"
172.17.101.84 - - [14/Jul/2014:16:05:02 +0200] "GET /files/i,108640530,1/00000100030020481265013955691212150021947909.tif?page=1 HTTP/1.1" 200 190804 "http://p4altair.p4.org/ui/documents/growser/?documentId=258640707&amp;fileId=108640530&amp;zoom=&amp;leftSideThumbnails=False" "Mozilla/5.0 (Windows NT 6.1) AppleWebKit/537.36 (KHTML, like Gecko) Chrome/35.0.1916.153 Safari/537.36"
172.17.101.112 - - [14/Jul/2014:16:05:02 +0200] "GET /ui/login/?redirect=%2Fui%2Fextauth_router%2Fcategories%2FAltair%2F%3FAltairID%3D135058334%26showifone%3D1%26embed%3D1 HTTP/1.1" 302 5 "http://co.p4.org/details.aspx?sequenceID=687781fabc644574a910dd4ad81ef738&id=81631697&class=CRQIncident2&lockTimeout=-1&lockWarnTime=-1&_tix=1405346632799&framelevel=0" "Mozilla/5.0 (Windows NT 6.1) AppleWebKit/537.36 (KHTML, like Gecko) Chrome/35.0.1916.153 Safari/537.36"
192.168.1.85 - - [14/Jul/2014:16:05:02 +0200] "POST /api/documents/280616836?call=getIndexesValues HTTP/1.1" 200 820 "-" "-"
192.168.1.85 - - [14/Jul/2014:16:05:02 +0200] "POST /api/documents/280616835?call=getIndexesValues HTTP/1.1" 200 820 "-" "-"
172.17.101.112 - - [14/Jul/2014:16:05:02 +0200] "GET /ui/extauth_router/categories/Altair/?AltairID=135058334&showifone=1&embed=1 HTTP/1.1" 302 5 "http://co.p4.org/details.aspx?sequenceID=687781fabc644574a910dd4ad81ef738&id=81631697&class=CRQIncident2&lockTimeout=-1&lockWarnTime=-1&_tix=1405346632799&framelevel=0" "Mozilla/5.0 (Windows NT 6.1) AppleWebKit/537.36 (KHTML, like Gecko) Chrome/35.0.1916.153 Safari/537.36"
192.168.1.85 - - [14/Jul/2014:16:05:02 +0200] "POST /api/documents?id=280616837&call=get HTTP/1.1" 200 118 "-" "-"
192.168.1.85 - - [14/Jul/2014:16:05:02 +0200] "POST /api/documents?id=280616838&call=get HTTP/1.1" 200 118 "-" "-"
192.168.1.85 - - [14/Jul/2014:16:05:02 +0200] "POST /api/documents/280616837?call=getCategories HTTP/1.1" 200 293 "-" "-"
192.168.1.85 - - [14/Jul/2014:16:05:02 +0200] "POST /api/documents/280616838?call=getCategories HTTP/1.1" 200 293 "-" "-"
192.168.1.85 - - [14/Jul/2014:16:05:02 +0200] "POST /api/documents/280616837?call=getIndexesValues HTTP/1.1" 200 164 "-" "-"
192.168.1.85 - - [14/Jul/2014:16:05:02 +0200] "POST /api/documents/280616838?call=getIndexesValues HTTP/1.1" 200 164 "-" "-"
192.168.1.85 - - [14/Jul/2014:16:05:02 +0200] "POST /api/documents/280616837?call=getIndexesValues HTTP/1.1" 200 820 "-" "-"
192.168.1.85 - - [14/Jul/2014:16:05:02 +0200] "POST /api/documents/280616838?call=getIndexesValues HTTP/1.1" 200 820 "-" "-"
192.168.1.85 - - [14/Jul/2014:16:05:02 +0200] "POST /api/documents?id=280616839&call=get HTTP/1.1" 200 118 "-" "-"
192.168.1.85 - - [14/Jul/2014:16:05:02 +0200] "POST /api/documents?id=280616840&call=get HTTP/1.1" 200 118 "-" "-"
192.168.1.85 - - [14/Jul/2014:16:05:02 +0200] "POST /api/documents/280616839?call=getCategories HTTP/1.1" 200 293 "-" "-"
192.168.1.85 - - [14/Jul/2014:16:05:02 +0200] "POST /api/documents/280616840?call=getCategories HTTP/1.1" 200 293 "-" "-"
192.168.1.85 - - [14/Jul/2014:16:05:02 +0200] "POST /api/documents/280616839?call=getIndexesValues HTTP/1.1" 200 164 "-" "-"
192.168.1.85 - - [14/Jul/2014:16:05:02 +0200] "POST /api/documents/280616840?call=getIndexesValues HTTP/1.1" 200 164 "-" "-"
192.168.1.85 - - [14/Jul/2014:16:05:02 +0200] "POST /api/documents/280616839?call=getIndexesValues HTTP/1.1" 200 820 "-" "-"
172.17.101.112 - - [14/Jul/2014:16:05:02 +0200] "GET /ui/documents/extauth/categories/75/?i77=135058334&embed=1&showifone=1 HTTP/1.1" 302 10645 "http://co.p4.org/details.aspx?sequenceID=687781fabc644574a910dd4ad81ef738&id=81631697&class=CRQIncident2&lockTimeout=-1&lockWarnTime=-1&_tix=1405346632799&framelevel=0" "Mozilla/5.0 (Windows NT 6.1) AppleWebKit/537.36 (KHTML, like Gecko) Chrome/35.0.1916.153 Safari/537.36"
172.17.101.112 - - [14/Jul/2014:16:05:02 +0200] "GET /ui/documents/extauth/documents/278479841/ HTTP/1.1" 302 5 "http://co.p4.org/details.aspx?sequenceID=687781fabc644574a910dd4ad81ef738&id=81631697&class=CRQIncident2&lockTimeout=-1&lockWarnTime=-1&_tix=1405346632799&framelevel=0" "Mozilla/5.0 (Windows NT 6.1) AppleWebKit/537.36 (KHTML, like Gecko) Chrome/35.0.1916.153 Safari/537.36"
192.168.1.85 - - [14/Jul/2014:16:05:02 +0200] "POST /api/documents/280616840?call=getIndexesValues HTTP/1.1" 200 820 "-" "-"
192.168.1.85 - - [14/Jul/2014:16:05:02 +0200] "POST /api/documents?id=280616841&call=get HTTP/1.1" 200 118 "-" "-"
192.168.1.85 - - [14/Jul/2014:16:05:03 +0200] "POST /api/documents/280616841?call=getCategories HTTP/1.1" 200 293 "-" "-"
192.168.1.85 - - [14/Jul/2014:16:05:03 +0200] "POST /api/documents/280616841?call=getIndexesValues HTTP/1.1" 200 164 "-" "-"
192.168.1.85 - - [14/Jul/2014:16:05:03 +0200] "POST /api/documents/280616841?call=getIndexesValues HTTP/1.1" 200 821 "-" "-"
192.168.1.85 - - [14/Jul/2014:16:05:03 +0200] "POST /api/global/search/documents?call=search HTTP/1.1" 200 140 "-" "-"
192.168.1.85 - - [14/Jul/2014:16:05:03 +0200] "POST /api/avatar/transient/1?call=len HTTP/1.1" 200 1 "-" "-"
192.168.1.85 - - [14/Jul/2014:16:05:03 +0200] "POST /api/avatar/transient/1?start=0&stop=500&call=get HTTP/1.1" 200 46 "-" "-"
192.168.1.85 - - [14/Jul/2014:16:05:03 +0200] "POST /api/documents?id=280616842&call=get HTTP/1.1" 200 118 "-" "-"
192.168.1.85 - - [14/Jul/2014:16:05:03 +0200] "POST /api/documents/280616842?call=getCategories HTTP/1.1" 200 293 "-" "-"
10.10.33.58 - - [14/Jul/2014:16:05:03 +0200] "POST /api/login HTTP/1.1" 200 164 "-" "Apache CXF 2.6.1"
172.17.101.112 - - [14/Jul/2014:16:05:03 +0200] "GET /styles/main.css?version=3.2014.24 HTTP/1.1" 200 35533 "http://p4altair.p4.org/ui/documents/extauth/documents/278479841/view/?fileNo=&version=&page=&zoom=&moveX=&moveY=" "Mozilla/5.0 (Windows NT 6.1) AppleWebKit/537.36 (KHTML, like Gecko) Chrome/35.0.1916.153 Safari/537.36"
172.17.101.112 - - [14/Jul/2014:16:05:03 +0200] "GET /styles/forms.css?version=3.2014.24 HTTP/1.1" 200 15586 "http://p4altair.p4.org/ui/documents/extauth/documents/278479841/view/?fileNo=&version=&page=&zoom=&moveX=&moveY=" "Mozilla/5.0 (Windows NT 6.1) AppleWebKit/537.36 (KHTML, like Gecko) Chrome/35.0.1916.153 Safari/537.36"
172.17.101.112 - - [14/Jul/2014:16:05:03 +0200] "GET /js/livepipe.js?version=3.2014.24 HTTP/1.1" 200 6463 "http://p4altair.p4.org/ui/documents/extauth/documents/278479841/view/?fileNo=&version=&page=&zoom=&moveX=&moveY=" "Mozilla/5.0 (Windows NT 6.1) AppleWebKit/537.36 (KHTML, like Gecko) Chrome/35.0.1916.153 Safari/537.36"
172.17.101.112 - - [14/Jul/2014:16:05:03 +0200] "GET /js/slider.js?version=3.2014.24 HTTP/1.1" 200 10297 "http://p4altair.p4.org/ui/documents/extauth/documents/278479841/view/?fileNo=&version=&page=&zoom=&moveX=&moveY=" "Mozilla/5.0 (Windows NT 6.1) AppleWebKit/537.36 (KHTML, like Gecko) Chrome/35.0.1916.153 Safari/537.36"
192.168.1.85 - - [14/Jul/2014:16:05:03 +0200] "POST /api/global/search/documents?call=search HTTP/1.1" 200 140 "-" "-"
192.168.1.85 - - [14/Jul/2014:16:05:03 +0200] "POST /api/documents/280616842?call=getIndexesValues HTTP/1.1" 200 164 "-" "-"
10.10.33.58 - - [14/Jul/2014:16:05:03 +0200] "POST /api/global/search/documents?call=search HTTP/1.1" 200 115 "-" "Apache CXF 2.6.1"
192.168.1.85 - - [14/Jul/2014:16:05:03 +0200] "POST /api/avatar/transient/2?call=len HTTP/1.1" 200 1 "-" "-"
172.17.101.112 - - [14/Jul/2014:16:05:03 +0200] "GET /js/scrollbar.js?version=3.2014.24 HTTP/1.1" 200 7923 "http://p4altair.p4.org/ui/documents/extauth/documents/278479841/view/?fileNo=&version=&page=&zoom=&moveX=&moveY=" "Mozilla/5.0 (Windows NT 6.1) AppleWebKit/537.36 (KHTML, like Gecko) Chrome/35.0.1916.153 Safari/537.36"
10.10.33.58 - - [14/Jul/2014:16:05:03 +0200] "GET /api/avatar/transient/1?call=getAll HTTP/1.1" 200 206 "-" "Apache CXF 2.6.1"
192.168.1.85 - - [14/Jul/2014:16:05:03 +0200] "POST /api/avatar/transient/2?start=0&stop=500&call=get HTTP/1.1" 200 46 "-" "-"
172.17.105.52 - - [14/Jul/2014:16:05:03 +0200] "GET /files/i,130602493,1/19273978.tif?info=jsonp&page=3&callback=Request.JSONP.request_map.request_2&random=41541 HTTP/1.1" 200 68 "http://p4altair.p4.org/ui/documents/growser/?documentId=280604593&amp;fileId=130602493&amp;leftSideThumbnails=False" "Mozilla/5.0 (Windows NT 5.1) AppleWebKit/537.36 (KHTML, like Gecko) Chrome/32.0.1700.102 Safari/537.36"
172.17.101.112 - - [14/Jul/2014:16:05:03 +0200] "GET /js/onContent.js?version=3.2014.24 HTTP/1.1" 200 688 "http://p4altair.p4.org/ui/documents/extauth/documents/278479841/view/?fileNo=&version=&page=&zoom=&moveX=&moveY=" "Mozilla/5.0 (Windows NT 6.1) AppleWebKit/537.36 (KHTML, like Gecko) Chrome/35.0.1916.153 Safari/537.36"
172.17.101.112 - - [14/Jul/2014:16:05:03 +0200] "GET /js/console.js?version=3.2014.24 HTTP/1.1" 200 402 "http://p4altair.p4.org/ui/documents/extauth/documents/278479841/view/?fileNo=&version=&page=&zoom=&moveX=&moveY=" "Mozilla/5.0 (Windows NT 6.1) AppleWebKit/537.36 (KHTML, like Gecko) Chrome/35.0.1916.153 Safari/537.36"
10.10.33.58 - - [14/Jul/2014:16:05:03 +0200] "POST /api/avatar?call=logout HTTP/1.1" 204 0 "-" "Apache CXF 2.6.1"
172.17.101.112 - - [14/Jul/2014:16:05:03 +0200] "GET /js/cd3.js?version=3.2014.24 HTTP/1.1" 200 1624 "http://p4altair.p4.org/ui/documents/extauth/documents/278479841/view/?fileNo=&version=&page=&zoom=&moveX=&moveY=" "Mozilla/5.0 (Windows NT 6.1) AppleWebKit/537.36 (KHTML, like Gecko) Chrome/35.0.1916.153 Safari/537.36"
172.17.101.112 - - [14/Jul/2014:16:05:03 +0200] "GET /js/common.js?version=3.2014.24 HTTP/1.1" 200 35752 "http://p4altair.p4.org/ui/documents/extauth/documents/278479841/view/?fileNo=&version=&page=&zoom=&moveX=&moveY=" "Mozilla/5.0 (Windows NT 6.1) AppleWebKit/537.36 (KHTML, like Gecko) Chrome/35.0.1916.153 Safari/537.36"
192.168.1.85 - - [14/Jul/2014:16:05:03 +0200] "POST /api/documents/280616842?call=getIndexesValues HTTP/1.1" 200 821 "-" "-"
172.17.101.112 - - [14/Jul/2014:16:05:03 +0200] "GET /jslang/pl.js?version=3.2014.24 HTTP/1.1" 200 28645 "http://p4altair.p4.org/ui/documents/extauth/documents/278479841/view/?fileNo=&version=&page=&zoom=&moveX=&moveY=" "Mozilla/5.0 (Windows NT 6.1) AppleWebKit/537.36 (KHTML, like Gecko) Chrome/35.0.1916.153 Safari/537.36"
172.17.101.112 - - [14/Jul/2014:16:05:03 +0200] "GET /js/ajax.js?version=3.2014.24 HTTP/1.1" 200 6737 "http://p4altair.p4.org/ui/documents/extauth/documents/278479841/view/?fileNo=&version=&page=&zoom=&moveX=&moveY=" "Mozilla/5.0 (Windows NT 6.1) AppleWebKit/537.36 (KHTML, like Gecko) Chrome/35.0.1916.153 Safari/537.36"
172.17.101.112 - - [14/Jul/2014:16:05:03 +0200] "GET /js/tableview.js?version=3.2014.24 HTTP/1.1" 200 30390 "http://p4altair.p4.org/ui/documents/extauth/documents/278479841/view/?fileNo=&version=&page=&zoom=&moveX=&moveY=" "Mozilla/5.0 (Windows NT 6.1) AppleWebKit/537.36 (KHTML, like Gecko) Chrome/35.0.1916.153 Safari/537.36"
192.168.1.85 - - [14/Jul/2014:16:05:03 +0200] "POST /api/documents?id=280616843&call=get HTTP/1.1" 200 118 "-" "-"
192.168.1.85 - - [14/Jul/2014:16:05:03 +0200] "POST /api/documents/280616843?call=getCategories HTTP/1.1" 200 293 "-" "-"
172.17.101.112 - - [14/Jul/2014:16:05:03 +0200] "GET /js/date.js?version=3.2014.24 HTTP/1.1" 200 16156 "http://p4altair.p4.org/ui/documents/extauth/documents/278479841/view/?fileNo=&version=&page=&zoom=&moveX=&moveY=" "Mozilla/5.0 (Windows NT 6.1) AppleWebKit/537.36 (KHTML, like Gecko) Chrome/35.0.1916.153 Safari/537.36"
172.17.101.112 - - [14/Jul/2014:16:05:03 +0200] "GET /js/prototype.js?version=3.2014.24 HTTP/1.1" 200 140279 "http://p4altair.p4.org/ui/documents/extauth/documents/278479841/view/?fileNo=&version=&page=&zoom=&moveX=&moveY=" "Mozilla/5.0 (Windows NT 6.1) AppleWebKit/537.36 (KHTML, like Gecko) Chrome/35.0.1916.153 Safari/537.36"
192.168.1.85 - - [14/Jul/2014:16:05:03 +0200] "POST /api/documents/280616843?call=getIndexesValues HTTP/1.1" 200 164 "-" "-"
172.17.101.112 - - [14/Jul/2014:16:05:03 +0200] "GET /js/menu.js?version=3.2014.24 HTTP/1.1" 200 20056 "http://p4altair.p4.org/ui/documents/extauth/documents/278479841/view/?fileNo=&version=&page=&zoom=&moveX=&moveY=" "Mozilla/5.0 (Windows NT 6.1) AppleWebKit/537.36 (KHTML, like Gecko) Chrome/35.0.1916.153 Safari/537.36"
172.17.101.112 - - [14/Jul/2014:16:05:03 +0200] "GET /js/windowutils.js?version=3.2014.24 HTTP/1.1" 200 17743 "http://p4altair.p4.org/ui/documents/extauth/documents/278479841/view/?fileNo=&version=&page=&zoom=&moveX=&moveY=" "Mozilla/5.0 (Windows NT 6.1) AppleWebKit/537.36 (KHTML, like Gecko) Chrome/35.0.1916.153 Safari/537.36"
172.17.101.112 - - [14/Jul/2014:16:05:03 +0200] "GET /js/zeroclipboard/zeroclipboard.js?version=3.2014.24 HTTP/1.1" 200 9784 "http://p4altair.p4.org/ui/documents/extauth/documents/278479841/view/?fileNo=&version=&page=&zoom=&moveX=&moveY=" "Mozilla/5.0 (Windows NT 6.1) AppleWebKit/537.36 (KHTML, like Gecko) Chrome/35.0.1916.153 Safari/537.36"
172.17.101.112 - - [14/Jul/2014:16:05:03 +0200] "GET /js/forms.js?version=3.2014.24 HTTP/1.1" 200 73825 "http://p4altair.p4.org/ui/documents/extauth/documents/278479841/view/?fileNo=&version=&page=&zoom=&moveX=&moveY=" "Mozilla/5.0 (Windows NT 6.1) AppleWebKit/537.36 (KHTML, like Gecko) Chrome/35.0.1916.153 Safari/537.36"
172.17.101.112 - - [14/Jul/2014:16:05:03 +0200] "GET /js/error_utils.js?version=3.2014.24 HTTP/1.1" 200 3742 "http://p4altair.p4.org/ui/documents/extauth/documents/278479841/view/?fileNo=&version=&page=&zoom=&moveX=&moveY=" "Mozilla/5.0 (Windows NT 6.1) AppleWebKit/537.36 (KHTML, like Gecko) Chrome/35.0.1916.153 Safari/537.36"
172.17.101.112 - - [14/Jul/2014:16:05:03 +0200] "GET /js/builder.js?version=3.2014.24 HTTP/1.1" 200 4744 "http://p4altair.p4.org/ui/documents/extauth/documents/278479841/view/?fileNo=&version=&page=&zoom=&moveX=&moveY=" "Mozilla/5.0 (Windows NT 6.1) AppleWebKit/537.36 (KHTML, like Gecko) Chrome/35.0.1916.153 Safari/537.36"
192.168.1.85 - - [14/Jul/2014:16:05:03 +0200] "POST /api/documents/280616843?call=getIndexesValues HTTP/1.1" 200 821 "-" "-"
172.17.101.112 - - [14/Jul/2014:16:05:03 +0200] "GET /js/effects.js?version=3.2014.24 HTTP/1.1" 200 38572 "http://p4altair.p4.org/ui/documents/extauth/documents/278479841/view/?fileNo=&version=&page=&zoom=&moveX=&moveY=" "Mozilla/5.0 (Windows NT 6.1) AppleWebKit/537.36 (KHTML, like Gecko) Chrome/35.0.1916.153 Safari/537.36"
172.17.101.112 - - [14/Jul/2014:16:05:03 +0200] "GET /js/window.js?version=3.2014.24 HTTP/1.1" 200 68717 "http://p4altair.p4.org/ui/documents/extauth/documents/278479841/view/?fileNo=&version=&page=&zoom=&moveX=&moveY=" "Mozilla/5.0 (Windows NT 6.1) AppleWebKit/537.36 (KHTML, like Gecko) Chrome/35.0.1916.153 Safari/537.36"
192.168.1.85 - - [14/Jul/2014:16:05:03 +0200] "POST /api/documents?id=280616844&call=get HTTP/1.1" 200 118 "-" "-"
192.168.1.85 - - [14/Jul/2014:16:05:03 +0200] "POST /api/documents?id=280616845&call=get HTTP/1.1" 200 118 "-" "-"
172.17.101.112 - - [14/Jul/2014:16:05:03 +0200] "GET /ui/documents/extauth/documents/278479841/view/?fileNo=&version=&page=&zoom=&moveX=&moveY= HTTP/1.1" 200 16669 "http://co.p4.org/details.aspx?sequenceID=687781fabc644574a910dd4ad81ef738&id=81631697&class=CRQIncident2&lockTimeout=-1&lockWarnTime=-1&_tix=1405346632799&framelevel=0" "Mozilla/5.0 (Windows NT 6.1) AppleWebKit/537.36 (KHTML, like Gecko) Chrome/35.0.1916.153 Safari/537.36"
192.168.1.85 - - [14/Jul/2014:16:05:03 +0200] "POST /api/documents/280616844?call=getCategories HTTP/1.1" 200 293 "-" "-"
192.168.1.85 - - [14/Jul/2014:16:05:03 +0200] "POST /api/documents/280616845?call=getCategories HTTP/1.1" 200 293 "-" "-"
192.168.1.85 - - [14/Jul/2014:16:05:03 +0200] "POST /api/documents/280616844?call=getIndexesValues HTTP/1.1" 200 164 "-" "-"
192.168.1.85 - - [14/Jul/2014:16:05:03 +0200] "POST /api/documents/280616845?call=getIndexesValues HTTP/1.1" 200 164 "-" "-"
192.168.1.85 - - [14/Jul/2014:16:05:03 +0200] "POST /api/documents/280616844?call=getIndexesValues HTTP/1.1" 200 821 "-" "-"
172.17.101.112 - - [14/Jul/2014:16:05:03 +0200] "GET /ui/documents/growser/?documentId=278479841&amp;fileId=128479637&amp;zoom=&amp;leftSideThumbnails=False HTTP/1.1" 200 3760 "http://p4altair.p4.org/ui/documents/extauth/documents/278479841/view/?fileNo=&version=&page=&zoom=&moveX=&moveY=" "Mozilla/5.0 (Windows NT 6.1) AppleWebKit/537.36 (KHTML, like Gecko) Chrome/35.0.1916.153 Safari/537.36"
192.168.1.85 - - [14/Jul/2014:16:05:03 +0200] "POST /api/documents/280616845?call=getIndexesValues HTTP/1.1" 200 821 "-" "-"
192.168.1.85 - - [14/Jul/2014:16:05:03 +0200] "POST /api/documents?id=280616846&call=get HTTP/1.1" 200 118 "-" "-"
192.168.1.85 - - [14/Jul/2014:16:05:03 +0200] "POST /api/documents/280616846?call=getCategories HTTP/1.1" 200 293 "-" "-"
192.168.1.85 - - [14/Jul/2014:16:05:03 +0200] "POST /api/documents/280616846?call=getIndexesValues HTTP/1.1" 200 164 "-" "-"
192.168.1.85 - - [14/Jul/2014:16:05:03 +0200] "POST /api/documents?id=280616847&call=get HTTP/1.1" 200 118 "-" "-"
172.17.101.112 - - [14/Jul/2014:16:05:04 +0200] "GET /js/wfforms/moo-more.js?version=3.2014.24 HTTP/1.1" 200 57461 "http://p4altair.p4.org/ui/documents/growser/?documentId=278479841&amp;fileId=128479637&amp;zoom=&amp;leftSideThumbnails=False" "Mozilla/5.0 (Windows NT 6.1) AppleWebKit/537.36 (KHTML, like Gecko) Chrome/35.0.1916.153 Safari/537.36"
172.17.101.112 - - [14/Jul/2014:16:05:04 +0200] "GET /js/utils.js?version=3.2014.24 HTTP/1.1" 200 1675 "http://p4altair.p4.org/ui/documents/growser/?documentId=278479841&amp;fileId=128479637&amp;zoom=&amp;leftSideThumbnails=False" "Mozilla/5.0 (Windows NT 6.1) AppleWebKit/537.36 (KHTML, like Gecko) Chrome/35.0.1916.153 Safari/537.36"
172.17.101.112 - - [14/Jul/2014:16:05:04 +0200] "GET /js/deferred.js?version=3.2014.24 HTTP/1.1" 200 8964 "http://p4altair.p4.org/ui/documents/growser/?documentId=278479841&amp;fileId=128479637&amp;zoom=&amp;leftSideThumbnails=False" "Mozilla/5.0 (Windows NT 6.1) AppleWebKit/537.36 (KHTML, like Gecko) Chrome/35.0.1916.153 Safari/537.36"
172.17.101.112 - - [14/Jul/2014:16:05:04 +0200] "GET /js/wfforms/cd_api.js?version=3.2014.24 HTTP/1.1" 200 5107 "http://p4altair.p4.org/ui/documents/growser/?documentId=278479841&amp;fileId=128479637&amp;zoom=&amp;leftSideThumbnails=False" "Mozilla/5.0 (Windows NT 6.1) AppleWebKit/537.36 (KHTML, like Gecko) Chrome/35.0.1916.153 Safari/537.36"
192.168.1.85 - - [14/Jul/2014:16:05:04 +0200] "POST /api/documents/280616847?call=getCategories HTTP/1.1" 200 293 "-" "-"
172.17.105.52 - - [14/Jul/2014:16:05:04 +0200] "GET /files/i,130602493,1/19273978.tif?page=3 HTTP/1.1" 200 69793 "http://p4altair.p4.org/ui/documents/growser/?documentId=280604593&amp;fileId=130602493&amp;leftSideThumbnails=False" "Mozilla/5.0 (Windows NT 5.1) AppleWebKit/537.36 (KHTML, like Gecko) Chrome/32.0.1700.102 Safari/537.36"
172.17.101.112 - - [14/Jul/2014:16:05:04 +0200] "GET /styles/growser.css?version=3.2014.24 HTTP/1.1" 200 8898 "http://p4altair.p4.org/ui/documents/growser/?documentId=278479841&amp;fileId=128479637&amp;zoom=&amp;leftSideThumbnails=False" "Mozilla/5.0 (Windows NT 6.1) AppleWebKit/537.36 (KHTML, like Gecko) Chrome/35.0.1916.153 Safari/537.36"
172.17.101.112 - - [14/Jul/2014:16:05:04 +0200] "GET /js/printing.js?version=3.2014.24 HTTP/1.1" 200 3534 "http://p4altair.p4.org/ui/documents/growser/?documentId=278479841&amp;fileId=128479637&amp;zoom=&amp;leftSideThumbnails=False" "Mozilla/5.0 (Windows NT 6.1) AppleWebKit/537.36 (KHTML, like Gecko) Chrome/35.0.1916.153 Safari/537.36"
192.168.1.85 - - [14/Jul/2014:16:05:04 +0200] "POST /api/documents/280616847?call=getIndexesValues HTTP/1.1" 200 164 "-" "-"
172.17.101.112 - - [14/Jul/2014:16:05:04 +0200] "GET /js/growser.js?version=3.2014.24 HTTP/1.1" 200 85190 "http://p4altair.p4.org/ui/documents/growser/?documentId=278479841&amp;fileId=128479637&amp;zoom=&amp;leftSideThumbnails=False" "Mozilla/5.0 (Windows NT 6.1) AppleWebKit/537.36 (KHTML, like Gecko) Chrome/35.0.1916.153 Safari/537.36"
172.17.101.112 - - [14/Jul/2014:16:05:04 +0200] "GET /js/wfforms/moo-core.js?version=3.2014.24 HTTP/1.1" 200 105304 "http://p4altair.p4.org/ui/documents/growser/?documentId=278479841&amp;fileId=128479637&amp;zoom=&amp;leftSideThumbnails=False" "Mozilla/5.0 (Windows NT 6.1) AppleWebKit/537.36 (KHTML, like Gecko) Chrome/35.0.1916.153 Safari/537.36"
192.168.1.85 - - [14/Jul/2014:16:05:04 +0200] "POST /api/documents/280616846?call=getIndexesValues HTTP/1.1" 200 820 "-" "-"
192.168.1.85 - - [14/Jul/2014:16:05:04 +0200] "POST /api/documents?id=280616848&call=get HTTP/1.1" 200 118 "-" "-"
192.168.1.85 - - [14/Jul/2014:16:05:04 +0200] "POST /api/documents/280616848?call=getCategories HTTP/1.1" 200 293 "-" "-"
192.168.1.85 - - [14/Jul/2014:16:05:04 +0200] "POST /api/documents/280616847?call=getIndexesValues HTTP/1.1" 200 821 "-" "-"
192.168.1.85 - - [14/Jul/2014:16:05:04 +0200] "POST /api/documents/280616848?call=getIndexesValues HTTP/1.1" 200 164 "-" "-"
192.168.1.85 - - [14/Jul/2014:16:05:04 +0200] "POST /api/documents/280616848?call=getIndexesValues HTTP/1.1" 200 628 "-" "-"
172.17.101.112 - - [14/Jul/2014:16:05:04 +0200] "GET /files/i,128479637,1/000004210000816316970009837566.tif?info=jsonp&callback=Request.JSONP.request_map.request_0&random=4410 HTTP/1.1" 200 53 "http://p4altair.p4.org/ui/documents/growser/?documentId=278479841&amp;fileId=128479637&amp;zoom=&amp;leftSideThumbnails=False" "Mozilla/5.0 (Windows NT 6.1) AppleWebKit/537.36 (KHTML, like Gecko) Chrome/35.0.1916.153 Safari/537.36"
172.17.101.112 - - [14/Jul/2014:16:05:04 +0200] "GET /api/avatar?_random=0.8973133265972137 HTTP/1.1" 200 159 "http://p4altair.p4.org/ui/documents/growser/?documentId=278479841&amp;fileId=128479637&amp;zoom=&amp;leftSideThumbnails=False" "Mozilla/5.0 (Windows NT 6.1) AppleWebKit/537.36 (KHTML, like Gecko) Chrome/35.0.1916.153 Safari/537.36"
172.17.101.112 - - [14/Jul/2014:16:05:04 +0200] "GET /files/i,128479637,1/000004210000816316970009837566.tif?info=jsonp&page=0&callback=Request.JSONP.request_map.request_1&random=52776 HTTP/1.1" 200 68 "http://p4altair.p4.org/ui/documents/growser/?documentId=278479841&amp;fileId=128479637&amp;zoom=&amp;leftSideThumbnails=False" "Mozilla/5.0 (Windows NT 6.1) AppleWebKit/537.36 (KHTML, like Gecko) Chrome/35.0.1916.153 Safari/537.36"
172.17.101.112 - - [14/Jul/2014:16:05:04 +0200] "POST /api/global/annotations?call=getInstances&_random=0.9307719692587852 HTTP/1.1" 200 2 "http://p4altair.p4.org/ui/documents/growser/?documentId=278479841&amp;fileId=128479637&amp;zoom=&amp;leftSideThumbnails=False" "Mozilla/5.0 (Windows NT 6.1) AppleWebKit/537.36 (KHTML, like Gecko) Chrome/35.0.1916.153 Safari/537.36"
192.168.1.85 - - [14/Jul/2014:16:05:04 +0200] "POST /api/documents?id=280616830&call=get HTTP/1.1" 200 118 "-" "-"
192.168.1.85 - - [14/Jul/2014:16:05:04 +0200] "POST /api/documents/280616830?call=getCategories HTTP/1.1" 200 293 "-" "-"
192.168.1.85 - - [14/Jul/2014:16:05:04 +0200] "POST /api/documents/280616830?call=getIndexesValues HTTP/1.1" 200 100 "-" "-"
192.168.1.85 - - [14/Jul/2014:16:05:04 +0200] "POST /api/documents/280616830?call=changeCategoryValues HTTP/1.1" 204 25 "-" "-"
172.17.101.112 - - [14/Jul/2014:16:05:05 +0200] "GET /files/i,128479637,1/000004210000816316970009837566.tif?page=0 HTTP/1.1" 200 81661 "http://p4altair.p4.org/ui/documents/growser/?documentId=278479841&amp;fileId=128479637&amp;zoom=&amp;leftSideThumbnails=False" "Mozilla/5.0 (Windows NT 6.1) AppleWebKit/537.36 (KHTML, like Gecko) Chrome/35.0.1916.153 Safari/537.36"
172.17.101.112 - - [14/Jul/2014:16:05:05 +0200] "GET /files/i,128479637,1/000004210000816316970009837566.tif?page=0&thumbnail=150&rand2=1233 HTTP/1.1" 200 7914 "http://p4altair.p4.org/ui/documents/growser/?documentId=278479841&amp;fileId=128479637&amp;zoom=&amp;leftSideThumbnails=False" "Mozilla/5.0 (Windows NT 6.1) AppleWebKit/537.36 (KHTML, like Gecko) Chrome/35.0.1916.153 Safari/537.36"
172.17.101.112 - - [14/Jul/2014:16:05:05 +0200] "GET /files/i,128479637,1/000004210000816316970009837566.tif?page=1&thumbnail=150&rand2=7139 HTTP/1.1" 200 11763 "http://p4altair.p4.org/ui/documents/growser/?documentId=278479841&amp;fileId=128479637&amp;zoom=&amp;leftSideThumbnails=False" "Mozilla/5.0 (Windows NT 6.1) AppleWebKit/537.36 (KHTML, like Gecko) Chrome/35.0.1916.153 Safari/537.36"
192.168.1.85 - - [14/Jul/2014:16:05:05 +0200] "POST /api/documents?id=280616831&call=get HTTP/1.1" 200 118 "-" "-"
192.168.1.85 - - [14/Jul/2014:16:05:05 +0200] "POST /api/documents/280616831?call=getCategories HTTP/1.1" 200 293 "-" "-"
192.168.1.85 - - [14/Jul/2014:16:05:05 +0200] "POST /api/documents/280616831?call=getIndexesValues HTTP/1.1" 200 100 "-" "-"
192.168.1.85 - - [14/Jul/2014:16:05:05 +0200] "POST /api/documents/280616831?call=changeCategoryValues HTTP/1.1" 204 25 "-" "-"
172.17.101.84 - - [14/Jul/2014:16:05:06 +0200] "GET /ui/extauth_router/categories/Altair/?AltairID=101006525&showifone=1&embed=1 HTTP/1.1" 302 5 "http://co.p4.org/details.aspx?sequenceID=328bba4825d348838a538b31a3ddbc31&id=53122937&class=CRQIncident&lockTimeout=-1&lockWarnTime=-1&framelevel=0" "Mozilla/5.0 (Windows NT 6.1) AppleWebKit/537.36 (KHTML, like Gecko) Chrome/35.0.1916.153 Safari/537.36"
192.168.1.85 - - [14/Jul/2014:16:05:06 +0200] "POST /api/documents?id=280616832&call=get HTTP/1.1" 200 118 "-" "-"
192.168.1.85 - - [14/Jul/2014:16:05:06 +0200] "POST /api/documents/280616832?call=getCategories HTTP/1.1" 200 293 "-" "-"
192.168.1.85 - - [14/Jul/2014:16:05:06 +0200] "POST /api/documents/280616832?call=getIndexesValues HTTP/1.1" 200 100 "-" "-"
172.17.101.84 - - [14/Jul/2014:16:05:06 +0200] "GET /ui/documents/extauth/categories/75/?i77=101006525&embed=1&showifone=1 HTTP/1.1" 302 10643 "http://co.p4.org/details.aspx?sequenceID=328bba4825d348838a538b31a3ddbc31&id=53122937&class=CRQIncident&lockTimeout=-1&lockWarnTime=-1&framelevel=0" "Mozilla/5.0 (Windows NT 6.1) AppleWebKit/537.36 (KHTML, like Gecko) Chrome/35.0.1916.153 Safari/537.36"
172.17.101.84 - - [14/Jul/2014:16:05:06 +0200] "GET /ui/documents/extauth/documents/258640707/ HTTP/1.1" 302 5 "http://co.p4.org/details.aspx?sequenceID=328bba4825d348838a538b31a3ddbc31&id=53122937&class=CRQIncident&lockTimeout=-1&lockWarnTime=-1&framelevel=0" "Mozilla/5.0 (Windows NT 6.1) AppleWebKit/537.36 (KHTML, like Gecko) Chrome/35.0.1916.153 Safari/537.36"
192.168.1.85 - - [14/Jul/2014:16:05:06 +0200] "POST /api/documents/280616832?call=changeCategoryValues HTTP/1.1" 204 25 "-" "-"
172.17.105.52 - - [14/Jul/2014:16:05:06 +0200] "GET /ui/documents/extauth/documents/280602555/view/?embed=1 HTTP/1.1" 302 5 "-" "Mozilla/5.0 (Windows NT 5.1) AppleWebKit/537.36 (KHTML, like Gecko) Chrome/32.0.1700.102 Safari/537.36"
192.168.1.85 - - [14/Jul/2014:16:05:06 +0200] "POST /api/documents?id=280616833&call=get HTTP/1.1" 200 118 "-" "-"
192.168.1.85 - - [14/Jul/2014:16:05:06 +0200] "POST /api/documents/280616833?call=getCategories HTTP/1.1" 200 293 "-" "-"
192.168.1.85 - - [14/Jul/2014:16:05:06 +0200] "POST /api/documents/280616833?call=getIndexesValues HTTP/1.1" 200 100 "-" "-"
192.168.1.85 - - [14/Jul/2014:16:05:06 +0200] "POST /api/documents?id=280616836&call=get HTTP/1.1" 200 118 "-" "-"
192.168.1.85 - - [14/Jul/2014:16:05:06 +0200] "POST /api/documents/280616836?call=getCategories HTTP/1.1" 200 293 "-" "-"
192.168.1.85 - - [14/Jul/2014:16:05:06 +0200] "POST /api/documents/280616836?call=getIndexesValues HTTP/1.1" 200 100 "-" "-"
192.168.1.85 - - [14/Jul/2014:16:05:07 +0200] "POST /api/documents/280616833?call=changeCategoryValues HTTP/1.1" 204 25 "-" "-"
172.17.101.84 - - [14/Jul/2014:16:05:07 +0200] "GET /ui/documents/extauth/documents/258640707/view/?fileNo=&version=&page=&zoom=&moveX=&moveY= HTTP/1.1" 200 16708 "http://co.p4.org/details.aspx?sequenceID=328bba4825d348838a538b31a3ddbc31&id=53122937&class=CRQIncident&lockTimeout=-1&lockWarnTime=-1&framelevel=0" "Mozilla/5.0 (Windows NT 6.1) AppleWebKit/537.36 (KHTML, like Gecko) Chrome/35.0.1916.153 Safari/537.36"
192.168.1.85 - - [14/Jul/2014:16:05:07 +0200] "POST /api/documents?id=280616835&call=get HTTP/1.1" 200 118 "-" "-"
192.168.1.85 - - [14/Jul/2014:16:05:07 +0200] "POST /api/documents/280616835?call=getCategories HTTP/1.1" 200 293 "-" "-"
192.168.1.85 - - [14/Jul/2014:16:05:07 +0200] "POST /api/documents/280616835?call=getIndexesValues HTTP/1.1" 200 100 "-" "-"
192.168.1.85 - - [14/Jul/2014:16:05:07 +0200] "POST /api/documents/280616836?call=changeCategoryValues HTTP/1.1" 204 25 "-" "-"
192.168.1.85 - - [14/Jul/2014:16:05:07 +0200] "POST /api/documents?id=280616838&call=get HTTP/1.1" 200 118 "-" "-"
192.168.1.85 - - [14/Jul/2014:16:05:07 +0200] "POST /api/documents/280616838?call=getCategories HTTP/1.1" 200 293 "-" "-"
172.17.101.84 - - [14/Jul/2014:16:05:07 +0200] "GET /ui/documents/growser/?documentId=258640707&amp;fileId=108640530&amp;zoom=&amp;leftSideThumbnails=False HTTP/1.1" 200 3802 "http://p4altair.p4.org/ui/documents/extauth/documents/258640707/view/?fileNo=&version=&page=&zoom=&moveX=&moveY=" "Mozilla/5.0 (Windows NT 6.1) AppleWebKit/537.36 (KHTML, like Gecko) Chrome/35.0.1916.153 Safari/537.36"
192.168.1.85 - - [14/Jul/2014:16:05:07 +0200] "POST /api/documents/280616838?call=getIndexesValues HTTP/1.1" 200 100 "-" "-"
192.168.1.85 - - [14/Jul/2014:16:05:07 +0200] "POST /api/documents/280616835?call=changeCategoryValues HTTP/1.1" 204 25 "-" "-"
172.17.101.84 - - [14/Jul/2014:16:05:07 +0200] "GET /files/i,108640530,1/00000100030020481265013955691212150021947909.tif?info=jsonp&callback=Request.JSONP.request_map.request_0&random=53806 HTTP/1.1" 200 53 "http://p4altair.p4.org/ui/documents/growser/?documentId=258640707&amp;fileId=108640530&amp;zoom=&amp;leftSideThumbnails=False" "Mozilla/5.0 (Windows NT 6.1) AppleWebKit/537.36 (KHTML, like Gecko) Chrome/35.0.1916.153 Safari/537.36"
172.17.101.84 - - [14/Jul/2014:16:05:07 +0200] "GET /api/avatar?_random=0.155813280493021 HTTP/1.1" 200 159 "http://p4altair.p4.org/ui/documents/growser/?documentId=258640707&amp;fileId=108640530&amp;zoom=&amp;leftSideThumbnails=False" "Mozilla/5.0 (Windows NT 6.1) AppleWebKit/537.36 (KHTML, like Gecko) Chrome/35.0.1916.153 Safari/537.36"
192.168.1.85 - - [14/Jul/2014:16:05:07 +0200] "POST /api/documents?id=280616837&call=get HTTP/1.1" 200 118 "-" "-"
192.168.1.85 - - [14/Jul/2014:16:05:07 +0200] "POST /api/documents/280616837?call=getCategories HTTP/1.1" 200 293 "-" "-"
192.168.1.85 - - [14/Jul/2014:16:05:07 +0200] "POST /api/documents/280616837?call=getIndexesValues HTTP/1.1" 200 100 "-" "-"
192.168.1.85 - - [14/Jul/2014:16:05:07 +0200] "POST /api/documents/280616838?call=changeCategoryValues HTTP/1.1" 204 25 "-" "-"
172.17.101.84 - - [14/Jul/2014:16:05:07 +0200] "GET /files/i,108640530,1/00000100030020481265013955691212150021947909.tif?info=jsonp&page=0&callback=Request.JSONP.request_map.request_1&random=22038 HTTP/1.1" 200 68 "http://p4altair.p4.org/ui/documents/growser/?documentId=258640707&amp;fileId=108640530&amp;zoom=&amp;leftSideThumbnails=False" "Mozilla/5.0 (Windows NT 6.1) AppleWebKit/537.36 (KHTML, like Gecko) Chrome/35.0.1916.153 Safari/537.36"
192.168.1.85 - - [14/Jul/2014:16:05:07 +0200] "POST /api/documents?id=280616839&call=get HTTP/1.1" 200 118 "-" "-"
172.17.101.84 - - [14/Jul/2014:16:05:07 +0200] "POST /api/global/annotations?call=getInstances&_random=0.09635310131125152 HTTP/1.1" 200 2 "http://p4altair.p4.org/ui/documents/growser/?documentId=258640707&amp;fileId=108640530&amp;zoom=&amp;leftSideThumbnails=False" "Mozilla/5.0 (Windows NT 6.1) AppleWebKit/537.36 (KHTML, like Gecko) Chrome/35.0.1916.153 Safari/537.36"
192.168.1.85 - - [14/Jul/2014:16:05:07 +0200] "POST /api/documents/280616839?call=getCategories HTTP/1.1" 200 293 "-" "-"
192.168.1.85 - - [14/Jul/2014:16:05:07 +0200] "POST /api/documents/280616839?call=getIndexesValues HTTP/1.1" 200 100 "-" "-"
192.168.1.85 - - [14/Jul/2014:16:05:07 +0200] "POST /api/documents/280616837?call=changeCategoryValues HTTP/1.1" 204 25 "-" "-"
172.17.105.52 - - [14/Jul/2014:16:05:07 +0200] "GET /ui/login/?redirect=%2Fui%2Fdocuments%2Fextauth%2Fdocuments%2F280602555%2Fview%2F%3Fembed%3D1 HTTP/1.1" 302 5 "-" "Mozilla/5.0 (Windows NT 5.1) AppleWebKit/537.36 (KHTML, like Gecko) Chrome/32.0.1700.102 Safari/537.36"
192.168.1.85 - - [14/Jul/2014:16:05:07 +0200] "POST /api/documents?id=280616840&call=get HTTP/1.1" 200 118 "-" "-"
192.168.1.85 - - [14/Jul/2014:16:05:07 +0200] "POST /api/documents/280616840?call=getCategories HTTP/1.1" 200 293 "-" "-"
192.168.1.85 - - [14/Jul/2014:16:05:08 +0200] "POST /api/documents/280616839?call=changeCategoryValues HTTP/1.1" 204 25 "-" "-"
192.168.1.85 - - [14/Jul/2014:16:05:08 +0200] "POST /api/documents/280616840?call=getIndexesValues HTTP/1.1" 200 100 "-" "-"
192.168.1.85 - - [14/Jul/2014:16:05:08 +0200] "POST /api/documents?id=280616841&call=get HTTP/1.1" 200 118 "-" "-"
192.168.1.85 - - [14/Jul/2014:16:05:08 +0200] "POST /api/documents/280616841?call=getCategories HTTP/1.1" 200 293 "-" "-"
172.17.105.52 - - [14/Jul/2014:16:05:08 +0200] "GET /ui/documents/extauth/documents/280602555/view/?embed=1 HTTP/1.1" 200 5700 "-" "Mozilla/5.0 (Windows NT 5.1) AppleWebKit/537.36 (KHTML, like Gecko) Chrome/32.0.1700.102 Safari/537.36"
172.17.105.52 - - [14/Jul/2014:16:05:08 +0200] "GET /styles/main.css?version=3.2014.24 HTTP/1.1" 304 0 "http://p4altair.p4.org/ui/documents/extauth/documents/280602555/view/?embed=1" "Mozilla/5.0 (Windows NT 5.1) AppleWebKit/537.36 (KHTML, like Gecko) Chrome/32.0.1700.102 Safari/537.36"
172.17.105.52 - - [14/Jul/2014:16:05:08 +0200] "GET /js/cd3.js?version=3.2014.24 HTTP/1.1" 304 0 "http://p4altair.p4.org/ui/documents/extauth/documents/280602555/view/?embed=1" "Mozilla/5.0 (Windows NT 5.1) AppleWebKit/537.36 (KHTML, like Gecko) Chrome/32.0.1700.102 Safari/537.36"
172.17.105.52 - - [14/Jul/2014:16:05:08 +0200] "GET /js/common.js?version=3.2014.24 HTTP/1.1" 304 0 "http://p4altair.p4.org/ui/documents/extauth/documents/280602555/view/?embed=1" "Mozilla/5.0 (Windows NT 5.1) AppleWebKit/537.36 (KHTML, like Gecko) Chrome/32.0.1700.102 Safari/537.36"
192.168.1.85 - - [14/Jul/2014:16:05:08 +0200] "POST /api/documents/280616841?call=getIndexesValues HTTP/1.1" 200 100 "-" "-"
172.17.105.52 - - [14/Jul/2014:16:05:08 +0200] "GET /jslang/en.js?version=3.2014.24 HTTP/1.1" 304 0 "http://p4altair.p4.org/ui/documents/extauth/documents/280602555/view/?embed=1" "Mozilla/5.0 (Windows NT 5.1) AppleWebKit/537.36 (KHTML, like Gecko) Chrome/32.0.1700.102 Safari/537.36"
172.17.105.52 - - [14/Jul/2014:16:05:08 +0200] "GET /js/tableview.js?version=3.2014.24 HTTP/1.1" 304 0 "http://p4altair.p4.org/ui/documents/extauth/documents/280602555/view/?embed=1" "Mozilla/5.0 (Windows NT 5.1) AppleWebKit/537.36 (KHTML, like Gecko) Chrome/32.0.1700.102 Safari/537.36"
172.17.105.52 - - [14/Jul/2014:16:05:08 +0200] "GET /js/forms.js?version=3.2014.24 HTTP/1.1" 304 0 "http://p4altair.p4.org/ui/documents/extauth/documents/280602555/view/?embed=1" "Mozilla/5.0 (Windows NT 5.1) AppleWebKit/537.36 (KHTML, like Gecko) Chrome/32.0.1700.102 Safari/537.36"
172.17.105.52 - - [14/Jul/2014:16:05:08 +0200] "GET /js/windowutils.js?version=3.2014.24 HTTP/1.1" 304 0 "http://p4altair.p4.org/ui/documents/extauth/documents/280602555/view/?embed=1" "Mozilla/5.0 (Windows NT 5.1) AppleWebKit/537.36 (KHTML, like Gecko) Chrome/32.0.1700.102 Safari/537.36"
192.168.1.85 - - [14/Jul/2014:16:05:08 +0200] "POST /api/documents/280616840?call=changeCategoryValues HTTP/1.1" 204 25 "-" "-"
192.168.1.85 - - [14/Jul/2014:16:05:08 +0200] "POST /api/documents?id=280616842&call=get HTTP/1.1" 200 118 "-" "-"
192.168.1.85 - - [14/Jul/2014:16:05:08 +0200] "POST /api/documents/280616841?call=changeCategoryValues HTTP/1.1" 204 25 "-" "-"
192.168.1.85 - - [14/Jul/2014:16:05:08 +0200] "POST /api/documents/280616842?call=getCategories HTTP/1.1" 200 293 "-" "-"
192.168.1.85 - - [14/Jul/2014:16:05:08 +0200] "POST /api/documents?id=280616843&call=get HTTP/1.1" 200 118 "-" "-"
192.168.1.85 - - [14/Jul/2014:16:05:08 +0200] "POST /api/documents/280616842?call=getIndexesValues HTTP/1.1" 200 100 "-" "-"
192.168.1.85 - - [14/Jul/2014:16:05:08 +0200] "POST /api/documents/280616843?call=getCategories HTTP/1.1" 200 293 "-" "-"
172.17.101.84 - - [14/Jul/2014:16:05:08 +0200] "GET /files/i,108640530,1/00000100030020481265013955691212150021947909.tif?page=0&thumbnail=150&rand2=5552 HTTP/1.1" 200 16656 "http://p4altair.p4.org/ui/documents/growser/?documentId=258640707&amp;fileId=108640530&amp;zoom=&amp;leftSideThumbnails=False" "Mozilla/5.0 (Windows NT 6.1) AppleWebKit/537.36 (KHTML, like Gecko) Chrome/35.0.1916.153 Safari/537.36"
172.17.101.84 - - [14/Jul/2014:16:05:08 +0200] "GET /files/i,108640530,1/00000100030020481265013955691212150021947909.tif?page=0 HTTP/1.1" 200 254542 "http://p4altair.p4.org/ui/documents/growser/?documentId=258640707&amp;fileId=108640530&amp;zoom=&amp;leftSideThumbnails=False" "Mozilla/5.0 (Windows NT 6.1) AppleWebKit/537.36 (KHTML, like Gecko) Chrome/35.0.1916.153 Safari/537.36"
192.168.1.85 - - [14/Jul/2014:16:05:08 +0200] "POST /api/documents/280616843?call=getIndexesValues HTTP/1.1" 200 100 "-" "-"
172.17.105.52 - - [14/Jul/2014:16:05:08 +0200] "GET /ui/documents/growser/?documentId=280602555&amp;fileId=130600455&amp;leftSideThumbnails=False HTTP/1.1" 200 3694 "http://p4altair.p4.org/ui/documents/extauth/documents/280602555/view/?embed=1" "Mozilla/5.0 (Windows NT 5.1) AppleWebKit/537.36 (KHTML, like Gecko) Chrome/32.0.1700.102 Safari/537.36"
172.17.105.52 - - [14/Jul/2014:16:05:08 +0200] "GET /js/wfforms/moo-core.js?version=3.2014.24 HTTP/1.1" 304 0 "http://p4altair.p4.org/ui/documents/growser/?documentId=280602555&amp;fileId=130600455&amp;leftSideThumbnails=False" "Mozilla/5.0 (Windows NT 5.1) AppleWebKit/537.36 (KHTML, like Gecko) Chrome/32.0.1700.102 Safari/537.36"
172.17.105.52 - - [14/Jul/2014:16:05:08 +0200] "GET /js/utils.js?version=3.2014.24 HTTP/1.1" 304 0 "http://p4altair.p4.org/ui/documents/growser/?documentId=280602555&amp;fileId=130600455&amp;leftSideThumbnails=False" "Mozilla/5.0 (Windows NT 5.1) AppleWebKit/537.36 (KHTML, like Gecko) Chrome/32.0.1700.102 Safari/537.36"
172.17.105.52 - - [14/Jul/2014:16:05:08 +0200] "GET /js/growser.js?version=3.2014.24 HTTP/1.1" 304 0 "http://p4altair.p4.org/ui/documents/growser/?documentId=280602555&amp;fileId=130600455&amp;leftSideThumbnails=False" "Mozilla/5.0 (Windows NT 5.1) AppleWebKit/537.36 (KHTML, like Gecko) Chrome/32.0.1700.102 Safari/537.36"
172.17.105.52 - - [14/Jul/2014:16:05:08 +0200] "GET /js/printing.js?version=3.2014.24 HTTP/1.1" 304 0 "http://p4altair.p4.org/ui/documents/growser/?documentId=280602555&amp;fileId=130600455&amp;leftSideThumbnails=False" "Mozilla/5.0 (Windows NT 5.1) AppleWebKit/537.36 (KHTML, like Gecko) Chrome/32.0.1700.102 Safari/537.36"
172.17.105.52 - - [14/Jul/2014:16:05:08 +0200] "GET /styles/growser.css?version=3.2014.24 HTTP/1.1" 304 0 "http://p4altair.p4.org/ui/documents/growser/?documentId=280602555&amp;fileId=130600455&amp;leftSideThumbnails=False" "Mozilla/5.0 (Windows NT 5.1) AppleWebKit/537.36 (KHTML, like Gecko) Chrome/32.0.1700.102 Safari/537.36"
172.17.101.84 - - [14/Jul/2014:16:05:08 +0200] "GET /files/i,108640530,1/00000100030020481265013955691212150021947909.tif?page=1&thumbnail=150&rand2=1480 HTTP/1.1" 200 13122 "http://p4altair.p4.org/ui/documents/growser/?documentId=258640707&amp;fileId=108640530&amp;zoom=&amp;leftSideThumbnails=False" "Mozilla/5.0 (Windows NT 6.1) AppleWebKit/537.36 (KHTML, like Gecko) Chrome/35.0.1916.153 Safari/537.36"
10.10.33.58 - - [14/Jul/2014:16:05:08 +0200] "POST /api/login HTTP/1.1" 200 164 "-" "Apache CXF 2.6.1"
172.17.105.52 - - [14/Jul/2014:16:05:08 +0200] "GET /files/i,130600455,1/19271907.tif?info=jsonp&callback=Request.JSONP.request_map.request_0&random=12752 HTTP/1.1" 200 53 "http://p4altair.p4.org/ui/documents/growser/?documentId=280602555&amp;fileId=130600455&amp;leftSideThumbnails=False" "Mozilla/5.0 (Windows NT 5.1) AppleWebKit/537.36 (KHTML, like Gecko) Chrome/32.0.1700.102 Safari/537.36"
172.17.105.52 - - [14/Jul/2014:16:05:08 +0200] "GET /api/avatar?_random=0.9585821575019509 HTTP/1.1" 200 160 "http://p4altair.p4.org/ui/documents/growser/?documentId=280602555&amp;fileId=130600455&amp;leftSideThumbnails=False" "Mozilla/5.0 (Windows NT 5.1) AppleWebKit/537.36 (KHTML, like Gecko) Chrome/32.0.1700.102 Safari/537.36"
192.168.1.85 - - [14/Jul/2014:16:05:08 +0200] "POST /api/documents/280616842?call=changeCategoryValues HTTP/1.1" 204 25 "-" "-"
10.10.33.58 - - [14/Jul/2014:16:05:08 +0200] "POST /api/global/search/documents?call=search HTTP/1.1" 200 115 "-" "Apache CXF 2.6.1"
192.168.1.85 - - [14/Jul/2014:16:05:08 +0200] "POST /api/documents/280616843?call=changeCategoryValues HTTP/1.1" 204 25 "-" "-"
192.168.1.85 - - [14/Jul/2014:16:05:08 +0200] "POST /api/documents?id=280616844&call=get HTTP/1.1" 200 118 "-" "-"
10.10.33.58 - - [14/Jul/2014:16:05:08 +0200] "GET /api/avatar/transient/1?call=getAll HTTP/1.1" 200 206 "-" "Apache CXF 2.6.1"
192.168.1.85 - - [14/Jul/2014:16:05:08 +0200] "POST /api/documents?id=280616845&call=get HTTP/1.1" 200 118 "-" "-"
192.168.1.85 - - [14/Jul/2014:16:05:08 +0200] "POST /api/documents/280616844?call=getCategories HTTP/1.1" 200 293 "-" "-"
192.168.1.85 - - [14/Jul/2014:16:05:08 +0200] "POST /api/documents/280616845?call=getCategories HTTP/1.1" 200 293 "-" "-"
192.168.1.85 - - [14/Jul/2014:16:05:08 +0200] "POST /api/documents/280616844?call=getIndexesValues HTTP/1.1" 200 100 "-" "-"
172.17.105.52 - - [14/Jul/2014:16:05:08 +0200] "GET /files/i,130600455,1/19271907.tif?info=jsonp&page=0&callback=Request.JSONP.request_map.request_1&random=6967 HTTP/1.1" 200 68 "http://p4altair.p4.org/ui/documents/growser/?documentId=280602555&amp;fileId=130600455&amp;leftSideThumbnails=False" "Mozilla/5.0 (Windows NT 5.1) AppleWebKit/537.36 (KHTML, like Gecko) Chrome/32.0.1700.102 Safari/537.36"
192.168.1.85 - - [14/Jul/2014:16:05:08 +0200] "POST /api/documents/280616845?call=getIndexesValues HTTP/1.1" 200 100 "-" "-"
172.17.105.52 - - [14/Jul/2014:16:05:08 +0200] "POST /api/global/annotations?call=getInstances&_random=0.16788245970383286 HTTP/1.1" 200 2 "http://p4altair.p4.org/ui/documents/growser/?documentId=280602555&amp;fileId=130600455&amp;leftSideThumbnails=False" "Mozilla/5.0 (Windows NT 5.1) AppleWebKit/537.36 (KHTML, like Gecko) Chrome/32.0.1700.102 Safari/537.36"
10.10.33.58 - - [14/Jul/2014:16:05:08 +0200] "POST /api/global/search/documents?call=search HTTP/1.1" 200 115 "-" "Apache CXF 2.6.1"
10.10.33.58 - - [14/Jul/2014:16:05:09 +0200] "GET /api/avatar/transient/2?call=getAll HTTP/1.1" 200 1298 "-" "Apache CXF 2.6.1"
10.10.33.58 - - [14/Jul/2014:16:05:09 +0200] "POST /api/avatar?call=logout HTTP/1.1" 204 0 "-" "Apache CXF 2.6.1"
172.17.101.84 - - [14/Jul/2014:16:05:09 +0200] "GET /files/i,108640530,1/00000100030020481265013955691212150021947909.tif?page=2&thumbnail=150&rand2=250 HTTP/1.1" 200 3890 "http://p4altair.p4.org/ui/documents/growser/?documentId=258640707&amp;fileId=108640530&amp;zoom=&amp;leftSideThumbnails=False" "Mozilla/5.0 (Windows NT 6.1) AppleWebKit/537.36 (KHTML, like Gecko) Chrome/35.0.1916.153 Safari/537.36"
192.168.1.85 - - [14/Jul/2014:16:05:09 +0200] "POST /api/documents/280616844?call=changeCategoryValues HTTP/1.1" 204 25 "-" "-"
192.168.1.85 - - [14/Jul/2014:16:05:09 +0200] "POST /api/documents/280616845?call=changeCategoryValues HTTP/1.1" 204 25 "-" "-"
192.168.1.85 - - [14/Jul/2014:16:05:09 +0200] "POST /api/documents?id=280616846&call=get HTTP/1.1" 200 118 "-" "-"
192.168.1.85 - - [14/Jul/2014:16:05:09 +0200] "POST /api/documents/280616846?call=getCategories HTTP/1.1" 200 293 "-" "-"
192.168.1.85 - - [14/Jul/2014:16:05:09 +0200] "POST /api/documents?id=280616847&call=get HTTP/1.1" 200 118 "-" "-"
192.168.1.85 - - [14/Jul/2014:16:05:09 +0200] "POST /api/documents/280616846?call=getIndexesValues HTTP/1.1" 200 100 "-" "-"
192.168.1.85 - - [14/Jul/2014:16:05:09 +0200] "POST /api/documents/280616847?call=getCategories HTTP/1.1" 200 293 "-" "-"
192.168.1.85 - - [14/Jul/2014:16:05:09 +0200] "POST /api/documents/280616847?call=getIndexesValues HTTP/1.1" 200 100 "-" "-"
172.17.101.84 - - [14/Jul/2014:16:05:09 +0200] "GET /files/i,108640530,1/00000100030020481265013955691212150021947909.tif?page=3&thumbnail=150&rand2=335 HTTP/1.1" 200 3638 "http://p4altair.p4.org/ui/documents/growser/?documentId=258640707&amp;fileId=108640530&amp;zoom=&amp;leftSideThumbnails=False" "Mozilla/5.0 (Windows NT 6.1) AppleWebKit/537.36 (KHTML, like Gecko) Chrome/35.0.1916.153 Safari/537.36"
192.168.1.85 - - [14/Jul/2014:16:05:09 +0200] "POST /api/documents/280616846?call=changeCategoryValues HTTP/1.1" 204 25 "-" "-"
192.168.1.85 - - [14/Jul/2014:16:05:09 +0200] "POST /api/documents/280616847?call=changeCategoryValues HTTP/1.1" 204 25 "-" "-"
172.17.101.79 - - [14/Jul/2014:16:05:09 +0200] "GET /ui/documents/ HTTP/1.1" 302 5 "-" "Mozilla/4.0 (compatible; MSIE 7.0; Windows NT 6.1; Trident/7.0; SLCC2; .NET CLR 2.0.50727; .NET CLR 3.5.30729; .NET CLR 3.0.30729; Media Center PC 6.0)"
172.17.105.52 - - [14/Jul/2014:16:05:09 +0200] "GET /files/i,130600455,1/19271907.tif?page=0&thumbnail=150&rand2=3606 HTTP/1.1" 200 17181 "http://p4altair.p4.org/ui/documents/growser/?documentId=280602555&amp;fileId=130600455&amp;leftSideThumbnails=False" "Mozilla/5.0 (Windows NT 5.1) AppleWebKit/537.36 (KHTML, like Gecko) Chrome/32.0.1700.102 Safari/537.36"
172.17.105.52 - - [14/Jul/2014:16:05:10 +0200] "GET /files/i,130600455,1/19271907.tif?page=0 HTTP/1.1" 200 257068 "http://p4altair.p4.org/ui/documents/growser/?documentId=280602555&amp;fileId=130600455&amp;leftSideThumbnails=False" "Mozilla/5.0 (Windows NT 5.1) AppleWebKit/537.36 (KHTML, like Gecko) Chrome/32.0.1700.102 Safari/537.36"
